2024-10-30 10:19:56.614670-0300 0x1e924    Default     0x0                  4485   0    Safari: (ShareKit) [com.apple.sharekit:Framework] Matching dictionary: <private>, attributesArray: <private>
2024-10-30 10:19:56.616358-0300 0x1e6b4    Error       0x0                  0      0    kernel: (Sandbox) 20 duplicate reports for Sandbox: com.apple.WebKit.Networking(4490) deny(1) mach-lookup com.apple.diagnosticd
2024-10-30 10:19:56.616365-0300 0x1e079    Default     0x0                  492    0    nesessionmanager: [com.apple.networkextension:] Got a new agent client connection from com.apple.WebKit.Networking(4490)
2024-10-30 10:19:56.615070-0300 0xa568     Activity    0x59edb              4485   0    Safari: (SafariSharedUI) Site Metadata Request
2024-10-30 10:19:56.616363-0300 0x1e6b4    Default     0x0                  0      0    kernel: (Sandbox) Sandbox: com.apple.WebKit.Networking(4490) allow socket-option-set level:65535 name:131072
2024-10-30 10:19:56.615127-0300 0xa568     Default     0x59edb              4485   0    Safari: (SafariSharedUI) [com.apple.SafariShared:SiteMetadata] Beginning site metadata request for <mask.hash: 'cl9auWU7CDRd8H1QsgrY5w=='>
2024-10-30 10:19:56.616422-0300 0x1e950    Error       0x0                  0      0    kernel: (Sandbox) Sandbox: com.apple.WebKit.Networking(4490) deny(1) mach-lookup com.apple.diagnosticd
2024-10-30 10:19:56.616630-0300 0x1e941    Default     0x0                  11717  0    com.apple.WebKit.WebContent: (WebCore) [com.apple.WebKit:Network] 0x10a02f480 - [pageID=802, frameID=2, frameLoader=0x10a0f8340, resourceID=11] ResourceLoader::willSendRequestInternal: calling completion handler
2024-10-30 10:19:56.616611-0300 0x1e59a    Default     0x59edc              644    0    pkd: (LaunchServices) [com.apple.launchservices:default] Waiting on thread <private> until Launch Services database seeding is complete.
2024-10-30 10:19:56.614787-0300 0x1e8d2    Default     0x0                  4485   0    Safari: (ShareKit) [com.apple.sharekit:Framework] Discover extensions with attributes <private>
2024-10-30 10:19:56.616655-0300 0x1e967    Default     0x0                  0      0    kernel: (AppleMobileFileIntegrity) Root installed system service allowed: /System/Volumes/Preboot/Cryptexes/App/System/Library/StagedFrameworks/Safari/WebKit.framework/Versions/A/XPCServices/com.apple.WebKit.WebContent.xpc/Contents/MacOS/com.apple.WebKit.WebContent
2024-10-30 10:19:56.615176-0300 0x1e407    Default     0x0                  465    0    mDNSResponder: [com.apple.mdns:dnssd_server] [R4621] getaddrinfo stop -- hostname: <mask.hash: 'k2E7PpDkKgCa7QgrtY9xqQ=='>, client pid: 4490 (com.apple.WebKi)
2024-10-30 10:19:56.616650-0300 0x1e941    Default     0x0                  11717  0    com.apple.WebKit.WebContent: (WebCore) [com.apple.WebKit:ResourceLoading] 0x10a02f480 - [pageID=802, frameID=2, frameLoader=0x10a0f8340, resourceID=11] SubresourceLoader::willSendRequestInternal: resource load finished; calling completion handler
2024-10-30 10:19:56.616263-0300 0x1e158    Default     0x0                  608    0    com.google.santa.daemon: action=EXEC|decision=ALLOW|reason=BINARY|explain=critical system binary|sha256=7eea36a2c193ab8f0902be9718a7e1400d229193680deef3fd64fe74df45bf0a|cert_sha256=d84db96af8c2e60ac4c851a21ec460f6f84e0235beb17d24a78712b9b021ed57|cert_cn=Software Signing|pid=11718|pidversion=24981|ppid=1|uid=0|user=root|gid=0|group=wheel|mode=M|path=/usr/libexec/xpcproxy|args=xpcproxy com.apple.WebKit.WebContent.16AEBF2C-0304-40D2-94CE-E52DAE4021EB 4485
2024-10-30 10:19:56.614956-0300 0x1e924    Default     0x0                  4485   0    Safari: (ShareKit) [com.apple.sharekit:Framework] Discover extensions with attributes <private>
2024-10-30 10:19:56.617173-0300 0x1e59a    Default     0x59edc              644    0    pkd: (PlugInKitDaemon) [com.apple.PlugInKit:discovery] [d <private>] Final plugin count: 2
2024-10-30 10:19:56.616664-0300 0x1e941    Default     0x0                  11717  0    com.apple.WebKit.WebContent: (WebKit) [com.apple.WebKit:Network] 0x10a044100 - [resourceLoader=0x10a02f480, frameLoader=0x10a0f8340, frame=0x10a060680, webPageID=802, frameID=2, resourceID=11] WebLoaderStrategy::scheduleLoad: URL will be scheduled with the NetworkProcess
2024-10-30 10:19:56.615561-0300 0x1e8d2    Activity    0x59edc              4485   0    Safari: (PlugInKit) discovery
2024-10-30 10:19:56.617286-0300 0x1e59a    Default     0x59edd              644    0    pkd: (LaunchServices) [com.apple.launchservices:default] Waiting on thread <private> until Launch Services database seeding is complete.
2024-10-30 10:19:56.616813-0300 0x1e941    Default     0x0                  11717  0    com.apple.WebKit.WebContent: (WebKit) [com.apple.WebKit:Network] 0x10a044100 - [resourceLoader=0x10a02f480, frameLoader=0x10a0f8340, frame=0x10a060680, webPageID=802, frameID=2, resourceID=11] WebLoaderStrategy::scheduleLoad: Resource is being scheduled with the NetworkProcess (priority=4, existingNetworkResourceLoadIdentifierToResume=0)
2024-10-30 10:19:56.615782-0300 0x1e924    Activity    0x59edd              4485   0    Safari: (PlugInKit) discovery
2024-10-30 10:19:56.617610-0300 0x1e59a    Default     0x59edd              644    0    pkd: (PlugInKitDaemon) [com.apple.PlugInKit:discovery] [d <private>] Final plugin count: 2
2024-10-30 10:19:56.617649-0300 0x1e941    Default     0x0                  11717  0    com.apple.WebKit.WebContent: (WebKit) [com.apple.WebKit:Network] 0x10a14d0e0 - [webPageID=802, frameID=2, resourceID=11, durationSeconds=0.000] WebResourceLoader::WebResourceLoader
2024-10-30 10:19:56.616047-0300 0x1e8d2    Default     0x59edc              4485   0    Safari: (PlugInKit) [com.apple.PlugInKit:discovery] [d <private>] <PKHost:0x600002c3ed40> Beginning discovery for flags: 1024, point: com.apple.ui-services
2024-10-30 10:19:56.616321-0300 0x1e924    Default     0x59edd              4485   0    Safari: (PlugInKit) [com.apple.PlugInKit:discovery] [d <private>] <PKHost:0x600002c3ed40> Beginning discovery for flags: 1024, point: com.apple.ui-services
2024-10-30 10:19:56.613520-0300 0x1e3d7    Default     0x0                  4485   0    Safari: (ShareKit) [com.apple.sharekit:Framework] Matching dictionary: <private>, attributesArray: <private>
2024-10-30 10:19:56.618315-0300 0x1e0af    Default     0x0                  11707  0    com.nufuturo.nuappfirewall.extension: (libxpc.dylib) [com.apple.xpc:connection] [0x13ac04080] activating connection: mach=false listener=false peer=true name=com.apple.xpc.anonymous.0x13a804b40.peer[4490].0x13ac04080
2024-10-30 10:19:56.616929-0300 0x1e3d7    Default     0x0                  4485   0    Safari: (ShareKit) [com.apple.sharekit:Framework] Discover extensions with attributes <private>
2024-10-30 10:19:56.617210-0300 0x1e3d7    Activity    0x59ede              4485   0    Safari: (PlugInKit) discovery
2024-10-30 10:19:56.617386-0300 0x1e8d2    Default     0x59edc              4485   0    Safari: (PlugInKit) [com.apple.PlugInKit:discovery] [d <private>] <PKHost:0x600002c3ed40> Completed discovery. Final # of matches: 2
2024-10-30 10:19:56.617747-0300 0x1e924    Default     0x59edd              4485   0    Safari: (PlugInKit) [com.apple.PlugInKit:discovery] [d <private>] <PKHost:0x600002c3ed40> Completed discovery. Final # of matches: 2
2024-10-30 10:19:56.617843-0300 0x1e8d2    Default     0x0                  4485   0    Safari: (ShareKit) [com.apple.sharekit:Framework] 2 plugins found
2024-10-30 10:19:56.618156-0300 0x1e924    Default     0x0                  4485   0    Safari: (ShareKit) [com.apple.sharekit:Framework] 2 plugins found
2024-10-30 10:19:56.618407-0300 0x1e8d2    Default     0x0                  4485   0    Safari: (ExtensionFoundation) [com.apple.extensionkit:NSExtension] Use of NSTruePredicate is forbidden: <private>
2024-10-30 10:19:56.618476-0300 0x1e924    Default     0x0                  4485   0    Safari: (ExtensionFoundation) [com.apple.extensionkit:NSExtension] Use of NSTruePredicate is forbidden: <private>
2024-10-30 10:19:56.618567-0300 0x1e8d2    Default     0x0                  4485   0    Safari: (ShareKit) [com.apple.sharekit:Framework] Service with identifier <private> passes activation rule: 1
2024-10-30 10:19:56.618764-0300 0x1e924    Default     0x0                  4485   0    Safari: (ShareKit) [com.apple.sharekit:Framework] Service with identifier <private> passes activation rule: 1
2024-10-30 10:19:56.618881-0300 0x1e8d2    Default     0x0                  4485   0    Safari: (ShareKit) [com.apple.sharekit:Framework] Role type not provided, assuming Action for <private>
2024-10-30 10:19:56.619515-0300 0x1e59a    Default     0x59ede              644    0    pkd: (LaunchServices) [com.apple.launchservices:default] Waiting on thread <private> until Launch Services database seeding is complete.
2024-10-30 10:19:56.618976-0300 0x1e924    Default     0x0                  4485   0    Safari: (ShareKit) [com.apple.sharekit:Framework] Role type not provided, assuming Action for <private>
2024-10-30 10:19:56.619017-0300 0x1e121    Default     0x0                  11707  0    com.nufuturo.nuappfirewall.extension: [com.nufuturo.nuappfirewall.extension:networking] New flow URL: https://www.youtube.com/
2024-10-30 10:19:56.619079-0300 0x1e8d2    Activity    0x59edf              4485   0    Safari: (CoreServicesInternal) CFURLResolveBookmarkData
2024-10-30 10:19:56.619923-0300 0x1e59a    Default     0x59ede              644    0    pkd: (PlugInKitDaemon) [com.apple.PlugInKit:discovery] [d <private>] Final plugin count: 2
2024-10-30 10:19:56.619035-0300 0x1e121    Default     0x0                  11707  0    com.nufuturo.nuappfirewall.extension: [com.nufuturo.nuappfirewall.extension:networking] New flow path: /System/Volumes/Preboot/Cryptexes/App/System/Library/StagedFrameworks/Safari/WebKit.framework/Versions/A/XPCServices/com.apple.WebKit.Networking.xpc/Contents/MacOS/com.apple.WebKit.Networking
2024-10-30 10:19:56.619158-0300 0x1e924    Activity    0x59ef0              4485   0    Safari: (CoreServicesInternal) CFURLResolveBookmarkData
2024-10-30 10:19:56.617574-0300 0x1e3d7    Default     0x59ede              4485   0    Safari: (PlugInKit) [com.apple.PlugInKit:discovery] [d <private>] <PKHost:0x600002c3ed40> Beginning discovery for flags: 1024, point: com.apple.ui-services
2024-10-30 10:19:56.619049-0300 0x1e121    Default     0x0                  11707  0    com.nufuturo.nuappfirewall.extension: [com.nufuturo.nuappfirewall.extension:networking] "CATEGORY=connection, FLOW_ID=5C0FFFBE-26D2-4229-991D-E74448404676, URL=https://www.youtube.com/, PROCESS=/System/Volumes/Preboot/Cryptexes/App/System/Library/StagedFrameworks/Safari/WebKit.framework/Versions/A/XPCServices/com.apple.WebKit.Networking.xpc/Contents/MacOS/com.apple.WebKit.Networking, ENDPOINT=142.250.219.142, MODE=passive, RULE_ID=None, VERDICT=allow
2024-10-30 10:19:56.619507-0300 0x1e8d2    Default     0x0                  4485   0    Safari: (ShareKit) [com.apple.sharekit:Framework] Service with identifier <private> passes activation rule: 0
2024-10-30 10:19:56.619529-0300 0x1e924    Default     0x0                  4485   0    Safari: (ShareKit) [com.apple.sharekit:Framework] Service with identifier <private> passes activation rule: 0
2024-10-30 10:19:56.619629-0300 0x1e8d2    Default     0x0                  4485   0    Safari: (ShareKit) [com.apple.sharekit:Framework] Service dictionary for plugin <private> not available, skip it.
2024-10-30 10:19:56.619734-0300 0x1e924    Default     0x0                  4485   0    Safari: (ShareKit) [com.apple.sharekit:Framework] Service dictionary for plugin <private> not available, skip it.
2024-10-30 10:19:56.619839-0300 0x1e8d2    Default     0x0                  4485   0    Safari: (ShareKit) [com.apple.sharekit:Framework] 1 compatible services found for attributes <private>
2024-10-30 10:19:56.620085-0300 0x1e3d7    Default     0x59ede              4485   0    Safari: (PlugInKit) [com.apple.PlugInKit:discovery] [d <private>] <PKHost:0x600002c3ed40> Completed discovery. Final # of matches: 2
2024-10-30 10:19:56.620240-0300 0x1e8d2    Default     0x0                  4485   0    Safari: (ShareKit) [com.apple.sharekit:Framework] Discovery done
2024-10-30 10:19:56.620045-0300 0x1e924    Default     0x0                  4485   0    Safari: (ShareKit) [com.apple.sharekit:Framework] 1 compatible services found for attributes <private>
2024-10-30 10:19:56.621315-0300 0x1e59a    Default     0x59ef1              644    0    pkd: (LaunchServices) [com.apple.launchservices:default] Waiting on thread <private> until Launch Services database seeding is complete.
2024-10-30 10:19:56.620632-0300 0x1e8d2    Default     0x0                  4485   0    Safari: (ShareKit) [com.apple.sharekit:Framework] Discover extensions with attributes <private>
2024-10-30 10:19:56.621505-0300 0x1e59a    Default     0x59ef1              644    0    pkd: (LaunchServices) [com.apple.launchservices:default] No plugins found to match query <private>
2024-10-30 10:19:56.620792-0300 0x1e924    Default     0x0                  4485   0    Safari: (ShareKit) [com.apple.sharekit:Framework] Discovery done
2024-10-30 10:19:56.621531-0300 0x1e59a    Default     0x59ef1              644    0    pkd: (PlugInKitDaemon) [com.apple.PlugInKit:discovery] [d <private>] Final plugin count: 0
2024-10-30 10:19:56.620893-0300 0x1e8d2    Activity    0x59ef1              4485   0    Safari: (PlugInKit) discovery
2024-10-30 10:19:56.620988-0300 0x1e924    Default     0x0                  4485   0    Safari: (ShareKit) [com.apple.sharekit:Framework] Discover extensions with attributes <private>
2024-10-30 10:19:56.621081-0300 0x1e8d2    Default     0x59ef1              4485   0    Safari: (PlugInKit) [com.apple.PlugInKit:discovery] [d <private>] <PKHost:0x600002c3ed40> Beginning discovery for flags: 1024, point: com.apple.services
2024-10-30 10:19:56.621177-0300 0x1e924    Activity    0x59ef2              4485   0    Safari: (PlugInKit) discovery
2024-10-30 10:19:56.620628-0300 0x1e3d7    Default     0x0                  4485   0    Safari: (ShareKit) [com.apple.sharekit:Framework] 2 plugins found
2024-10-30 10:19:56.621371-0300 0x1e924    Default     0x59ef2              4485   0    Safari: (PlugInKit) [com.apple.PlugInKit:discovery] [d <private>] <PKHost:0x600002c3ed40> Beginning discovery for flags: 1024, point: com.apple.services
2024-10-30 10:19:56.621556-0300 0x1e8d2    Default     0x59ef1              4485   0    Safari: (PlugInKit) [com.apple.PlugInKit:discovery] [d <private>] <PKHost:0x600002c3ed40> Completed discovery. Final # of matches: 0
2024-10-30 10:19:56.621685-0300 0x1e59a    Default     0x59ef2              644    0    pkd: (LaunchServices) [com.apple.launchservices:default] Waiting on thread <private> until Launch Services database seeding is complete.
2024-10-30 10:19:56.621501-0300 0x1e3d7    Default     0x0                  4485   0    Safari: (ExtensionFoundation) [com.apple.extensionkit:NSExtension] Use of NSTruePredicate is forbidden: <private>
2024-10-30 10:19:56.621948-0300 0x1e59a    Default     0x59ef2              644    0    pkd: (LaunchServices) [com.apple.launchservices:default] No plugins found to match query <private>
2024-10-30 10:19:56.621828-0300 0x1e8d2    Default     0x0                  4485   0    Safari: (ShareKit) [com.apple.sharekit:Framework] 0 plugins found
2024-10-30 10:19:56.621973-0300 0x1e59a    Default     0x59ef2              644    0    pkd: (PlugInKitDaemon) [com.apple.PlugInKit:discovery] [d <private>] Final plugin count: 0
2024-10-30 10:19:56.622008-0300 0x1e3d7    Default     0x0                  4485   0    Safari: (ShareKit) [com.apple.sharekit:Framework] Service with identifier <private> passes activation rule: 1
2024-10-30 10:19:56.622113-0300 0x1e8d2    Default     0x0                  4485   0    Safari: (ShareKit) [com.apple.sharekit:Framework] 0 compatible services found for attributes <private>
2024-10-30 10:19:56.622218-0300 0x1e3d7    Default     0x0                  4485   0    Safari: (ShareKit) [com.apple.sharekit:Framework] Role type not provided, assuming Action for <private>
2024-10-30 10:19:56.622302-0300 0x1e8d2    Default     0x0                  4485   0    Safari: (ShareKit) [com.apple.sharekit:Framework] Discovery done
2024-10-30 10:19:56.622414-0300 0x1e3d7    Activity    0x59ef3              4485   0    Safari: (CoreServicesInternal) CFURLResolveBookmarkData
2024-10-30 10:19:56.622518-0300 0x1e8d2    Default     0x0                  4485   0    Safari: (ShareKit) [com.apple.sharekit:Framework] Completed querying extensions: <private>
2024-10-30 10:19:56.621997-0300 0x1e924    Default     0x59ef2              4485   0    Safari: (PlugInKit) [com.apple.PlugInKit:discovery] [d <private>] <PKHost:0x600002c3ed40> Completed discovery. Final # of matches: 0
2024-10-30 10:19:56.622817-0300 0x1e3d7    Default     0x0                  4485   0    Safari: (ShareKit) [com.apple.sharekit:Framework] Service with identifier <private> passes activation rule: 1
2024-10-30 10:19:56.623031-0300 0x1e924    Default     0x0                  4485   0    Safari: (ShareKit) [com.apple.sharekit:Framework] 0 plugins found
2024-10-30 10:19:56.623240-0300 0x1e3d7    Activity    0x59ef4              4485   0    Safari: (CoreServicesInternal) CFURLResolveBookmarkData
2024-10-30 10:19:56.623323-0300 0x1e924    Default     0x0                  4485   0    Safari: (ShareKit) [com.apple.sharekit:Framework] 0 compatible services found for attributes <private>
2024-10-30 10:19:56.623471-0300 0x1e3d7    Default     0x0                  4485   0    Safari: (ShareKit) [com.apple.sharekit:Framework] 2 compatible services found for attributes <private>
2024-10-30 10:19:56.623505-0300 0x1e924    Default     0x0                  4485   0    Safari: (ShareKit) [com.apple.sharekit:Framework] Discovery done
2024-10-30 10:19:56.623597-0300 0x1e3d7    Default     0x0                  4485   0    Safari: (ShareKit) [com.apple.sharekit:Framework] Discovery done
2024-10-30 10:19:56.624369-0300 0x1e59a    Default     0x59ef5              644    0    pkd: (LaunchServices) [com.apple.launchservices:default] Waiting on thread <private> until Launch Services database seeding is complete.
2024-10-30 10:19:56.623695-0300 0x1e924    Default     0x0                  4485   0    Safari: (ShareKit) [com.apple.sharekit:Framework] Completed querying extensions: <private>
2024-10-30 10:19:56.624542-0300 0x1e59a    Default     0x59ef5              644    0    pkd: (LaunchServices) [com.apple.launchservices:default] No plugins found to match query <private>
2024-10-30 10:19:56.623794-0300 0x1e3d7    Default     0x0                  4485   0    Safari: (ShareKit) [com.apple.sharekit:Framework] Discover extensions with attributes <private>
2024-10-30 10:19:56.624569-0300 0x1e59a    Default     0x59ef5              644    0    pkd: (PlugInKitDaemon) [com.apple.PlugInKit:discovery] [d <private>] Final plugin count: 0
2024-10-30 10:19:56.623016-0300 0x1e8d2    Default     0x0                  4485   0    Safari: (ShareKit) [com.apple.sharekit:Framework] Sorted services: <private>
2024-10-30 10:19:56.623984-0300 0x1e924    Default     0x0                  4485   0    Safari: (ShareKit) [com.apple.sharekit:Framework] Sorted services: <private>
2024-10-30 10:19:56.623972-0300 0x1e3d7    Activity    0x59ef5              4485   0    Safari: (PlugInKit) discovery
2024-10-30 10:19:56.624244-0300 0x1e3d7    Default     0x59ef5              4485   0    Safari: (PlugInKit) [com.apple.PlugInKit:discovery] [d <private>] <PKHost:0x600002c3ed40> Beginning discovery for flags: 1024, point: com.apple.services
2024-10-30 10:19:56.624595-0300 0x1e3d7    Default     0x59ef5              4485   0    Safari: (PlugInKit) [com.apple.PlugInKit:discovery] [d <private>] <PKHost:0x600002c3ed40> Completed discovery. Final # of matches: 0
2024-10-30 10:19:56.624610-0300 0x1e3d7    Default     0x0                  4485   0    Safari: (ShareKit) [com.apple.sharekit:Framework] 0 plugins found
2024-10-30 10:19:56.624622-0300 0x1e3d7    Default     0x0                  4485   0    Safari: (ShareKit) [com.apple.sharekit:Framework] 0 compatible services found for attributes <private>
2024-10-30 10:19:56.624749-0300 0x1e3d7    Default     0x0                  4485   0    Safari: (ShareKit) [com.apple.sharekit:Framework] Discovery done
2024-10-30 10:19:56.624907-0300 0x1e3d7    Default     0x0                  4485   0    Safari: (ShareKit) [com.apple.sharekit:Framework] Completed querying extensions: <private>
2024-10-30 10:19:56.625113-0300 0x1e3d7    Default     0x0                  4485   0    Safari: (ShareKit) [com.apple.sharekit:Framework] Sorted services: <private>
2024-10-30 10:19:56.647623-0300 0x1e39d    Default     0x0                  1012   0    parsecd: (CFNetwork) Task <6831FF20-126B-4319-8CC3-FEC09498B619>.<15> received response, status 200 content K
2024-10-30 10:19:56.647743-0300 0x1e39d    Default     0x0                  1012   0    parsecd: (CFNetwork) Task <6831FF20-126B-4319-8CC3-FEC09498B619>.<15> done using Connection 6
2024-10-30 10:19:56.647813-0300 0x1e39d    Default     0x0                  1012   0    parsecd: (Network) [com.apple.network:activity] [C6] event: client:end_activity @29.867s, activity <nw_activity 14:3[9BF0CA7E-E111-4927-842A-1A69E606E064]   (reporting strategy default)>
2024-10-30 10:19:56.647862-0300 0x1e39d    Default     0x0                  1012   0    parsecd: (Network) [com.apple.network:connection] [C6] event: client:connection_idle @29.868s
2024-10-30 10:19:56.648084-0300 0x1e39d    Default     0x0                  1012   0    parsecd: (CFNetwork) Task <6831FF20-126B-4319-8CC3-FEC09498B619>.<15> response ended
2024-10-30 10:19:56.648227-0300 0x1e39d    Default     0x0                  1012   0    parsecd: (CFNetwork) [com.apple.CFNetwork:Summary] Task <6831FF20-126B-4319-8CC3-FEC09498B619>.<15> summary for task success {transaction_duration_ms=107, response_status=200, connection=6, reused=1, reused_after_ms=161, request_start_ms=0, request_duration_ms=0, response_start_ms=107, response_duration_ms=0, request_bytes=232, response_bytes=2203, cache_hit=false}
2024-10-30 10:19:56.648294-0300 0x1e39f    Default     0x0                  1012   0    parsecd: (CFNetwork) Task <6831FF20-126B-4319-8CC3-FEC09498B619>.<15> finished successfully
2024-10-30 10:19:56.648372-0300 0x1e39f    Default     0x0                  1012   0    parsecd: [com.apple.parsecd:Parsec_Protocol] response statusCode: 200
2024-10-30 10:19:56.648781-0300 0x1dccc    Default     0x0                  608    0    com.google.santa.daemon: action=EXEC|decision=ALLOW|reason=CERT|sha256=48f955365c4d36223e7e3e37c4deb98ae9235782f076fe5fc3d6479e374aa3b5|cert_sha256=d84db96af8c2e60ac4c851a21ec460f6f84e0235beb17d24a78712b9b021ed57|cert_cn=Software Signing|pid=11718|pidversion=24982|ppid=1|uid=502|user=bianca.pacheco.nufuturo|gid=20|group=staff|mode=M|path=/System/Volumes/Preboot/Cryptexes/App/System/Library/StagedFrameworks/Safari/WebKit.framework/Versions/A/XPCServices/com.apple.WebKit.WebContent.xpc/Contents/MacOS/com.apple.WebKit.WebContent|args=/System/Volumes/Preboot/Cryptexes/App/System/Library/StagedFrameworks/Safari/WebKit.framework/Versions/A/XPCServices/com.apple.WebKit.WebContent.xpc/Contents/MacOS/com.apple.WebKit.WebContent
2024-10-30 10:19:56.649361-0300 0x1e3d7    Default     0x0                  4485   0    Safari: (Network) [com.apple.network:activity] <nw_activity 14:3[6009B0BB-51B5-417F-92BC-8351D90F5ADD]   (reporting strategy default) complete (reason success)> complete with reason 2 (success), duration 113ms
2024-10-30 10:19:56.649413-0300 0x1e39f    Default     0x0                  1012   0    parsecd: (Network) [com.apple.network:activity] <nw_activity 14:3[9BF0CA7E-E111-4927-842A-1A69E606E064]   (reporting strategy default) complete (reason success)> complete with reason 2 (success), duration 109ms
2024-10-30 10:19:56.653496-0300 0x1e3d7    Error       0x0                  4485   0    Safari: (CoreParsec) [parsec:ClientName] Couldn't find a match for regex in userAgent: <private>
2024-10-30 10:19:56.653521-0300 0x1e3d7    Default     0x0                  4485   0    Safari: (CoreParsec) [parsec:ClientName] Allows matching abbreviated user agent. ClientName: <private>
2024-10-30 10:19:56.654885-0300 0x1e968    Default     0x0                  0      0    kernel: com.apple.WebKit[11718] triggered unnest of range 0x204000000->0x206000000 of DYLD shared region in VM map 0xcf5ebe95a9c172a1. While not abnormal for debuggers, this increases system memory footprint until the target exits.
2024-10-30 10:19:56.657315-0300 0xa568     Default     0x0                  4485   0    Safari: (TextInputUIMacHelper) [com.apple.TextInputUI:CursorUI] -[TUINSCursorUIController scheduleUpdateCursorLocation]
2024-10-30 10:19:56.657641-0300 0xa568     Default     0x0                  4485   0    Safari: (TextInputUIMacHelper) [com.apple.TextInputUI:CursorUI] -[TUINSCursorUIController scheduleUpdateCursorLocation]
2024-10-30 10:19:56.657831-0300 0xa568     Activity    0x59ef6              4485   0    Safari: (SafariSharedUI) Site Metadata Request
2024-10-30 10:19:56.657850-0300 0xa568     Default     0x59ef6              4485   0    Safari: (SafariSharedUI) [com.apple.SafariShared:SiteMetadata] Beginning site metadata request for <mask.hash: 'cl9auWU7CDRd8H1QsgrY5w=='>
2024-10-30 10:19:56.660290-0300 0x1e689    Default     0x0                  4485   0    Safari: (TipKitCore) [com.apple.TipKit:TipKit  Core] <private>
2024-10-30 10:19:56.662081-0300 0xa568     Default     0x0                  4485   0    Safari: (CoreParsec) [com.apple.parsec:Bag] FTE description lookup for <private>, returning FTE of length 336
2024-10-30 10:19:56.662237-0300 0xa568     Default     0x0                  4485   0    Safari: (CoreParsec) [com.apple.parsec:Bag] FTE description lookup for <private>, returning FTE of length 336
2024-10-30 10:19:56.662525-0300 0xa568     Default     0x0                  4485   0    Safari: (TextInputUIMacHelper) [com.apple.TextInputUI:CursorUI] -[TUINSCursorUIController scheduleUpdateCursorLocation]
2024-10-30 10:19:56.662646-0300 0x1e3d7    Default     0x0                  4485   0    Safari: (Network) [com.apple.network:activity] Create activity <nw_activity 14:3>
2024-10-30 10:19:56.662666-0300 0xa62a     Default     0x0                  4493   0    com.apple.Safari.SearchHelper: (CFNetwork) Task <BC3CFA03-59E8-4916-B83A-3AF80E162263>.<4> resuming, timeouts(2.0, 604800.0) QOS(0x15) Voucher <private>
2024-10-30 10:19:56.662717-0300 0x1e3d7    Default     0x0                  4485   0    Safari: (Network) [com.apple.network:activity] Activated <nw_activity 14:3[80538D50-87EF-4D63-8928-BE82010A4D60]   (reporting strategy default)>
2024-10-30 10:19:56.663007-0300 0x1e64a    Default     0x0                  4493   0    com.apple.Safari.SearchHelper: (CFNetwork) Connection 0: creating secure tcp or quic connection
2024-10-30 10:19:56.663029-0300 0x1e39d    Default     0x0                  1012   0    parsecd: (Network) [com.apple.network:activity] Create activity <nw_activity [80538D50-87EF-4D63-8928-BE82010A4D60] (lightweight)>
2024-10-30 10:19:56.663105-0300 0x1e64a    Default     0x0                  4493   0    com.apple.Safari.SearchHelper: (CFNetwork) Connection 30: enabling TLS
2024-10-30 10:19:56.663121-0300 0x1e64a    Default     0x0                  4493   0    com.apple.Safari.SearchHelper: (CFNetwork) Connection 30: starting, TC(0x12c)
2024-10-30 10:19:56.663436-0300 0x1e39d    Default     0x0                  1012   0    parsecd: [com.apple.parsecd:Parsec_Search] Session com.apple.safari performing query 31 requestId: 11506521276164494220 '<private>', length: 4
2024-10-30 10:19:56.663140-0300 0x1e64a    Default     0x0                  4493   0    com.apple.Safari.SearchHelper: (Network) [com.apple.network:connection] [C30 A3B09DEA-6F63-4549-A36E-B816EC6486C4 Hostname#ff25123b:443 quic-connection, url hash: bb709f4c, definite, attribution: website, context: com.apple.CFNetwork.NSURLSession.{48F2A064-6DC7-4D40-BB97-67802477146D}{(null)}{Y}{3}{0x0} (sensitive), proc: 59E5DD2A-F3F8-376B-8988-AE6EE89C6F86, traffic class: 300] start
2024-10-30 10:19:56.663757-0300 0x1bfcf    Default     0x0                  1012   0    parsecd: [com.apple.parsecd:Parsec_Caching] ECC completionsForInput: <private>
2024-10-30 10:19:56.663159-0300 0x1e64a    Default     0x0                  4493   0    com.apple.Safari.SearchHelper: (Network) [com.apple.network:connection] [C30 Hostname#ff25123b:443 initial parent-flow ((null))] event: path:start @0.000s
2024-10-30 10:19:56.663186-0300 0x1e64a    Default     0x0                  4493   0    com.apple.Safari.SearchHelper: (Network) [com.apple.network:connection] [C30 Hostname#ff25123b:443 waiting parent-flow (satisfied (Path is satisfied), interface: en0[802.11], ipv4, dns, uses wifi)] event: path:satisfied @0.000s, uuid: 4A702C35-FBFA-419F-8682-FFD0767C1551
2024-10-30 10:19:56.663213-0300 0x1e64a    Default     0x0                  4493   0    com.apple.Safari.SearchHelper: (Network) [com.apple.network:connection] [C30 Hostname#ff25123b:443 in_progress parent-flow (satisfied (Path is satisfied), interface: en0[802.11], ipv4, dns, uses wifi)] event: flow:start_connect @0.000s
2024-10-30 10:19:56.663224-0300 0x1e64a    Default     0x0                  4493   0    com.apple.Safari.SearchHelper: (Network) [com.apple.network:connection] nw_connection_report_state_with_handler_on_nw_queue [C30] reporting state preparing
2024-10-30 10:19:56.663257-0300 0x1e64a    Default     0x0                  4493   0    com.apple.Safari.SearchHelper: (Network) [com.apple.network:connection] [C30 Hostname#ff25123b:443 in_progress parent-flow (satisfied (Path is satisfied), interface: en0[802.11], ipv4, dns, uses wifi)] event: flow:start_child @0.000s
2024-10-30 10:19:56.663404-0300 0x1e64a    Default     0x0                  4493   0    com.apple.Safari.SearchHelper: (Network) [com.apple.network:connection] [C30.1 Hostname#ff25123b:443 initial path ((null))] event: path:start @0.000s
2024-10-30 10:19:56.663533-0300 0x1e64a    Default     0x0                  4493   0    com.apple.Safari.SearchHelper: (Network) [com.apple.network:connection] [C30.1 Hostname#ff25123b:443 waiting path (satisfied (Path is satisfied), interface: en0[802.11], ipv4, dns, uses wifi)] event: path:satisfied @0.000s, uuid: 4A702C35-FBFA-419F-8682-FFD0767C1551
2024-10-30 10:19:56.664767-0300 0x1e3d7    Default     0x0                  4485   0    Safari: (Network) [com.apple.network:activity] <nw_activity 14:3[80538D50-87EF-4D63-8928-BE82010A4D60]   (reporting strategy default) complete (reason success)> complete with reason 2 (success), duration 2ms
2024-10-30 10:19:56.663718-0300 0x1e64a    Default     0x0                  4493   0    com.apple.Safari.SearchHelper: (Network) [com.apple.network:connection] [C30.1 Hostname#ff25123b:443 in_progress transform (satisfied (Path is satisfied), interface: en0[802.11], ipv4, dns, uses wifi)] event: transform:start @0.000s
2024-10-30 10:19:56.664215-0300 0x1e64a    Default     0x0                  4493   0    com.apple.Safari.SearchHelper: (Network) [com.apple.network:connection] [C30.1.1 Hostname#ff25123b:443 initial path ((null))] event: path:start @0.001s
2024-10-30 10:19:56.664997-0300 0x1e3d7    Error       0x0                  4485   0    Safari: (CoreParsec) [parsec:ClientName] Couldn't find a match for regex in userAgent: <private>
2024-10-30 10:19:56.664319-0300 0x1e64a    Default     0x0                  4493   0    com.apple.Safari.SearchHelper: (Network) [com.apple.network:connection] [C30.1.1 Hostname#ff25123b:443 waiting path (satisfied (Path is satisfied), interface: en0[802.11], ipv4, dns, uses wifi)] event: path:satisfied @0.001s, uuid: 432CE642-6D67-47EA-B01C-37629192D591
2024-10-30 10:19:56.665015-0300 0x1e3d7    Default     0x0                  4485   0    Safari: (CoreParsec) [parsec:ClientName] Allows matching abbreviated user agent. ClientName: <private>
2024-10-30 10:19:56.664438-0300 0x1e64a    Default     0x0                  4493   0    com.apple.Safari.SearchHelper: (Network) [com.apple.network:connection] [C30.1.1 Hostname#ff25123b:443 in_progress resolver (satisfied (Path is satisfied), interface: en0[802.11], ipv4, dns, uses wifi)] event: resolver:start_dns @0.001s
2024-10-30 10:19:56.664562-0300 0x1e64a    Default     0x0                  4493   0    com.apple.Safari.SearchHelper: (CFNetwork) Task <BC3CFA03-59E8-4916-B83A-3AF80E162263>.<4> setting up Connection 30
2024-10-30 10:19:56.664657-0300 0x1e64a    Default     0x0                  4493   0    com.apple.Safari.SearchHelper: (Network) [com.apple.network:connection] nw_endpoint_resolver_update [C30.1.1 Hostname#ff25123b:443 in_progress resolver (satisfied (Path is satisfied), interface: en0[802.11], ipv4, dns, uses wifi)] Adding endpoint handler for IPv4#dd36c406:443
2024-10-30 10:19:56.664820-0300 0x1e64a    Default     0x0                  4493   0    com.apple.Safari.SearchHelper: (Network) [com.apple.network:connection] [C30.1.1 Hostname#ff25123b:443 in_progress resolver (satisfied (Path is satisfied), interface: en0[802.11], ipv4, dns, uses wifi)] event: resolver:receive_dns @0.001s
2024-10-30 10:19:56.664914-0300 0x1e64a    Default     0x0                  4493   0    com.apple.Safari.SearchHelper: (Network) [com.apple.network:connection] [C30.1.1.1 IPv4#dd36c406:443 initial path ((null))] event: path:start @0.001s
2024-10-30 10:19:56.665031-0300 0x1e64a    Default     0x0                  4493   0    com.apple.Safari.SearchHelper: (Network) [com.apple.network:connection] [C30.1.1.1 IPv4#dd36c406:443 waiting path (satisfied (Path is satisfied), interface: en0[802.11], ipv4, dns, uses wifi)] event: path:satisfied @0.001s, uuid: 2AE7F84A-039E-460B-A85A-759B471A9F88
2024-10-30 10:19:56.665362-0300 0x1e64a    Default     0x0                  4493   0    com.apple.Safari.SearchHelper: (Network) [com.apple.network:connection] [C30.1.1.1 IPv4#dd36c406:443 in_progress socket-flow (satisfied (Path is satisfied), interface: en0[802.11], ipv4, dns, uses wifi)] event: flow:start_connect @0.002s
2024-10-30 10:19:56.666469-0300 0x1e924    Default     0x0                  4485   0    Safari: (TipKitCore) [com.apple.TipKit:TipKit  Core] <private>
2024-10-30 10:19:56.667371-0300 0x1e121    Default     0x0                  11707  0    com.nufuturo.nuappfirewall.extension: [com.nufuturo.nuappfirewall.extension:networking] New flow URL: https://clients1.google.com/complete/search?client=safari&q=yout
2024-10-30 10:19:56.667452-0300 0x1e64a    Default     0x0                  4493   0    com.apple.Safari.SearchHelper: (libboringssl.dylib) [com.apple.network:boringssl] nw_protocol_boringssl_error(1907) [C30.1.1.1:2][0x114e113d0] Lower protocol stack error pre TLS handshake. [57: <private>]
2024-10-30 10:19:56.667390-0300 0x1e121    Default     0x0                  11707  0    com.nufuturo.nuappfirewall.extension: [com.nufuturo.nuappfirewall.extension:networking] New flow path: /System/Volumes/Preboot/Cryptexes/App/System/Library/StagedFrameworks/Safari/SafariShared.framework/Versions/A/XPCServices/com.apple.Safari.SearchHelper.xpc/Contents/MacOS/com.apple.Safari.SearchHelper
2024-10-30 10:19:56.667521-0300 0x1e64a    Default     0x0                  4493   0    com.apple.Safari.SearchHelper: (Network) [com.apple.network:connection] [C30.1.1.1 IPv4#dd36c406:443 failed socket-flow (satisfied (Path is satisfied), interface: en0[802.11], ipv4, dns, uses wifi)] event: flow:failed_connect @0.004s, error Socket is not connected
2024-10-30 10:19:56.667408-0300 0x1e121    Default     0x0                  11707  0    com.nufuturo.nuappfirewall.extension: [com.nufuturo.nuappfirewall.extension:networking] ruleID: /System/Volumes/Preboot/Cryptexes/App/System/Library/StagedFrameworks/Safari/SafariShared.framework/Versions/A/XPCServices/com.apple.Safari.SearchHelper.xpc/Contents/MacOS/com.apple.Safari.SearchHelper-docs.google.com-google.com
Action: block
Application Location: /System/Volumes/Preboot/Cryptexes/App/System/Library/StagedFrameworks/Safari/SafariShared.framework/Versions/A/XPCServices/com.apple.Safari.SearchHelper.xpc/Contents/MacOS/com.apple.Safari.SearchHelper
Endpoint: docs.google.com
Domain: google.com
2024-10-30 10:19:56.667560-0300 0x1e64a    Default     0x0                  4493   0    com.apple.Safari.SearchHelper: (Network) [com.apple.network:connection] [C30.1.1 Hostname#ff25123b:443 failed resolver (satisfied (Path is satisfied), interface: en0[802.11], ipv4, dns, uses wifi)] event: resolver:children_failed @0.004s
2024-10-30 10:19:56.667425-0300 0x1e121    Default     0x0                  11707  0    com.nufuturo.nuappfirewall.extension: [com.nufuturo.nuappfirewall.extension:networking] "CATEGORY=connection, FLOW_ID=2DC5285E-EE16-4970-9B9B-A9A14546370C, URL=https://clients1.google.com/complete/search?client=safari&q=yout, PROCESS=/System/Volumes/Preboot/Cryptexes/App/System/Library/StagedFrameworks/Safari/SafariShared.framework/Versions/A/XPCServices/com.apple.Safari.SearchHelper.xpc/Contents/MacOS/com.apple.Safari.SearchHelper, ENDPOINT=142.251.129.238, MODE=passive, RULE_ID=/System/Volumes/Preboot/Cryptexes/App/System/Library/StagedFrameworks/Safari/SafariShared.framework/Versions/A/XPCServices/com.apple.Safari.SearchHelper.xpc/Contents/MacOS/com.apple.Safari.SearchHelper-docs.google.com-google.com, VERDICT=block
2024-10-30 10:19:56.667575-0300 0x1e64a    Default     0x0                  4493   0    com.apple.Safari.SearchHelper: (Network) [com.apple.network:connection] [C30.1 Hostname#ff25123b:443 failed transform (satisfied (Path is satisfied), interface: en0[802.11], ipv4, dns, uses wifi)] event: transform:children_failed @0.004s
2024-10-30 10:19:56.667612-0300 0x1e64a    Default     0x0                  4493   0    com.apple.Safari.SearchHelper: (Network) [com.apple.network:connection] [C30 Hostname#ff25123b:443 failed parent-flow (satisfied (Path is satisfied), interface: en0[802.11], ipv4, dns, uses wifi)] event: flow:child_failed @0.004s
2024-10-30 10:19:56.667625-0300 0x1e64a    Default     0x0                  4493   0    com.apple.Safari.SearchHelper: (Network) [com.apple.network:connection] nw_connection_report_state_with_handler_on_nw_queue [C30] reporting state failed error Socket is not connected
2024-10-30 10:19:56.667650-0300 0x1e64a    Error       0x0                  4493   0    com.apple.Safari.SearchHelper: (CFNetwork) Connection 30: received failure notification
2024-10-30 10:19:56.667666-0300 0x1e64a    Error       0x0                  4493   0    com.apple.Safari.SearchHelper: (CFNetwork) Connection 30: failed to connect 1:57, reason -1
2024-10-30 10:19:56.667706-0300 0x1e64a    Error       0x0                  4493   0    com.apple.Safari.SearchHelper: (CFNetwork) Connection 30: encountered error(1:57)
2024-10-30 10:19:56.667909-0300 0x1e64a    Default     0x0                  4493   0    com.apple.Safari.SearchHelper: (CFNetwork) Connection 30: cleaning up
2024-10-30 10:19:56.668091-0300 0x1e64a    Default     0x0                  4493   0    com.apple.Safari.SearchHelper: (CFNetwork) [com.apple.CFNetwork:Summary] Connection 30: summary for unused connection {protocol="(null)", domain_lookup_duration_ms=0, connect_duration_ms=0, secure_connection_duration_ms=0, private_relay=false, idle_duration_ms=0}
2024-10-30 10:19:56.668256-0300 0x1e64a    Default     0x0                  4493   0    com.apple.Safari.SearchHelper: (Network) [com.apple.network:connection] [C30 A3B09DEA-6F63-4549-A36E-B816EC6486C4 Hostname#ff25123b:443 quic-connection, url hash: bb709f4c, traffic class: 300, definite, attribution: website] cancel
2024-10-30 10:19:56.668350-0300 0x1e64a    Default     0x0                  4493   0    com.apple.Safari.SearchHelper: (Network) [com.apple.network:connection] [C30 Hostname#ff25123b:443 quic-connection, url hash: bb709f4c, traffic class: 300, definite, attribution: website] cancelled
2024-10-30 10:19:56.668456-0300 0x1e64a    Default     0x0                  4493   0    com.apple.Safari.SearchHelper: (Network) [com.apple.network:connection] nw_connection_report_state_with_handler_on_nw_queue [C30] reporting state cancelled error Socket is not connected
2024-10-30 10:19:56.668587-0300 0x1e64a    Default     0x0                  4493   0    com.apple.Safari.SearchHelper: (CFNetwork) Task <BC3CFA03-59E8-4916-B83A-3AF80E162263>.<4> can retry(N) with reason(2) for error [1:57]
2024-10-30 10:19:56.668710-0300 0x1e64a    Error       0x0                  4493   0    com.apple.Safari.SearchHelper: (CFNetwork) Task <BC3CFA03-59E8-4916-B83A-3AF80E162263>.<4> HTTP load failed, 0/0 bytes (error code: -1005 [1:57])
2024-10-30 10:19:56.668811-0300 0x1e64a    Default     0x0                  4493   0    com.apple.Safari.SearchHelper: (CFNetwork) [com.apple.CFNetwork:Summary] Task <BC3CFA03-59E8-4916-B83A-3AF80E162263>.<4> summary for task failure {transaction_duration_ms=5, response_status=-1, connection=30, reused=1, reused_after_ms=0, request_start_ms=0, request_duration_ms=0, response_start_ms=0, response_duration_ms=0, request_bytes=0, response_bytes=0, cache_hit=false}
2024-10-30 10:19:56.668918-0300 0x1e957    Error       0x0                  4493   0    com.apple.Safari.SearchHelper: (CFNetwork) Task <BC3CFA03-59E8-4916-B83A-3AF80E162263>.<4> finished with error [-1005] <private>
2024-10-30 10:19:56.669017-0300 0xa62a     Error       0x0                  4493   0    com.apple.Safari.SearchHelper: [com.apple.SafariShared:SafariSuggestions] SearchSuggestionsFetcher received an error: Error Domain=NSURLErrorDomain Code=-1005 "(null)" UserInfo={NSUnderlyingError=0x136018860 {Error Domain=kCFErrorDomainCFNetwork Code=-1005 "(null)"}}
2024-10-30 10:19:56.674687-0300 0x1e968    Default     0x0                  11718  0    com.apple.WebKit.WebContent: (libxpc.dylib) [com.apple.xpc:connection] [0x11f806dc0] activating connection: mach=false listener=true peer=false name=com.apple.WebKit.WebContent
2024-10-30 10:19:56.676893-0300 0x1e969    Default     0x0                  11718  0    com.apple.WebKit.WebContent: (libxpc.dylib) [com.apple.xpc:connection] [0x11f808550] activating connection: mach=false listener=false peer=true name=com.apple.WebKit.WebContent.peer[4485].0x11f808550
2024-10-30 10:19:56.677065-0300 0x1e96a    Default     0x0                  11718  0    com.apple.WebKit.WebContent: (WebKit) Initialized logd <private>
2024-10-30 10:19:56.677761-0300 0xa568     Default     0x0                  4485   0    Safari: (WebKit) [com.apple.WebKit:Process] 0x11e0017c0 - [PID=11718] WebProcessProxy::didFinishLaunching:
2024-10-30 10:19:56.677785-0300 0xa568     Default     0x0                  4485   0    Safari: (WebKit) [com.apple.WebKit:ProcessSuspension] 0x11e01a880 - [PID=11718, throttler=0x11e001888] ProcessThrottler::Activity::Activity: Starting foreground activity / 'Lifetime Activity'
2024-10-30 10:19:56.677938-0300 0x1e1d6    Activity    0x59ebd              377    0    runningboardd: (RunningBoard) acquireAssertionWithDescriptor
2024-10-30 10:19:56.677833-0300 0x1e924    Default     0x0                  4485   0    Safari: (WebKit) [com.apple.WebKit:ProcessSuspension] 0x11e043560 - ProcessAssertion::acquireSync Trying to take RBS assertion 'Jetsam Boost' for process with PID=11718
2024-10-30 10:19:56.678081-0300 0x1e968    Activity    0x59f00              11718  0    com.apple.WebKit.WebContent: (CoreFoundation) Resetting CFPreferences/NSUserDefaults
2024-10-30 10:19:56.678073-0300 0x1e1d6    Default     0x59ebd              377    0    runningboardd: (RunningBoard) [com.apple.runningboard:process] _resolveProcessWithIdentifier pid 11718 euid 502 auid 502
2024-10-30 10:19:56.677842-0300 0xa568     Default     0x0                  4485   0    Safari: (WebKit) [com.apple.WebKit:ProcessSuspension] 0x11e001888 - [PID=11718] ProcessThrottler::didConnectToProcess
2024-10-30 10:19:56.678091-0300 0x1e1d6    Default     0x59ebd              377    0    runningboardd: (RunningBoard) [com.apple.runningboard:process] _resolveProcessWithIdentifier pid 11718 host is auid 502
2024-10-30 10:19:56.677853-0300 0xa568     Default     0x0                  4485   0    Safari: (WebKit) [com.apple.WebKit:ProcessSuspension] 0x11e001888 - [PID=11718] ProcessThrottler::setThrottleState: Updating process assertion type to 3 (foregroundActivities=2, backgroundActivities=2)
2024-10-30 10:19:56.678281-0300 0x1e1d6    Default     0x59ebd              377    0    runningboardd: (RunningBoardServices) [com.apple.runningboard:process] Resolved XPC Service com.apple.WebKit.WebContent (com.apple.WebKit.WebContent) with host pid 4485, variant 1, scope 1, uuid <private>, pid 11718, and auid 502
2024-10-30 10:19:56.677867-0300 0xa568     Default     0x0                  4485   0    Safari: (WebKit) [com.apple.WebKit:ProcessSuspension] 0x11e0017c0 - [PID=11718] WebProcessProxy::didChangeThrottleState: type=2
2024-10-30 10:19:56.678325-0300 0x1e1d6    Default     0x59ebd              377    0    runningboardd: (RunningBoard) [com.apple.runningboard:process] Resolved pid 11718 to [xpcservice<com.apple.WebKit.WebContent([app<application.com.apple.Safari.59603.59758(502)>:4485])(502)>{vt hash: 0}[uuid:16AEBF2C-0304-40D2-94CE-E52DAE4021EB]:11718:11718]
2024-10-30 10:19:56.677876-0300 0xa568     Default     0x0                  4485   0    Safari: (WebKit) [com.apple.WebKit:ProcessSuspension] 0x11e0017c0 - [PID=11718] WebProcessProxy::didChangeThrottleState(Foreground) Taking foreground assertion for network process
2024-10-30 10:19:56.678347-0300 0x1e1d6    Default     0x59ebd              377    0    runningboardd: (RunningBoard) [com.apple.runningboard:ttl] existingInstance is: (null)
2024-10-30 10:19:56.678523-0300 0x1e1d6    Error       0x59ebd              377    0    runningboardd: (RunningBoard) [com.apple.runningboard:jetsam] memorystatus_control error: MEMORYSTATUS_CMD_CONVERT_MEMLIMIT_MB(-1) returned -1 22 (Invalid argument)
2024-10-30 10:19:56.679414-0300 0x1e968    Activity    0x59f01              11718  0    com.apple.WebKit.WebContent: (libsystem_info.dylib) Retrieve User by ID
2024-10-30 10:19:56.678537-0300 0x1e1d6    Error       0x59ebd              377    0    runningboardd: (RunningBoard) [com.apple.runningboard:jetsam] memorystatus_control error: MEMORYSTATUS_CMD_CONVERT_MEMLIMIT_MB(0) returned -1 22 (Invalid argument)
2024-10-30 10:19:56.678561-0300 0x1e1d6    Default     0x59ebd              377    0    runningboardd: (RunningBoardServices) [com.apple.runningboard:general] Full encoding handle <private>, with data efae670a00002dc6, and pid 11718
2024-10-30 10:19:56.678665-0300 0x1e1d6    Default     0x59ebd              377    0    runningboardd: (RunningBoard) [com.apple.runningboard:process] [xpcservice<com.apple.WebKit.WebContent([app<application.com.apple.Safari.59603.59758(502)>:4485])(502)>{vt hash: 0}[uuid:16AEBF2C-0304-40D2-94CE-E52DAE4021EB]:11718:11718] Memory Limits: active 1000 inactive 1000
 <private>
2024-10-30 10:19:56.678765-0300 0x1e1d6    Default     0x59ebd              377    0    runningboardd: (RunningBoard) [com.apple.runningboard:process] [xpcservice<com.apple.WebKit.WebContent([app<application.com.apple.Safari.59603.59758(502)>:4485])(502)>{vt hash: 0}[uuid:16AEBF2C-0304-40D2-94CE-E52DAE4021EB]:11718:11718] This process will be managed.
2024-10-30 10:19:56.679949-0300 0x1e968    Default     0x0                  11718  0    com.apple.WebKit.WebContent: (libxpc.dylib) [com.apple.xpc:connection] [0x11f80b1a0] activating connection: mach=false listener=true peer=false name=(anonymous)
2024-10-30 10:19:56.678961-0300 0x1e1d6    Default     0x59ebd              377    0    runningboardd: (RunningBoard) [com.apple.runningboard:ttl] Now tracking process: [xpcservice<com.apple.WebKit.WebContent([app<application.com.apple.Safari.59603.59758(502)>:4485])(502)>{vt hash: 0}[uuid:16AEBF2C-0304-40D2-94CE-E52DAE4021EB]:11718:11718]
2024-10-30 10:19:56.679966-0300 0x1e968    Default     0x0                  11718  0    com.apple.WebKit.WebContent: (libxpc.dylib) [com.apple.xpc:connection] [0x11f80b1a0] Channel could not return listener port.
2024-10-30 10:19:56.679161-0300 0x1e1d6    Default     0x59ebd              377    0    runningboardd: (RunningBoard) [com.apple.runningboard:ttl] Existing process in RBProcessIndex is: (null)
2024-10-30 10:19:56.680214-0300 0x1e3e3    Activity    0x59c2b              1008   0    UIKitSystem: (RunningBoardServices) observedProcessStatesDidChange
2024-10-30 10:19:56.680261-0300 0x1ce95    Default     0x0                  483    0    pmd: (Network) [com.apple.network:path] nw_path_libinfo_path_check [A80D4542-2BD7-4EC6-8A50-46CA9DD6D66B IPv4#f6156391:65349 tcp, legacy-socket, attribution: developer]
	libinfo check path: satisfied (Path is satisfied), interface: en0[802.11], ipv4, dns, uses wifi
2024-10-30 10:19:56.680259-0300 0x1d911    Activity    0x59c0f              372    0    WindowServer: (RunningBoardServices) observedProcessStatesDidChange
2024-10-30 10:19:56.680350-0300 0x1e452    Activity    0x59e64              647    0    gamepolicyd: (RunningBoardServices) observedProcessStatesDidChange
2024-10-30 10:19:56.679983-0300 0x1e968    Default     0x0                  11718  0    com.apple.WebKit.WebContent: (libxpc.dylib) [com.apple.xpc:connection] [0x11f80b530] activating connection: mach=false listener=false peer=false name=(anonymous)
2024-10-30 10:19:56.679393-0300 0x1e1d6    Default     0x59ebd              377    0    runningboardd: (RunningBoard) [com.apple.runningboard:ttl] existingProcess in RBProcessManager is: (null)
