2024-10-30 10:19:56.521246-0300 0xa568     Default     0x59e9a              4485   0    Safari: (WebKit) [com.apple.WebKit:Loading] 0x14681a618 - [pageProxyID=801, webPageID=802, PID=0] WebPageProxy::launchProcess:
2024-10-30 10:19:56.521275-0300 0xa568     Default     0x59e9a              4485   0    Safari: (WebKit) [com.apple.WebKit:Process] 0x11e0000c0 - [PID=0] WebProcessProxy::removeWebPage: webPage=0x14681a618, pageProxyID=801, webPageID=802
2024-10-30 10:19:56.521405-0300 0xa568     Default     0x59e9a              4485   0    Safari: (WebKit) [com.apple.WebKit:Process] 0x11e001200 - [PID=11717] WebProcessProxy::setWebsiteDataStore() dataStore=0x10442b568, sessionID=2
2024-10-30 10:19:56.521430-0300 0xa568     Default     0x59e9a              4485   0    Safari: (WebKit) [com.apple.WebKit:Process] 0x11e038100 - NetworkProcessProxy::sendXPCEndpointToProcess(0x11e001200) state = 1 has connection = 1 XPC endpoint message = 0x60000060de00
2024-10-30 10:19:56.521627-0300 0xa568     Default     0x59e9a              4485   0    Safari: (WebKit) [com.apple.WebKit:Process] 0x11e001200 - [PID=11717] WebProcessProxy::markIsNoLongerInPrewarmedPool:
2024-10-30 10:19:56.521578-0300 0x1e947    Default     0x59e9a              11717  0    com.apple.WebKit.WebContent: (libxpc.dylib) [com.apple.xpc:connection] [0x13f9044b0] activating connection: mach=false listener=false peer=false name=(anonymous)
2024-10-30 10:19:56.521658-0300 0xa568     Default     0x59e9a              4485   0    Safari: (WebKit) [com.apple.WebKit:ProcessSwapping] 0x12285a008 - WebProcessPool::processForRegistrableDomain: Using prewarmed process (process=0x11e001200, PID=11717)
2024-10-30 10:19:56.521955-0300 0x1e8ce    Error       0x0                  0      0    kernel: (Sandbox) 1 duplicate report for Sandbox: Family(11701) deny(1) mach-lookup com.apple.contactsd.persistence
2024-10-30 10:19:56.521686-0300 0xa568     Default     0x59e9a              4485   0    Safari: (WebKit) [com.apple.WebKit:Process] 0x11e0000c0 - [PID=0] WebProcessProxy::destructor:
2024-10-30 10:19:56.521976-0300 0x1e8ce    Error       0x0                  0      0    kernel: (Sandbox) Sandbox: com.apple.WebKit.Networking(4490) deny(1) mach-lookup com.apple.diagnosticd
2024-10-30 10:19:56.522135-0300 0x1e8f3    Activity    0x59eb7              377    0    runningboardd: (RunningBoard) lookupHandleForPredicate
2024-10-30 10:19:56.521727-0300 0xa568     Default     0x59e9a              4485   0    Safari: (WebKit) [com.apple.WebKit:ProcessSuspension] 0x11e000188 - [PID=0] ProcessThrottler::didDisconnectFromProcess:
2024-10-30 10:19:56.522372-0300 0x1e612    Activity    0x58766              631    0    lsd: (libsystem_info.dylib) Membership API: translate identifier
2024-10-30 10:19:56.521749-0300 0xa568     Default     0x59e9a              4485   0    Safari: (WebKit) [com.apple.WebKit:ProcessSuspension] 0x11e000188 - [PID=0] ProcessThrottler::invalidateAllActivities: BEGIN (foregroundActivityCount: 0, backgroundActivityCount: 0)
2024-10-30 10:19:56.521785-0300 0xa568     Default     0x59e9a              4485   0    Safari: (WebKit) [com.apple.WebKit:ProcessSuspension] 0x11e000188 - [PID=0] ProcessThrottler::invalidateAllActivities: END
2024-10-30 10:19:56.521806-0300 0xa568     Default     0x59e9a              4485   0    Safari: (WebKit) [com.apple.WebKit:Process] 0x11e001200 - [PID=11717] WebProcessProxy::addExistingWebPage: webPage=0x14681a618, pageProxyID=801, webPageID=802
2024-10-30 10:19:56.521836-0300 0xa568     Default     0x59e9a              4485   0    Safari: (WebKit) [com.apple.WebKit:ProcessSuspension] 0x11e01b3f0 - [PID=11717, throttler=0x11e0012c8] ProcessThrottler::Activity::invalidate: Ending foreground activity / 'Lifetime Activity'
2024-10-30 10:19:56.523095-0300 0x1e8f3    Activity    0x59eb8              377    0    runningboardd: (RunningBoard) limitationsForInstance
2024-10-30 10:19:56.523451-0300 0xa568     Default     0x59e9a              4485   0    Safari: (WebKit) [com.apple.WebKit:ProcessSuspension] 0x11e0012c8 - [PID=11717] ProcessThrottler::sendPrepareToSuspendIPC: Sending PrepareToSuspend(18, isSuspensionImminent=0) IPC, remainingRunTime=-1.000000s
2024-10-30 10:19:56.523505-0300 0xa568     Default     0x59e9a              4485   0    Safari: (WebKit) [com.apple.WebKit:ProcessSuspension] 0x11e001200 - [PID=11717] WebProcessProxy::sendPrepareToSuspend: isSuspensionImminent=0
2024-10-30 10:19:56.523545-0300 0xa568     Default     0x59e9a              4485   0    Safari: (WebKit) [com.apple.WebKit:ProcessSuspension] 0x11e0012c8 - [PID=11717] ProcessThrottler::setThrottleState: Updating process assertion type to 1 (foregroundActivities=0, backgroundActivities=0)
2024-10-30 10:19:56.523635-0300 0xa568     Default     0x59e9a              4485   0    Safari: (WebKit) [com.apple.WebKit:ProcessSuspension] 0x11e001200 - [PID=11717] WebProcessProxy::didChangeThrottleState: type=1
2024-10-30 10:19:56.523907-0300 0x1e8f3    Activity    0x59eb9              377    0    runningboardd: (RunningBoard) acquireAssertionWithDescriptor
2024-10-30 10:19:56.523668-0300 0xa568     Default     0x59e9a              4485   0    Safari: (WebKit) [com.apple.WebKit:ProcessSuspension] 0x11e001200 - [PID=11717] WebProcessProxy::didChangeThrottleState(Background) Taking background assertion for network process
2024-10-30 10:19:56.523659-0300 0x1e689    Default     0x59e9a              4485   0    Safari: (WebKit) [com.apple.WebKit:ProcessSuspension] 0x11e0a7c60 - ProcessAssertion::acquireSync Trying to take RBS assertion 'WebProcess Background Assertion' for process with PID=11717
2024-10-30 10:19:56.524184-0300 0x1e8f3    Default     0x59eb9              377    0    runningboardd: (RunningBoard) [com.apple.runningboard:ttl] Acquiring assertion targeting [xpcservice<com.apple.WebKit.WebContent([app<application.com.apple.Safari.59603.59758(502)>:4485])(502)>{vt hash: 0}[uuid:EE599C21-7139-465C-801D-F7C13382F234]:11717:11717](WebProcess11717) from originator [app<application.com.apple.Safari.59603.59758(502)>:4485] with description <RBSAssertionDescriptor| "WebProcess Background Assertion" ID:377-4485-4764 target:11717<WebProcess11717> attributes:[
	<RBSDomainAttribute| domain:"com.apple.webkit" name:"IndefiniteBackground" sourceEnvironment:"(null)">
	]>
2024-10-30 10:19:56.523698-0300 0xa568     Default     0x59e9a              4485   0    Safari: (WebKit) [com.apple.WebKit:ProcessSuspension] 0x11e019cb0 - [PID=4490, throttler=0x11e0381c8] ProcessThrottler::Activity::Activity: Starting background activity / 'Networking for background view(s)'
2024-10-30 10:19:56.523722-0300 0xa568     Default     0x59e9a              4485   0    Safari: (WebKit) [com.apple.WebKit:ProcessSuspension] 0x11e01b480 - [PID=4490, throttler=0x11e0381c8] ProcessThrottler::Activity::invalidate: Ending foreground activity / 'Networking for foreground view(s)'
2024-10-30 10:19:56.524541-0300 0x1e8f3    Default     0x59eb9              377    0    runningboardd: (RunningBoard) [com.apple.runningboard:ttl] Assertion 377-4485-4764 (target:[xpcservice<com.apple.WebKit.WebContent([app<application.com.apple.Safari.59603.59758(502)>:4485])(502)>{vt hash: 0}[uuid:EE599C21-7139-465C-801D-F7C13382F234]:11717:11717](WebProcess11717)) will be created as active
2024-10-30 10:19:56.523744-0300 0xa568     Default     0x59e9a              4485   0    Safari: (WebKit) [com.apple.WebKit:ProcessSuspension] 0x11e019ce0 - [PID=4491, throttler=0x11e0565c8] ProcessThrottler::Activity::Activity: Starting background activity / 'GPU for background view(s)'
2024-10-30 10:19:56.524733-0300 0x1e8f4    Activity    0x59eba              377    0    runningboardd: (RunningBoard) state update
2024-10-30 10:19:56.523813-0300 0xa568     Default     0x59e9a              4485   0    Safari: (WebKit) [com.apple.WebKit:ProcessSuspension] 0x11e01b4b0 - [PID=4491, throttler=0x11e0565c8] ProcessThrottler::Activity::invalidate: Ending foreground activity / 'GPU for foreground view(s)'
2024-10-30 10:19:56.523978-0300 0xa568     Default     0x59e9a              4485   0    Safari: (WebKit) [com.apple.WebKit:Media] VideoPresentationManagerProxy::PlaybackSessionManagerProxy(8E436E3F)
2024-10-30 10:19:56.525069-0300 0x1e945    Default     0x59e9a              11717  0    com.apple.WebKit.WebContent: (WebKit) [com.apple.WebKit:Loading] Received Launch Services database 0x15010c7a0
2024-10-30 10:19:56.524032-0300 0xa568     Default     0x59e9a              4485   0    Safari: (WebKit) [com.apple.WebKit:Fullscreen] VideoPresentationManagerProxy::VideoPresentationManagerProxy(8E436E3F)
2024-10-30 10:19:56.524987-0300 0x1e8f4    Default     0x59eb9              377    0    runningboardd: (RunningBoard) [com.apple.runningboard:monitor] Calculated state for xpcservice<com.apple.WebKit.WebContent([app<application.com.apple.Safari.59603.59758(502)>:4485])(502)>{vt hash: 0}[uuid:EE599C21-7139-465C-801D-F7C13382F234]:11717: running-active (role: UserInteractiveFocal) (endowments: (null))
2024-10-30 10:19:56.525276-0300 0x1e6f3    Activity    0x59c2a              1008   0    UIKitSystem: (RunningBoardServices) observedProcessStatesDidChange
2024-10-30 10:19:56.525334-0300 0x1e463    Activity    0x59c0e              372    0    WindowServer: (RunningBoardServices) observedProcessStatesDidChange
2024-10-30 10:19:56.524632-0300 0xa568     Default     0x59e9a              4485   0    Safari: (WebKit) [com.apple.WebKit:Process] 0x14681a618 - [pageProxyID=801, webPageID=802, PID=11717] WebPageProxy::WebPageProxy::shouldForceForegroundPriorityForClientNavigation() returns 1 based on PageClient::canTakeForegroundAssertions()
2024-10-30 10:19:56.525533-0300 0x1e7da    Activity    0x59e63              647    0    gamepolicyd: (RunningBoardServices) observedProcessStatesDidChange
2024-10-30 10:19:56.525380-0300 0x1e6f3    Default     0x59c2a              1008   0    UIKitSystem: (RunningBoardServices) [com.apple.runningboard:monitor] Received state update for 11717 (xpcservice<com.apple.WebKit.WebContent([app<application.com.apple.Safari.59603.59758(502)>:4485])(502)>{vt hash: 0}[uuid:EE599C21-7139-465C-801D-F7C13382F234]:11717, running-active-NotVisible
2024-10-30 10:19:56.525435-0300 0x1e463    Default     0x59c0e              372    0    WindowServer: (RunningBoardServices) [com.apple.runningboard:monitor] Received state update for 11717 (xpcservice<com.apple.WebKit.WebContent([app<application.com.apple.Safari.59603.59758(502)>:4485])(502)>{vt hash: 0}[uuid:EE599C21-7139-465C-801D-F7C13382F234]:11717, running-active-NotVisible
2024-10-30 10:19:56.524674-0300 0xa568     Default     0x59e9a              4485   0    Safari: (WebKit) [com.apple.WebKit:ProcessSuspension] 0x11e0012c8 - [PID=11717] ProcessThrottler::updateThrottleStateIfNeeded: sending ProcessDidResume IPC because the WebProcess is still processing request to suspend=18
2024-10-30 10:19:56.525659-0300 0x1e7da    Default     0x59e63              647    0    gamepolicyd: (RunningBoardServices) [com.apple.runningboard:monitor] Received state update for 11717 (xpcservice<com.apple.WebKit.WebContent([app<application.com.apple.Safari.59603.59758(502)>:4485])(502)>{vt hash: 0}[uuid:EE599C21-7139-465C-801D-F7C13382F234]:11717, running-active-NotVisible
2024-10-30 10:19:56.524691-0300 0x1e689    Default     0x59e9a              4485   0    Safari: (WebKit) [com.apple.WebKit:ProcessSuspension] 0x11e0a7c60 - ProcessAssertion::acquireSync Successfully took RBS assertion 'WebProcess Background Assertion' for process with PID=11717
2024-10-30 10:19:56.524699-0300 0xa568     Default     0x59e9a              4485   0    Safari: (WebKit) [com.apple.WebKit:ProcessSuspension] 0x11e001200 - [PID=11717] WebProcessProxy::sendProcessDidResume:
2024-10-30 10:19:56.524915-0300 0xa568     Default     0x59e9a              4485   0    Safari: (WebKit) [com.apple.WebKit:ProcessSuspension] 0x11e0012c8 - [PID=11717] ProcessThrottler::setThrottleState: Updating process assertion type to 3 (foregroundActivities=1, backgroundActivities=0)
2024-10-30 10:19:56.525131-0300 0xa568     Default     0x59e9a              4485   0    Safari: (WebKit) [com.apple.WebKit:ProcessSuspension] 0x11e001200 - [PID=11717] WebProcessProxy::didChangeThrottleState: type=2
2024-10-30 10:19:56.525235-0300 0xa568     Default     0x59e9a              4485   0    Safari: (WebKit) [com.apple.WebKit:ProcessSuspension] 0x11e001200 - [PID=11717] WebProcessProxy::didChangeThrottleState(Foreground) Taking foreground assertion for network process
2024-10-30 10:19:56.525453-0300 0xa568     Default     0x59e9a              4485   0    Safari: (WebKit) [com.apple.WebKit:ProcessSuspension] 0x11e019e30 - [PID=4490, throttler=0x11e0381c8] ProcessThrottler::Activity::Activity: Starting foreground activity / 'Networking for foreground view(s)'
2024-10-30 10:19:56.525877-0300 0xa568     Default     0x59e9a              4485   0    Safari: (WebKit) [com.apple.WebKit:ProcessSuspension] 0x11e019cb0 - [PID=4490, throttler=0x11e0381c8] ProcessThrottler::Activity::invalidate: Ending background activity / 'Networking for background view(s)'
2024-10-30 10:19:56.526294-0300 0xa568     Default     0x59e9a              4485   0    Safari: (WebKit) [com.apple.WebKit:ProcessSuspension] 0x11e019e60 - [PID=4491, throttler=0x11e0565c8] ProcessThrottler::Activity::Activity: Starting foreground activity / 'GPU for foreground view(s)'
2024-10-30 10:19:56.526507-0300 0xa568     Default     0x59e9a              4485   0    Safari: (WebKit) [com.apple.WebKit:ProcessSuspension] 0x11e019ce0 - [PID=4491, throttler=0x11e0565c8] ProcessThrottler::Activity::invalidate: Ending background activity / 'GPU for background view(s)'
2024-10-30 10:19:56.526622-0300 0xa568     Default     0x59e9a              4485   0    Safari: (WebKit) [com.apple.WebKit:ProcessSuspension] 0x11e019dd0 - [PID=11717, throttler=0x11e0012c8] ProcessThrottler::Activity::Activity: Starting foreground activity / 'Client navigation'
2024-10-30 10:19:56.526739-0300 0xa568     Default     0x59e9a              4485   0    Safari: (WebKit) [com.apple.WebKit:Loading] 0x14681a618 - [pageProxyID=801, webPageID=802, PID=11717] WebPageProxy::loadRequestWithNavigationShared:
2024-10-30 10:19:56.527911-0300 0xa568     Default     0x59e9a              4485   0    Safari: (WebKit) [com.apple.WebKit:ProcessSuspension] 0x11e0a7c00 - NavigationState is taking a process network assertion because a page load started
2024-10-30 10:19:56.527950-0300 0xa568     Default     0x59e9a              4485   0    Safari: (WebKit) [com.apple.WebKit:ProcessSuspension] 0x11e019e90 - [PID=11717, throttler=0x11e0012c8] ProcessThrottler::Activity::Activity: Starting background activity / 'Page Load'
2024-10-30 10:19:56.528403-0300 0xa568     Default     0x0                  4485   0    Safari: (WebKit) [com.apple.WebKit:ProcessSuspension] 0x11e038100 - NetworkProcessProxy is taking a background assertion because a web process is requesting a connection
2024-10-30 10:19:56.529603-0300 0xa568     Default     0x0                  4485   0    Safari: (TextInputUIMacHelper) [com.apple.TextInputUI:CursorUI] -[TUINSCursorUIController scheduleUpdateCursorLocation]
2024-10-30 10:19:56.530418-0300 0xa568     Default     0x0                  4485   0    Safari: (CoreParsec) [com.apple.parsec:Bag] FTE description lookup for <private>, returning FTE of length 336
2024-10-30 10:19:56.530827-0300 0xa568     Default     0x0                  4485   0    Safari: (CoreParsec) [com.apple.parsec:Bag] FTE description lookup for <private>, returning FTE of length 336
2024-10-30 10:19:56.531437-0300 0x1e957    Default     0x0                  4493   0    com.apple.Safari.SearchHelper: (CFNetwork) [com.apple.CFNetwork:Summary] Task <DC789D78-BA4E-4778-96F4-C5CA6DAA2610>.<2> summary for task failure {transaction_duration_ms=221, response_status=-1, connection=28, reused=1, reused_after_ms=0, request_start_ms=0, request_duration_ms=0, response_start_ms=0, response_duration_ms=0, request_bytes=0, response_bytes=0, cache_hit=false}
2024-10-30 10:19:56.531560-0300 0x1e957    Default     0x0                  4493   0    com.apple.Safari.SearchHelper: (CFNetwork) Connection 28: cleaning up
2024-10-30 10:19:56.531559-0300 0x1e64a    Default     0x0                  4493   0    com.apple.Safari.SearchHelper: (CFNetwork) Task <DC789D78-BA4E-4778-96F4-C5CA6DAA2610>.<2> finished with error [-999] <private>
2024-10-30 10:19:56.531568-0300 0xa62a     Default     0x0                  4493   0    com.apple.Safari.SearchHelper: (CFNetwork) Task <2B93120A-2B9D-4FDF-B9A8-25E656513AAC>.<3> resuming, timeouts(2.0, 604800.0) QOS(0x15) Voucher <private>
2024-10-30 10:19:56.531589-0300 0x1e957    Default     0x0                  4493   0    com.apple.Safari.SearchHelper: (CFNetwork) [com.apple.CFNetwork:Summary] Connection 28: summary for unused connection {protocol="(null)", domain_lookup_duration_ms=0, connect_duration_ms=0, secure_connection_duration_ms=0, private_relay=false, idle_duration_ms=0}
2024-10-30 10:19:56.531496-0300 0xa568     Activity    0x59e9b              4485   0    Safari: (SafariSharedUI) Site Metadata Request
2024-10-30 10:19:56.531636-0300 0x1e957    Default     0x0                  4493   0    com.apple.Safari.SearchHelper: (Network) [com.apple.network:connection] [C28 EC615833-D96C-425C-A190-0B9D1F298019 Hostname#ff25123b:443 quic-connection, url hash: bb709f4c, traffic class: 300, definite, attribution: website] cancel
2024-10-30 10:19:56.531532-0300 0xa568     Default     0x59e9b              4485   0    Safari: (SafariSharedUI) [com.apple.SafariShared:SiteMetadata] Beginning site metadata request for <mask.hash: 'cl9auWU7CDRd8H1QsgrY5w=='>
2024-10-30 10:19:56.531674-0300 0x1e957    Default     0x0                  4493   0    com.apple.Safari.SearchHelper: (Network) [com.apple.network:connection] [C28 Hostname#ff25123b:443 quic-connection, url hash: bb709f4c, traffic class: 300, definite, attribution: website] cancelled
2024-10-30 10:19:56.531798-0300 0x1e957    Default     0x0                  4493   0    com.apple.Safari.SearchHelper: (Network) [com.apple.network:connection] nw_connection_report_state_with_handler_on_nw_queue [C28] reporting state cancelled error Socket is not connected
2024-10-30 10:19:56.531908-0300 0x1e957    Default     0x0                  4493   0    com.apple.Safari.SearchHelper: (CFNetwork) Task <DC789D78-BA4E-4778-96F4-C5CA6DAA2610>.<2> can retry(N) with reason(2) for error [1:89]
2024-10-30 10:19:56.532032-0300 0x1e957    Default     0x0                  4493   0    com.apple.Safari.SearchHelper: (CFNetwork) Task <DC789D78-BA4E-4778-96F4-C5CA6DAA2610>.<2> HTTP load canceled, 0/0 bytes (error code: -999 [1:89])
2024-10-30 10:19:56.532861-0300 0x1e64a    Default     0x0                  4493   0    com.apple.Safari.SearchHelper: (CFNetwork) Connection 0: creating secure tcp or quic connection
2024-10-30 10:19:56.533068-0300 0x1e64a    Default     0x0                  4493   0    com.apple.Safari.SearchHelper: (CFNetwork) Connection 29: enabling TLS
2024-10-30 10:19:56.533100-0300 0x1e64a    Default     0x0                  4493   0    com.apple.Safari.SearchHelper: (CFNetwork) Connection 29: starting, TC(0x12c)
2024-10-30 10:19:56.533139-0300 0x1e64a    Default     0x0                  4493   0    com.apple.Safari.SearchHelper: (Network) [com.apple.network:connection] [C29 BE31EB58-EAF2-4EF9-AD45-75E17CB2CA6C Hostname#ff25123b:443 quic-connection, url hash: bb709f4c, definite, attribution: website, context: com.apple.CFNetwork.NSURLSession.{48F2A064-6DC7-4D40-BB97-67802477146D}{(null)}{Y}{3}{0x0} (sensitive), proc: 59E5DD2A-F3F8-376B-8988-AE6EE89C6F86, traffic class: 300] start
2024-10-30 10:19:56.533175-0300 0x1e64a    Default     0x0                  4493   0    com.apple.Safari.SearchHelper: (Network) [com.apple.network:connection] [C29 Hostname#ff25123b:443 initial parent-flow ((null))] event: path:start @0.000s
2024-10-30 10:19:56.533270-0300 0x1e64a    Default     0x0                  4493   0    com.apple.Safari.SearchHelper: (Network) [com.apple.network:connection] [C29 Hostname#ff25123b:443 waiting parent-flow (satisfied (Path is satisfied), interface: en0[802.11], ipv4, dns, uses wifi)] event: path:satisfied @0.000s, uuid: 4A702C35-FBFA-419F-8682-FFD0767C1551
2024-10-30 10:19:56.533363-0300 0x1e64a    Default     0x0                  4493   0    com.apple.Safari.SearchHelper: (Network) [com.apple.network:connection] [C29 Hostname#ff25123b:443 in_progress parent-flow (satisfied (Path is satisfied), interface: en0[802.11], ipv4, dns, uses wifi)] event: flow:start_connect @0.000s
2024-10-30 10:19:56.533396-0300 0x1e64a    Default     0x0                  4493   0    com.apple.Safari.SearchHelper: (Network) [com.apple.network:connection] nw_connection_report_state_with_handler_on_nw_queue [C29] reporting state preparing
2024-10-30 10:19:56.533513-0300 0x1e64a    Default     0x0                  4493   0    com.apple.Safari.SearchHelper: (Network) [com.apple.network:connection] [C29 Hostname#ff25123b:443 in_progress parent-flow (satisfied (Path is satisfied), interface: en0[802.11], ipv4, dns, uses wifi)] event: flow:start_child @0.000s
2024-10-30 10:19:56.533551-0300 0x1e64a    Default     0x0                  4493   0    com.apple.Safari.SearchHelper: (Network) [com.apple.network:connection] [C29.1 Hostname#ff25123b:443 initial path ((null))] event: path:start @0.000s
2024-10-30 10:19:56.533596-0300 0x1e64a    Default     0x0                  4493   0    com.apple.Safari.SearchHelper: (Network) [com.apple.network:connection] [C29.1 Hostname#ff25123b:443 waiting path (satisfied (Path is satisfied), interface: en0[802.11], ipv4, dns, uses wifi)] event: path:satisfied @0.000s, uuid: 4A702C35-FBFA-419F-8682-FFD0767C1551
2024-10-30 10:19:56.534050-0300 0x1e951    Default     0x0                  465    0    mDNSResponder: [com.apple.mdns:dnssd_server] [R4620] getaddrinfo start -- flags: 0xC000D000, ifindex: 0, protocols: 0, hostname: <mask.hash: 'Fjsv1OPVrV4kKxVavrqNfQ=='>, options: 0x8 {use-failover}, client pid: 4493 (com.apple.Safar)
2024-10-30 10:19:56.533630-0300 0x1e64a    Default     0x0                  4493   0    com.apple.Safari.SearchHelper: (Network) [com.apple.network:connection] [C29.1 Hostname#ff25123b:443 in_progress transform (satisfied (Path is satisfied), interface: en0[802.11], ipv4, dns, uses wifi)] event: transform:start @0.000s
2024-10-30 10:19:56.534147-0300 0x1e951    Default     0x0                  465    0    mDNSResponder: [com.apple.mDNSResponder:Default] [R4620->Q60269] Question for <mask.hash: 'ZVbilJx2SPxs4T8mPTFkcw=='> (HTTPS) assigned DNS service 18
2024-10-30 10:19:56.533717-0300 0x1e64a    Default     0x0                  4493   0    com.apple.Safari.SearchHelper: (Network) [com.apple.network:connection] [C29.1.1 Hostname#ff25123b:443 initial path ((null))] event: path:start @0.000s
2024-10-30 10:19:56.534197-0300 0x1e951    Default     0x0                  465    0    mDNSResponder: [com.apple.mDNSResponder:Default] [R4620->Q47221] Question for <mask.hash: 'ZVbilJx2SPxs4T8mPTFkcw=='> (AAAA) assigned DNS service 18
2024-10-30 10:19:56.533760-0300 0x1e64a    Default     0x0                  4493   0    com.apple.Safari.SearchHelper: (Network) [com.apple.network:connection] [C29.1.1 Hostname#ff25123b:443 waiting path (satisfied (Path is satisfied), interface: en0[802.11], ipv4, dns, uses wifi)] event: path:satisfied @0.000s, uuid: 432CE642-6D67-47EA-B01C-37629192D591
2024-10-30 10:19:56.534227-0300 0x1e951    Default     0x0                  465    0    mDNSResponder: [com.apple.mDNSResponder:Default] [Q47221] DetermineUnicastQuerySuppression: Query suppressed for <mask.hash: 'ZVbilJx2SPxs4T8mPTFkcw=='> AAAA (AAAA records are unusable)
2024-10-30 10:19:56.533814-0300 0x1e64a    Default     0x0                  4493   0    com.apple.Safari.SearchHelper: (Network) [com.apple.network:connection] [C29.1.1 Hostname#ff25123b:443 in_progress resolver (satisfied (Path is satisfied), interface: en0[802.11], ipv4, dns, uses wifi)] event: resolver:start_dns @0.000s
2024-10-30 10:19:56.534255-0300 0x1e951    Default     0x0                  465    0    mDNSResponder: [com.apple.mDNSResponder:Default] [R4620->DupQ47221->Q37569] Duplicate question <mask.hash: 'ZVbilJx2SPxs4T8mPTFkcw=='> (AAAA)
2024-10-30 10:19:56.533960-0300 0x1e64a    Default     0x0                  4493   0    com.apple.Safari.SearchHelper: (CFNetwork) Task <2B93120A-2B9D-4FDF-B9A8-25E656513AAC>.<3> setting up Connection 29
2024-10-30 10:19:56.534287-0300 0x1e951    Default     0x0                  465    0    mDNSResponder: [com.apple.mDNSResponder:Default] [R4620->Q18581] Question for <mask.hash: 'ZVbilJx2SPxs4T8mPTFkcw=='> (Addr) assigned DNS service 18
2024-10-30 10:19:56.534392-0300 0x1024     Default     0x0                  465    0    mDNSResponder: [com.apple.mDNSResponder:Default] [R4620->Q60269] AnswerQuestionByFollowingCNAME: 0x1544137d0 <mask.hash: 'ZVbilJx2SPxs4T8mPTFkcw=='> (HTTPS) following CNAME referral 0 for <mask.hash: 'c7d5VLzHVeK7y/5lW59tsQ=='>
2024-10-30 10:19:56.534468-0300 0x1024     Default     0x0                  465    0    mDNSResponder: [com.apple.mDNSResponder:Default] [R4620->Q58076] Question for <mask.hash: 'jFGYmOR0fOUtDXJKFxxl7Q=='> (HTTPS) assigned DNS service 18
2024-10-30 10:19:56.534497-0300 0x1024     Default     0x0                  465    0    mDNSResponder: [com.apple.mDNSResponder:Default] [R4620->DupQ58076->Q48367] Duplicate question <mask.hash: 'jFGYmOR0fOUtDXJKFxxl7Q=='> (HTTPS)
2024-10-30 10:19:56.534522-0300 0x1024     Default     0x0                  465    0    mDNSResponder: [com.apple.mDNSResponder:Default] [R4620->Q47221] GenerateNegativeResponse: Generating negative response for question <mask.hash: 'ZVbilJx2SPxs4T8mPTFkcw=='> (AAAA)
2024-10-30 10:19:56.535545-0300 0x1e8f1    Default     0x0                  4485   0    Safari: (Network) [com.apple.network:activity] Create activity <nw_activity 14:3>
2024-10-30 10:19:56.535623-0300 0x1e941    Default     0x0                  11717  0    com.apple.WebKit.WebContent: (WebKit) [com.apple.WebKit:ProcessSuspension] 0x10a040150 - [sessionID=2] WebProcess::prepareToSuspend: isSuspensionImminent=0, remainingRunTime=1.012090s
2024-10-30 10:19:56.534626-0300 0x1024     Default     0x0                  465    0    mDNSResponder: [com.apple.mDNSResponder:Default] [R4620->Q18581] AnswerQuestionByFollowingCNAME: 0x154413f00 <mask.hash: 'ZVbilJx2SPxs4T8mPTFkcw=='> (Addr) following CNAME referral 0 for <mask.hash: 'c7d5VLzHVeK7y/5lW59tsQ=='>
2024-10-30 10:19:56.535641-0300 0x1e8f1    Default     0x0                  4485   0    Safari: (Network) [com.apple.network:activity] Activated <nw_activity 14:3[6009B0BB-51B5-417F-92BC-8351D90F5ADD]   (reporting strategy default)>
2024-10-30 10:19:56.535694-0300 0x1e941    Default     0x0                  11717  0    com.apple.WebKit.WebContent: (WebKit) [com.apple.WebKit:ProcessSuspension] 0x10a040150 - [sessionID=2] WebProcess::freezeAllLayerTrees: WebProcess is freezing all layer trees
2024-10-30 10:19:56.534780-0300 0x1024     Default     0x0                  465    0    mDNSResponder: [com.apple.mDNSResponder:Default] [R4620->Q17237] Question for <mask.hash: 'jFGYmOR0fOUtDXJKFxxl7Q=='> (Addr) assigned DNS service 18
2024-10-30 10:19:56.536004-0300 0x1bfcf    Default     0x0                  1012   0    parsecd: (Network) [com.apple.network:activity] Create activity <nw_activity [6009B0BB-51B5-417F-92BC-8351D90F5ADD] (lightweight)>
2024-10-30 10:19:56.535744-0300 0x1e941    Default     0x0                  11717  0    com.apple.WebKit.WebContent: (WebKit) [com.apple.WebKit:ProcessSuspension] 0x10a040150 - [sessionID=2] WebProcess::destroyRenderingResources: took 0.02ms
2024-10-30 10:19:56.535055-0300 0x1024     Default     0x0                  465    0    mDNSResponder: [com.apple.mDNSResponder:Default] [R4620->DupQ17237->Q30578] Duplicate question <mask.hash: 'jFGYmOR0fOUtDXJKFxxl7Q=='> (Addr)
2024-10-30 10:19:56.536677-0300 0x1bfcf    Default     0x0                  1012   0    parsecd: [com.apple.parsecd:Parsec_Search] Session com.apple.safari performing query 30 requestId: 14720887796321290341 '<private>', length: 3
2024-10-30 10:19:56.535293-0300 0x1e951    Default     0x0                  465    0    mDNSResponder: [com.apple.mdns:dnssd_server] [R4620->Q47221] getaddrinfo result -- event: add, ifindex: 0, name: BBIkslzB, type: AAAA, rdata: <none>, reason: query-suppressed
2024-10-30 10:19:56.537707-0300 0x1e39d    Default     0x0                  1012   0    parsecd: [com.apple.parsecd:Parsec_Caching] ECC completionsForInput: <private>
2024-10-30 10:19:56.535354-0300 0x1e951    Default     0x0                  465    0    mDNSResponder: [com.apple.mdns:dnssd_server] [R4620->Q17237] getaddrinfo result -- event: add, ifindex: 0, name: BBWRfgMT, type: A, rdata: BBCwQtTA, expired: no
2024-10-30 10:19:56.539819-0300 0x1bfcf    Default     0x0                  1012   0    parsecd: (Network) [com.apple.network:activity] Create activity <nw_activity 14:3>
2024-10-30 10:19:56.535769-0300 0x1e941    Default     0x0                  11717  0    com.apple.WebKit.WebContent: (WebKit) [com.apple.WebKit:ProcessSuspension] 0x10a040150 - [sessionID=2] WebProcess::markAllLayersVolatile:
2024-10-30 10:19:56.541303-0300 0x1e951    Default     0x0                  465    0    mDNSResponder: (libxpc.dylib) [com.apple.xpc:connection] [0x154235810] activating connection: mach=false listener=false peer=true name=com.apple.dnssd.service.peer[4490].0x154235810
2024-10-30 10:19:56.539888-0300 0x1bfcf    Default     0x0                  1012   0    parsecd: (Network) [com.apple.network:activity] Activated <nw_activity 14:3[9BF0CA7E-E111-4927-842A-1A69E606E064]   (reporting strategy default)> with parent <nw_activity 0:0[6009B0BB-51B5-417F-92BC-8351D90F5ADD] (lightweight)   (reporting strategy default)>
2024-10-30 10:19:56.535793-0300 0x1e941    Default     0x0                  11717  0    com.apple.WebKit.WebContent: (WebKit) [com.apple.WebKit:ProcessSuspension] 0x10a040150 - [sessionID=2] WebProcess::prepareToSuspend: Process is ready to suspend
2024-10-30 10:19:56.541411-0300 0x1e951    Default     0x0                  465    0    mDNSResponder: [com.apple.mdns:dnssd_server] [R4621] getaddrinfo start -- flags: 0xC000D000, ifindex: 0, protocols: 0, hostname: <mask.hash: 'k2E7PpDkKgCa7QgrtY9xqQ=='>, options: 0xC {in-app-browser, use-failover}, client pid: 4490 (com.apple.WebKi), delegator pid: 4485 (Safari)
2024-10-30 10:19:56.540147-0300 0x1bfcf    Default     0x0                  1012   0    parsecd: (CFNetwork) Task <6831FF20-126B-4319-8CC3-FEC09498B619>.<15> resuming, timeouts(5.0, 604800.0) QOS(0x19) Voucher <private>
2024-10-30 10:19:56.536534-0300 0x1e941    Default     0x0                  11717  0    com.apple.WebKit.WebContent: (WebKit) [com.apple.WebKit:Loading] 0x15081f008 - [webPageID=802] WebPage::constructor:
2024-10-30 10:19:56.541466-0300 0x1e951    Default     0x0                  465    0    mDNSResponder: [com.apple.mDNSResponder:Default] [R4621->Q15206] Question for <mask.hash: 'Lknwf4NMuGPFZbr2COOf5Q=='> (HTTPS) assigned DNS service 18
2024-10-30 10:19:56.540761-0300 0x1bfcf    Default     0x0                  1012   0    parsecd: (Network) [com.apple.network:connection] [C6] event: client:connection_reused @29.760s
2024-10-30 10:19:56.541265-0300 0x1e941    Default     0x0                  11717  0    com.apple.WebKit.WebContent: (WebCore) [com.apple.WebKit:ResourceLoading] 0x10a0f8340 - [pageID=802, frameID=2, isMainFrame=1] FrameLoader::setPolicyDocumentLoader: Setting policy document loader to 0x114000000 (was 0x0)
2024-10-30 10:19:56.541503-0300 0x1e951    Default     0x0                  465    0    mDNSResponder: [com.apple.mDNSResponder:Default] [R4621->Q55582] Question for <mask.hash: 'Lknwf4NMuGPFZbr2COOf5Q=='> (AAAA) assigned DNS service 18
2024-10-30 10:19:56.540900-0300 0x1bfcf    Default     0x0                  1012   0    parsecd: (CFNetwork) Task <6831FF20-126B-4319-8CC3-FEC09498B619>.<15> now using Connection 6
2024-10-30 10:19:56.541768-0300 0x1e941    Default     0x0                  11717  0    com.apple.WebKit.WebContent: (WebCore) [com.apple.WebKit:Network] 0x114000000 - [pageID=802, frameID=2, isMainFrame=1] DocumentLoader::DocumentLoader::attachToFrame: m_frame=0x10a060680
2024-10-30 10:19:56.541528-0300 0x1e951    Default     0x0                  465    0    mDNSResponder: [com.apple.mDNSResponder:Default] [Q55582] DetermineUnicastQuerySuppression: Query suppressed for <mask.hash: 'Lknwf4NMuGPFZbr2COOf5Q=='> AAAA (AAAA records are unusable)
2024-10-30 10:19:56.540934-0300 0x1bfcf    Default     0x0                  1012   0    parsecd: (Network) [com.apple.network:activity] [C6] event: client:start_activity @29.761s, activity <nw_activity 14:3[9BF0CA7E-E111-4927-842A-1A69E606E064]   (reporting strategy default)>
2024-10-30 10:19:56.541801-0300 0x1e941    Default     0x0                  11717  0    com.apple.WebKit.WebContent: (WebCore) [com.apple.WebKit:ResourceLoading] 0x10a0f8340 - [pageID=802, frameID=2, isMainFrame=1] FrameLoader::setProvisionalDocumentLoader: Setting provisional document loader to 0x114000000 (was 0x0)
2024-10-30 10:19:56.541555-0300 0x1e951    Default     0x0                  465    0    mDNSResponder: [com.apple.mDNSResponder:Default] [R4621->Q37086] Question for <mask.hash: 'Lknwf4NMuGPFZbr2COOf5Q=='> (Addr) assigned DNS service 18
2024-10-30 10:19:56.541254-0300 0x1bfcf    Default     0x0                  1012   0    parsecd: (CFNetwork) Task <6831FF20-126B-4319-8CC3-FEC09498B619>.<15> sent request, body N 0
2024-10-30 10:19:56.541830-0300 0x1e941    Default     0x0                  11717  0    com.apple.WebKit.WebContent: (WebCore) [com.apple.WebKit:ResourceLoading] 0x10a0f8340 - [pageID=802, frameID=2, isMainFrame=1] FrameLoader::setDocumentLoader: Setting document loader to 0x114000000 (was 0x0)
2024-10-30 10:19:56.542684-0300 0x1024     Default     0x0                  465    0    mDNSResponder: [com.apple.mDNSResponder:Default] [R4621->Q55582] GenerateNegativeResponse: Generating negative response for question <mask.hash: 'Lknwf4NMuGPFZbr2COOf5Q=='> (AAAA)
2024-10-30 10:19:56.541905-0300 0x1e941    Default     0x0                  11717  0    com.apple.WebKit.WebContent: (WebCore) [com.apple.WebKit:ResourceLoading] 0x10a0f8340 - [pageID=802, frameID=2, isMainFrame=1] FrameLoader::transitionToCommitted: Clearing provisional document loader (m_provisionalDocumentLoader=0x114000000)
2024-10-30 10:19:56.543595-0300 0x1024     Default     0x0                  465    0    mDNSResponder: (libnetworkextension.dylib) [com.apple.networkextension:] NEHelperTrackerProcessMatch: domain lookup - found match for tracker domain (pid 4485 ) for Web
2024-10-30 10:19:56.542155-0300 0x1e941    Default     0x0                  11717  0    com.apple.WebKit.WebContent: (WebCore) [com.apple.WebKit:ResourceLoading] 0x10a0f8340 - [pageID=802, frameID=2, isMainFrame=1] FrameLoader::setProvisionalDocumentLoader: Setting provisional document loader to 0x0 (was 0x114000000)
2024-10-30 10:19:56.544577-0300 0x1e407    Default     0x0                  465    0    mDNSResponder: (CFNetwork) Task <A14B1804-4B5C-4A15-B755-70E52A9F977A>.<1322> resuming, timeouts(60.0, 604800.0) QOS(0x15) Voucher (null)
2024-10-30 10:19:56.542872-0300 0x1e941    Default     0x0                  11717  0    com.apple.WebKit.WebContent: (AppKit) [com.apple.AppKit:Appearance] Current system appearance, (HLTB: 1), (SLS: 0)
2024-10-30 10:19:56.545442-0300 0x1e407    Default     0x0                  465    0    mDNSResponder: [com.apple.mdns:resolver] [Q15206] Sent 128-byte query #1 to BBFuotdR over HTTPS via en0/12 -- id: 0x0000 (0), flags: 0x0100 (Q/Query, RD, NoError), counts: 1/0/0/1, BBkwWtlk IN HTTPS?, . OPT 512 0 {EDE, code: 0 (Other Error), extra-text: ''}, {Padding, [74 B]}
2024-10-30 10:19:56.545548-0300 0x1e407    Default     0x0                  465    0    mDNSResponder: (Network) [com.apple.network:activity] Create activity <nw_activity 33:1>
2024-10-30 10:19:56.545928-0300 0x1e941    Default     0x0                  11717  0    com.apple.WebKit.WebContent: (AppKit) [com.apple.AppKit:Appearance] Current system appearance, (HLTB: 1), (SLS: 0)
2024-10-30 10:19:56.545600-0300 0x1e407    Default     0x0                  465    0    mDNSResponder: (Network) [com.apple.network:activity] Activated <nw_activity 33:1[C81D1179-373E-4EC3-801C-D41E5FFB9E30]   (reporting strategy default)>
2024-10-30 10:19:56.545770-0300 0x1e407    Default     0x0                  465    0    mDNSResponder: (CFNetwork) Task <60AB32EF-5F14-402B-9528-6B921133CA0C>.<1323> resuming, timeouts(60.0, 604800.0) QOS(0x15) Voucher (null)
2024-10-30 10:19:56.545824-0300 0x1e407    Default     0x0                  465    0    mDNSResponder: [com.apple.mdns:resolver] [Q37086] Sent 128-byte query #1 to BBFuotdR over HTTPS via en0/12 -- id: 0x0000 (0), flags: 0x0100 (Q/Query, RD, NoError), counts: 1/0/0/1, BBkwWtlk IN A?, . OPT 512 0 {EDE, code: 0 (Other Error), extra-text: ''}, {Padding, [74 B]}
2024-10-30 10:19:56.546755-0300 0x1e941    Default     0x0                  11717  0    com.apple.WebKit.WebContent: (AppKit) [com.apple.AppKit:Appearance] Post-registration system appearance: (HLTB: 1)
2024-10-30 10:19:56.546987-0300 0x1e951    Default     0x0                  465    0    mDNSResponder: (CFNetwork) Task <A14B1804-4B5C-4A15-B755-70E52A9F977A>.<1322> now using Connection 81
2024-10-30 10:19:56.547614-0300 0x1e951    Default     0x0                  465    0    mDNSResponder: (CFNetwork) Task <60AB32EF-5F14-402B-9528-6B921133CA0C>.<1323> now using Connection 81
2024-10-30 10:19:56.547659-0300 0x1e951    Default     0x0                  465    0    mDNSResponder: (Network) [com.apple.network:activity] [C81] event: client:start_activity @47.672s, activity <nw_activity 33:1[C81D1179-373E-4EC3-801C-D41E5FFB9E30]   (reporting strategy default)>
2024-10-30 10:19:56.547833-0300 0x1e951    Default     0x0                  465    0    mDNSResponder: (CFNetwork) [com.apple.cfnetwork:h3stream] 0x154127e58 ID=72 Task <A14B1804-4B5C-4A15-B755-70E52A9F977A>.<1322> sent request, body N 0
2024-10-30 10:19:56.547866-0300 0x1e951    Default     0x0                  465    0    mDNSResponder: (CFNetwork) [com.apple.cfnetwork:h3stream] 0x1540468f8 ID=76 Task <60AB32EF-5F14-402B-9528-6B921133CA0C>.<1323> sent request, body N 0
2024-10-30 10:19:56.548776-0300 0x1e39f    Default     0x0                  1012   0    parsecd: [com.apple.parsecd:Parsec_Search] Client session uuid: C84267D0-3708-4361-9DF9-E7831C421674 requestId: 14720887796321290341 queryId: 30
2024-10-30 10:19:56.552204-0300 0x1e945    Activity    0x59ea5              11717  0    com.apple.WebKit.WebContent: (CoreFoundation) Loading Preferences From Direct CFPrefsD
2024-10-30 10:19:56.556322-0300 0x1e941    Default     0x0                  11717  0    com.apple.WebKit.WebContent: (WebCore) [com.apple.WebKit:Network] 0x114000000 - [pageID=802, frameID=2, isMainFrame=1] DocumentLoader::startLoadingMainResource: Returning empty document
2024-10-30 10:19:56.556360-0300 0x1e941    Default     0x0                  11717  0    com.apple.WebKit.WebContent: (WebCore) [com.apple.WebKit:ResourceLoading] 0x10a0f8340 - [pageID=802, frameID=2, isMainFrame=1] FrameLoader::setPolicyDocumentLoader: Setting policy document loader to 0x0 (was 0x114000000)
2024-10-30 10:19:56.556762-0300 0x1e941    Default     0x0                  11717  0    com.apple.WebKit.WebContent: (WebKit) [com.apple.WebKit:ProcessSuspension] 0x15081f008 - [webPageID=802] WebPage::unfreezeLayerTree: Removing a reason to freeze layer tree (reason=1, new=0, old=0)
2024-10-30 10:19:56.556789-0300 0x1e941    Default     0x0                  11717  0    com.apple.WebKit.WebContent: (WebKit) [com.apple.WebKit:Layout] 0x10a14c180 - [webFrame=0x150105aa8, webFrameID=2, webPage=0x15081f008, webPageID=802] WebLocalFrameLoaderClient::completePageTransitionIfNeeded: dispatching didCompletePageTransition
2024-10-30 10:19:56.556809-0300 0x1e941    Default     0x0                  11717  0    com.apple.WebKit.WebContent: (WebCore) [com.apple.WebKit:ResourceLoading] 0x10a0f8340 - [pageID=802, frameID=2, isMainFrame=1] FrameLoader::setState: main frame load completed
2024-10-30 10:19:56.556827-0300 0x1e941    Default     0x0                  11717  0    com.apple.WebKit.WebContent: (WebCore) [com.apple.WebKit:PerformanceLogging] Memory usage info dump at MainFrameLoadCompleted:
2024-10-30 10:19:56.557164-0300 0x1e941    Default     0x0                  11717  0    com.apple.WebKit.WebContent: (WebCore) [com.apple.WebKit:PerformanceLogging]   page_count: 1
2024-10-30 10:19:56.557184-0300 0x1e941    Default     0x0                  11717  0    com.apple.WebKit.WebContent: (WebCore) [com.apple.WebKit:PerformanceLogging]   backforward_cache_page_count: 0
2024-10-30 10:19:56.557200-0300 0x1e941    Default     0x0                  11717  0    com.apple.WebKit.WebContent: (WebCore) [com.apple.WebKit:PerformanceLogging]   document_count: 1
2024-10-30 10:19:56.557214-0300 0x1e941    Default     0x0                  11717  0    com.apple.WebKit.WebContent: (WebCore) [com.apple.WebKit:PerformanceLogging]   javascript_gc_heap_capacity_mb: 0
2024-10-30 10:19:56.557228-0300 0x1e941    Default     0x0                  11717  0    com.apple.WebKit.WebContent: (WebCore) [com.apple.WebKit:PerformanceLogging]   javascript_gc_heap_extra_memory_size_mb: 0
2024-10-30 10:19:56.557242-0300 0x1e941    Default     0x0                  11717  0    com.apple.WebKit.WebContent: (WebCore) [com.apple.WebKit:PerformanceLogging]   internal_mb: 13
2024-10-30 10:19:56.557256-0300 0x1e941    Default     0x0                  11717  0    com.apple.WebKit.WebContent: (WebCore) [com.apple.WebKit:PerformanceLogging]   compressed_mb: 0
2024-10-30 10:19:56.557270-0300 0x1e941    Default     0x0                  11717  0    com.apple.WebKit.WebContent: (WebCore) [com.apple.WebKit:PerformanceLogging]   phys_footprint_mb: 13
2024-10-30 10:19:56.557399-0300 0x1e941    Default     0x0                  11717  0    com.apple.WebKit.WebContent: (WebCore) [com.apple.WebKit:PerformanceLogging]   resident_size_mb: 93
2024-10-30 10:19:56.557527-0300 0x1e941    Default     0x0                  11717  0    com.apple.WebKit.WebContent: (WebCore) [com.apple.WebKit:PerformanceLogging]   virtual_size_mb: 471349
2024-10-30 10:19:56.558865-0300 0x1e941    Default     0x0                  11717  0    com.apple.WebKit.WebContent: (SkyLight) [com.apple.SkyLight:default] Set a breakpoint at SLSLogBreak to catch errors/faults as they are logged.
2024-10-30 10:19:56.559172-0300 0x1e941    Error       0x0                  11717  0    com.apple.WebKit.WebContent: (SkyLight) [com.apple.SkyLight:default] Conn 0x0 is not a valid connection ID.
2024-10-30 10:19:56.559197-0300 0x1e941    Error       0x0                  11717  0    com.apple.WebKit.WebContent: (SkyLight) [com.apple.SkyLight:default] Conn 0x0 is not a valid connection ID.
2024-10-30 10:19:56.559213-0300 0x1e941    Error       0x0                  11717  0    com.apple.WebKit.WebContent: (SkyLight) [com.apple.SkyLight:default] Conn 0x0 is not a valid connection ID.
2024-10-30 10:19:56.560873-0300 0x1e941    Activity    0x59ea6              11717  0    com.apple.WebKit.WebContent: (libsystem_trace.dylib) Activity for state dumps
2024-10-30 10:19:56.560872-0300 0x1e941    Fault       0x59ea6              11717  0    com.apple.WebKit.WebContent: (CarbonCore) [com.apple.CarbonCore:sharedcache] checkinWithServer Failed bootstrap_lookup2 for name of coreservicesd, kern_return_t=#1100/0x44c Permission denied name=com.apple.CoreServices.coreservicesd
2024-10-30 10:19:56.561024-0300 0x1e941    Error       0x0                  11717  0    com.apple.WebKit.WebContent: (CarbonCore) [com.apple.CarbonCore:FileIDMap] FSNode_FillIOKitProperties could not get iokit object for <private>
2024-10-30 10:19:56.561485-0300 0x1e941    Error       0x0                  11717  0    com.apple.WebKit.WebContent: (CarbonCore) [com.apple.CarbonCore:FileIDMap] FSNode_SetFSSharedDeviceInfo failed to fetch IOKit properties for <private>
2024-10-30 10:19:56.561675-0300 0x1e941    Error       0x0                  11717  0    com.apple.WebKit.WebContent: (CarbonCore) [com.apple.CarbonCore:FileIDMap] FSNode_FillIOKitProperties could not get iokit object for <private>
2024-10-30 10:19:56.561702-0300 0x1e941    Error       0x0                  11717  0    com.apple.WebKit.WebContent: (CarbonCore) [com.apple.CarbonCore:FileIDMap] FSNode_SetFSSharedDeviceInfo failed to fetch IOKit properties for <private>
2024-10-30 10:19:56.561962-0300 0x1e941    Default     0x0                  11717  0    com.apple.WebKit.WebContent: (libxpc.dylib) [com.apple.xpc:connection] [0x14e7113e0] Channel could not return listener port.
2024-10-30 10:19:56.562279-0300 0x1e941    Error       0x0                  11717  0    com.apple.WebKit.WebContent: (SkyLight) [com.apple.SkyLight:default] Conn 0x0 is not a valid connection ID.
2024-10-30 10:19:56.562300-0300 0x1e941    Error       0x0                  11717  0    com.apple.WebKit.WebContent: (SkyLight) [com.apple.SkyLight:default] Conn 0x0 is not a valid connection ID.
2024-10-30 10:19:56.562314-0300 0x1e941    Error       0x0                  11717  0    com.apple.WebKit.WebContent: (SkyLight) [com.apple.SkyLight:default] Conn 0x0 is not a valid connection ID.
2024-10-30 10:19:56.562328-0300 0x1e941    Error       0x0                  11717  0    com.apple.WebKit.WebContent: (SkyLight) [com.apple.SkyLight:default] Conn 0x0 is not a valid connection ID.
2024-10-30 10:19:56.562340-0300 0x1e941    Error       0x0                  11717  0    com.apple.WebKit.WebContent: (SkyLight) [com.apple.SkyLight:default] Conn 0x0 is not a valid connection ID.
2024-10-30 10:19:56.562417-0300 0x1e941    Error       0x0                  11717  0    com.apple.WebKit.WebContent: (SkyLight) [com.apple.SkyLight:default] Conn 0x0 is not a valid connection ID.
2024-10-30 10:19:56.562434-0300 0x1e941    Default     0x0                  11717  0    com.apple.WebKit.WebContent: (SkyLight) [com.apple.SkyLight:default] Invalid Connection ID 0
2024-10-30 10:19:56.563421-0300 0x1e8ea    Error       0x0                  345    0    launchservicesd: [com.apple.launchservices:cas] CLIENT: 0x12f649520/11717 PROHIBITING process from accessing non-real session id 0
2024-10-30 10:19:56.563445-0300 0x1e947    Default     0x0                  11717  0    com.apple.WebKit.WebContent: (libxpc.dylib) [com.apple.xpc:connection] [0x14e7113e0] invalidated because the current process cancelled the connection by calling xpc_connection_cancel()
2024-10-30 10:19:56.563454-0300 0x1e8ea    Default     0x0                  345    0    launchservicesd: (libxpc.dylib) [com.apple.xpc:connection] [0x12f67a480] invalidated because the current process cancelled the connection by calling xpc_connection_cancel()
2024-10-30 10:19:56.563485-0300 0x1e948    Default     0x0                  11717  0    com.apple.WebKit.WebContent: (libxpc.dylib) [com.apple.xpc:connection] [0x15002a570] invalidated because the current process cancelled the connection by calling xpc_connection_cancel()
2024-10-30 10:19:56.563608-0300 0x1e929    Default     0x0                  345    0    launchservicesd: (libxpc.dylib) [com.apple.xpc:connection] [0x1303277a0] Re-initialization successful; calling out to event handler with XPC_ERROR_CONNECTION_INTERRUPTED
2024-10-30 10:19:56.563555-0300 0x1e947    Default     0x0                  11717  0    com.apple.WebKit.WebContent: (libxpc.dylib) [com.apple.xpc:connection] [0x150107b10] invalidated because the current process cancelled the connection by calling xpc_connection_cancel()
2024-10-30 10:19:56.563975-0300 0x1e929    Default     0x0                  345    0    launchservicesd: (libxpc.dylib) [com.apple.xpc:connection] [0x1303277a0] invalidated after the last release of the connection object
2024-10-30 10:19:56.564446-0300 0x1e941    Error       0x0                  0      0    kernel: (Sandbox) 21 duplicate reports for Sandbox: com.apple.WebKit.Networking(4490) deny(1) mach-lookup com.apple.diagnosticd
2024-10-30 10:19:56.564458-0300 0x1e941    Error       0x0                  0      0    kernel: (Sandbox) Sandbox: com.apple.WebKit.WebContent(11717) deny(1) file-read-data /dev/dtracehelper
2024-10-30 10:19:56.565907-0300 0x1e941    Default     0x0                  11717  0    com.apple.WebKit.WebContent: (WebCore) [com.apple.WebKit:PerformanceLogging] 0x10a0f42c0 - PerformanceMonitor::measureCPUUsageInActivityState: Process is using 136.2% CPU in state: VisibleNonActive
2024-10-30 10:19:56.567414-0300 0x1e941    Default     0x0                  11717  0    com.apple.WebKit.WebContent: (WebKit) [com.apple.WebKit:ProcessSuspension] 0x10a040150 - [sessionID=2] WebProcess::processDidResume:
2024-10-30 10:19:56.567441-0300 0x1e941    Default     0x0                  11717  0    com.apple.WebKit.WebContent: (WebKit) [com.apple.WebKit:ProcessSuspension] 0x10a040150 - [sessionID=2] WebProcess::cancelMarkAllLayersVolatile:
2024-10-30 10:19:56.567459-0300 0x1e941    Default     0x0                  11717  0    com.apple.WebKit.WebContent: (WebKit) [com.apple.WebKit:Layers] 0x15081f008 - [webPageID=802] WebPage::cancelMarkLayersVolatile:
2024-10-30 10:19:56.567479-0300 0x1e941    Default     0x0                  11717  0    com.apple.WebKit.WebContent: (WebKit) [com.apple.WebKit:ProcessSuspension] 0x10a040150 - [sessionID=2] WebProcess::unfreezeAllLayerTrees: WebProcess is unfreezing all layer trees
