2024-10-30 10:19:53.545533-0300 0xa568     Default     0x0                  4485   0    Safari: (libxpc.dylib) [com.apple.xpc:connection] [0x15523c300] invalidated because the current process cancelled the connection by calling xpc_connection_cancel()
2024-10-30 10:19:53.548120-0300 0xa568     Default     0x0                  4485   0    Safari: (WebKit) [com.apple.WebKit:ViewState] 0x122a6aa18 - [pageProxyID=792, webPageID=793, PID=11712] WebPageProxy::viewIsBecomingInvisible:
2024-10-30 10:19:53.556916-0300 0x2865     Default     0x0                  1145   0    TextInputSwitcher: (TextInputMenuUI) <private>
2024-10-30 10:19:53.561733-0300 0xa568     Default     0x0                  4485   0    Safari: (TextInputUIMacHelper) [com.apple.TextInputUI:CursorUI] -[TUINSCursorUIController activate:]_block_invoke: Create CursorUIViewService: TUINSRemoteViewController
2024-10-30 10:19:53.563020-0300 0xced      Default     0x0                  372    0    WindowServer: (FuseBoardServices) [com.apple.FuseBoard:SkyBridge] <private> updated window 994 from "hidden" to "visible".
2024-10-30 10:19:53.557004-0300 0x2865     Default     0x0                  1145   0    TextInputSwitcher: (TextInputMenuUI) <private>
2024-10-30 10:19:53.561988-0300 0xa568     Default     0x0                  4485   0    Safari: (libxpc.dylib) [com.apple.xpc:connection] [0x121eca510] invalidated because the current process cancelled the connection by calling xpc_connection_cancel()
2024-10-30 10:19:53.566063-0300 0x1e3d8    Error       0x0                  0      0    kernel: (Sandbox) 51 duplicate reports for Sandbox: com.apple.WebKit.WebContent(11712) deny(1) mach-lookup com.apple.diagnosticd
2024-10-30 10:19:53.545577-0300 0x2259     Default     0x0                  1004   0    CursorUIViewService: [com.apple.TextInputUI:ViewService] -[TUICursorUIViewService loadView]
2024-10-30 10:19:53.566077-0300 0x1e3d8    Error       0x0                  0      0    kernel: (Sandbox) Sandbox: com.apple.WebKit.WebContent(11712) deny(1) file-read-data /dev/dtracehelper
2024-10-30 10:19:53.553574-0300 0x2259     Default     0x0                  1004   0    CursorUIViewService: [com.apple.TextInputUI:ViewService] -[TUICursorUIViewService setTextCursorIsActive:]: YES
2024-10-30 10:19:53.565294-0300 0x1e8ea    Error       0x0                  345    0    launchservicesd: [com.apple.launchservices:cas] CLIENT: 0x130096750/11712 PROHIBITING process from accessing non-real session id 0
2024-10-30 10:19:53.553619-0300 0x2259     Default     0x0                  1004   0    CursorUIViewService: [com.apple.TextInputUI:ViewService] -[TUINSTextInputMenuController activateInputModeSwitcher]
2024-10-30 10:19:53.567298-0300 0x1e8cd    Error       0x0                  0      0    kernel: (Sandbox) Sandbox: com.apple.WebKit.WebContent(11712) deny(1) mach-lookup com.apple.diagnosticd
2024-10-30 10:19:53.565677-0300 0x1e8ea    Default     0x0                  345    0    launchservicesd: (libxpc.dylib) [com.apple.xpc:connection] [0x130087010] invalidated because the current process cancelled the connection by calling xpc_connection_cancel()
2024-10-30 10:19:53.554113-0300 0x2259     Default     0x0                  1004   0    CursorUIViewService: (libxpc.dylib) [com.apple.xpc:connection] [0x12b807b90] activating connection: mach=false listener=false peer=false name=(anonymous)
2024-10-30 10:19:53.568505-0300 0x1e3d8    Error       0x0                  0      0    kernel: (Sandbox) Sandbox: com.apple.WebKit.WebContent(11712) deny(1) syscall-unix 97
2024-10-30 10:19:53.565116-0300 0x1df39    Activity    0x59ce4              1066   0    SafariBookmarksSyncAgent: (RunningBoardServices) observedProcessStatesDidChange
2024-10-30 10:19:53.565182-0300 0x1df39    Default     0x59ce4              1066   0    SafariBookmarksSyncAgent: (RunningBoardServices) [com.apple.runningboard:monitor] Received state update for 4485 (app<application.com.apple.Safari.59603.59758(502)>, running-active-Visible
2024-10-30 10:19:53.565187-0300 0x1e452    Activity    0x59caf              647    0    gamepolicyd: (RunningBoardServices) observedProcessStatesDidChange
2024-10-30 10:19:53.562008-0300 0xa568     Default     0x0                  4485   0    Safari: (libxpc.dylib) [com.apple.xpc:connection] [0x155246990] invalidated because the current process cancelled the connection by calling xpc_connection_cancel()
2024-10-30 10:19:53.562041-0300 0xa568     Activity    0x59e4e              4485   0    Safari: (libsystem_trace.dylib) Activity for state dumps
2024-10-30 10:19:53.562040-0300 0xa568     Fault       0x59e4e              4485   0    Safari: (ViewBridge) [com.apple.ViewBridge:miscellany] CLIENT ERROR: TUINSRemoteViewController does not override -<private> and thus cannot react to catastrophic errors beyond logging them
2024-10-30 10:19:53.564771-0300 0x1e923    Activity    0x59e4f              4485   0    Safari: (RunningBoardServices) didChangeInheritances
2024-10-30 10:19:53.571649-0300 0x1e8cd    Error       0x0                  0      0    kernel: (Sandbox) Sandbox: com.apple.WebKit.GPU(4491) deny(1) mach-lookup com.apple.diagnosticd
2024-10-30 10:19:53.565036-0300 0x1e923    Default     0x59e4f              4485   0    Safari: (RunningBoardServices) [com.apple.runningboard:connection] Gained inheritances: {(
    <RBSInheritance| environment:(none) name:com.apple.frontboard.visibility origID:377-372-4761 0>
)}
2024-10-30 10:19:53.565077-0300 0x1e40b    Activity    0x59b3c              659    0    filecoordinationd: (RunningBoardServices) observedProcessStatesDidChange
2024-10-30 10:19:53.570816-0300 0xa568     Default     0x0                  4485   0    Safari: (WebKit) [com.apple.WebKit:Loading] 0x122a6aa18 - [pageProxyID=792, webPageID=793, PID=11712] WebPageProxy::decidePolicyForNavigationAction: frameID=2, isMainFrame=1, navigationID=1
2024-10-30 10:19:53.570981-0300 0xa568     Default     0x0                  4485   0    Safari: (WebKit) [com.apple.WebKit:ProcessSuspension] 0x11e056500 - GPUProcessProxy is taking a background assertion because a web process is requesting a connection
2024-10-30 10:19:53.571089-0300 0x1e923    Error       0x0                  4485   0    Safari: (SafariSharedUI) [com.apple.SafariShared:UniversalLinks] Unable to enumerate user Applications folder: Error Domain=NSCocoaErrorDomain Code=260 "O arquivo no pde ser aberto porque no existe." UserInfo={NSUnderlyingError=0x60000357c270 {Error Domain=NSOSStatusErrorDomain Code=-43 "fnfErr: File not found"}}
2024-10-30 10:19:53.571411-0300 0xa568     Default     0x0                  4485   0    Safari: (WebKit) [com.apple.WebKit:AppSSO] 0x11e0046a0 - SOAuthorizationCoordinator::tryAuthorize
2024-10-30 10:19:53.564802-0300 0x44fe     Default     0x0                  1575   0    Terminal: (TextInputUIMacHelper) [com.apple.TextInputUI:CursorUI] -[TUINSCursorUIController hideTextInputMenuHUD:] {
}
2024-10-30 10:19:53.573312-0300 0x1e131    Default     0x59e53              951    0    akd: [com.apple.authkit:siwa] Daemon is fetching native takeover urls
2024-10-30 10:19:53.571490-0300 0xa568     Activity    0x59e50              4485   0    Safari: (AppSSO) canPerformAuthorizationWithURL
2024-10-30 10:19:53.571689-0300 0xa568     Activity    0x59e51              4485   0    Safari: (AppSSOCore) canPerformAuthorizationWithURL
2024-10-30 10:19:53.571804-0300 0xa568     Activity    0x59e52              4485   0    Safari: (AppSSOCore) canPerformAuthorizationWithURL
2024-10-30 10:19:53.571883-0300 0xa568     Activity    0x59e53              4485   0    Safari: (AppSSOCore) canPerformAuthorizationWithURL
2024-10-30 10:19:53.572083-0300 0xa568     Default     0x59e53              4485   0    Safari: (AuthKit) [com.apple.authkit:siwa] Should process URL called
2024-10-30 10:19:53.572695-0300 0xa568     Default     0x59e53              4485   0    Safari: (AuthKit) [com.apple.authkit:siwa] Fetching native takeover URLs
2024-10-30 10:19:53.574081-0300 0xa568     Default     0x59e53              4485   0    Safari: (AuthKit) [com.apple.authkit:siwa] Native takeover URLs fetched
2024-10-30 10:19:53.574272-0300 0xa568     Default     0x59e53              4485   0    Safari: (AuthKit) [com.apple.authkit:siwa] URL shouldn't be processed
2024-10-30 10:19:53.575785-0300 0x1e5ce    Default     0x59e54              374    0    tccd: (libxpc.dylib) [com.apple.xpc:connection] [0x149504150] activating connection: mach=false listener=false peer=true name=com.apple.tccd.system.peer[4485].0x149504150
2024-10-30 10:19:53.574615-0300 0xa568     Default     0x0                  4485   0    Safari: (WebKit) [com.apple.WebKit:AppSSO] 0x11e0046a0 - SOAuthorizationCoordinator::tryAuthorize: The requested URL is not registered for AppSSO handling. No further action needed.
2024-10-30 10:19:53.563046-0300 0xced      Default     0x0                  372    0    WindowServer: (FuseBoardServices) [com.apple.FuseBoard:SkyBridge] <private> overall window state is now "visible"
2024-10-30 10:19:53.562830-0300 0x1e3c0    Default     0x0                  979    0    ViewBridgeAuxiliary: (libxpc.dylib) [com.apple.xpc:connection] [0x133320070] invalidated after getting a no-senders notification - client is gone
2024-10-30 10:19:53.563586-0300 0x1e8f3    Default     0x59e1a              377    0    runningboardd: (RunningBoard) [com.apple.runningboard:process] [app<application.com.apple.Safari.59603.59758(502)>:4485] Ignoring GPU update because this process is not GPU managed
2024-10-30 10:19:53.571755-0300 0x2865     Default     0x0                  1145   0    TextInputSwitcher: (TextInputMenuUI) <private>
2024-10-30 10:19:53.575855-0300 0x1e816    Default     0x59e54              374    0    tccd: [com.apple.TCC:access] REQUEST: tccd_uid=0, sender_pid=4485, sender_uid=502, sender_auid=502, function=TCCAccessRequest, msgID=4485.12
2024-10-30 10:19:53.558193-0300 0x2259     Default     0x0                  1004   0    CursorUIViewService: (LaunchServices) [com.apple.launchservices:default] No appex record for item at <private>
2024-10-30 10:19:53.565842-0300 0x1e927    Default     0x0                  345    0    launchservicesd: (libxpc.dylib) [com.apple.xpc:connection] [0x130231320] Re-initialization successful; calling out to event handler with XPC_ERROR_CONNECTION_INTERRUPTED
2024-10-30 10:19:53.574683-0300 0xa568     Default     0x0                  4485   0    Safari: (WebKit) [com.apple.WebKit:Loading] 0x122a6aa18 - [pageProxyID=792, webPageID=793, PID=11712] WebPageProxy::decidePolicyForNavigationAction: listener called: frameID=2, isMainFrame=1, navigationID=1, policyAction=0, safeBrowsingWarning=0, isAppBoundDomain=0, wasNavigationIntercepted=0
2024-10-30 10:19:53.577991-0300 0x1e40b    Default     0x59b3c              659    0    filecoordinationd: (RunningBoardServices) [com.apple.runningboard:monitor] Received state update for 4485 (app<application.com.apple.Safari.59603.59758(502)>, running-active-NotVisible
2024-10-30 10:19:53.563585-0300 0x1e8ec    Default     0x59e1a              377    0    runningboardd: (RunningBoard) [com.apple.runningboard:monitor] Calculated state for app<application.com.apple.Safari.59603.59758(502)>: running-active (role: UserInteractiveFocal) (endowments: <private>)
2024-10-30 10:19:53.578462-0300 0x1e718    Activity    0x584af              498    0    syspolicyd: (Security) SecTrustEvaluateIfNecessary
2024-10-30 10:19:53.576349-0300 0x1e816    Error       0x59e54              374    0    tccd: [com.apple.TCC:access] TCCDProcess: identifier=com.apple.Safari, pid=4485, auid=502, euid=502, binary_path=/System/Volumes/Preboot/Cryptexes/App/System/Applications/Safari.app/Contents/MacOS/Safari attempted to call TCCAccessRequest for kTCCServiceAccessibility without the recommended com.apple.private.tcc.manager.check-by-audit-token entitlement
2024-10-30 10:19:53.565593-0300 0x1e6f4    Default     0x0                  1004   0    CursorUIViewService: (libxpc.dylib) [com.apple.xpc:connection] [0x12a607430] invalidated after getting a no-senders notification - client is gone
2024-10-30 10:19:53.573660-0300 0x1e927    Default     0x0                  345    0    launchservicesd: (libxpc.dylib) [com.apple.xpc:connection] [0x130231320] invalidated after the last release of the connection object
2024-10-30 10:19:53.574762-0300 0xa568     Default     0x0                  4485   0    Safari: (WebKit) [com.apple.WebKit:Loading] 0x122a6aa18 - [pageProxyID=792, webPageID=793, PID=11712] WebPageProxy::receivedNavigationActionPolicyDecision: frameID=2, isMainFrame=1, navigationID=1, policyAction=0
2024-10-30 10:19:53.563758-0300 0x1e8f3    Default     0x59e1a              377    0    runningboardd: (RunningBoard) [com.apple.runningboard:process] [app<application.com.apple.Safari.59603.59758(502)>:4485] Ignoring memory limit update because this process is not memory-managed
2024-10-30 10:19:53.576652-0300 0x1e816    Default     0x59e54              374    0    tccd: [com.apple.TCC:access] AUTHREQ_CTX: msgID=4485.12, function=<private>, service=kTCCServiceAccessibility, preflight=yes, query=1, client_dict=(null), daemon_dict=<private>
2024-10-30 10:19:53.567025-0300 0x2259     Default     0x0                  1004   0    CursorUIViewService: [com.apple.TextInputUI:ViewService] -[TUICursorUIViewService setAccessories:]: <private>
2024-10-30 10:19:53.575049-0300 0xa568     Activity    0x59e54              4485   0    Safari: (TCC) TCCAccessRequest() IPC
2024-10-30 10:19:53.564186-0300 0x1e8f4    Default     0x59e1a              377    0    runningboardd: (RunningBoard) [com.apple.runningboard:connection] Queued gained inheritances: {(
    <RBSInheritance| environment:(none) name:com.apple.frontboard.visibility origID:377-372-4761 0>
)}
2024-10-30 10:19:53.565273-0300 0x1e452    Default     0x59caf              647    0    gamepolicyd: (RunningBoardServices) [com.apple.runningboard:monitor] Received state update for 4485 (app<application.com.apple.Safari.59603.59758(502)>, running-active-NotVisible
2024-10-30 10:19:53.576676-0300 0x1e816    Default     0x59e54              374    0    tccd: [com.apple.TCC:access] AUTHREQ_ATTRIBUTION: msgID=4485.12, attribution={accessing={TCCDProcess: identifier=com.grammarly.ProjectLlama, pid=1151, auid=502, euid=502, binary_path=/Applications/Grammarly Desktop.app/Contents/MacOS/Grammarly Desktop}, requesting={TCCDProcess: identifier=com.apple.Safari, pid=4485, auid=502, euid=502, binary_path=/System/Volumes/Preboot/Cryptexes/App/System/Applications/Safari.app/Contents/MacOS/Safari}, },
2024-10-30 10:19:53.567628-0300 0x2259     Default     0x0                  1004   0    CursorUIViewService: [com.apple.TextInputUI:ViewService] -[TUICursorUIViewService updateCursorAccessories]: view count=0
2024-10-30 10:19:53.575143-0300 0xa568     Default     0x59e54              4485   0    Safari: (libxpc.dylib) [com.apple.xpc:connection] [0x60000060ce10] activating connection: mach=true listener=false peer=false name=com.apple.tccd.system
2024-10-30 10:19:53.564377-0300 0x1e8f4    Default     0x59e1a              377    0    runningboardd: (RunningBoard) [com.apple.runningboard:connection] Inheritance changeset: <RBSInheritanceChangeSet| gained:{(
    <RBSInheritance| environment:(none) name:com.apple.frontboard.visibility origID:377-372-4761 0>
)} lost:{(
)}>
2024-10-30 10:19:53.577444-0300 0x1e816    Default     0x59e54              374    0    tccd: [com.apple.TCC:access] AUTHREQ_SUBJECT: msgID=4485.12, subject=com.grammarly.ProjectLlama,
2024-10-30 10:19:53.567751-0300 0x2259     Default     0x0                  1004   0    CursorUIViewService: [com.apple.TextInputUI:ViewService] -[TUICursorUIViewService setTextCursorIsActive:]: YES
2024-10-30 10:19:53.564616-0300 0x1e8f4    Default     0x59e1a              377    0    runningboardd: (RunningBoard) [com.apple.runningboard:connection] Process: [app<application.com.apple.Safari.59603.59758(502)>:4485]: Sending inheritance changeset: <RBSInheritanceChangeSet| gained:{(
    <RBSInheritance| environment:(none) name:com.apple.frontboard.visibility origID:377-372-4761 0>
)} lost:{(
)}>
2024-10-30 10:19:53.578091-0300 0x1e816    Default     0x59e54              374    0    tccd: [com.apple.TCC:access] -[TCCDAccessIdentity staticCode]: static code for: identifier com.grammarly.ProjectLlama, type: 0: 0x1493127d0 at /Applications/Grammarly Desktop.app
2024-10-30 10:19:53.567872-0300 0x2259     Default     0x0                  1004   0    CursorUIViewService: [com.apple.TextInputUI:ViewService] -[TUINSTextInputMenuController activateInputModeSwitcher]
2024-10-30 10:19:53.568505-0300 0x2259     Default     0x0                  1004   0    CursorUIViewService: (libxpc.dylib) [com.apple.xpc:connection] [0x12a714560] invalidated because the current process cancelled the connection by calling xpc_connection_cancel()
2024-10-30 10:19:53.584614-0300 0x1e7bf    Default     0x0                  979    0    ViewBridgeAuxiliary: (libxpc.dylib) [com.apple.xpc:connection] [0x13300c470] invalidated after getting a no-senders notification - client is gone
2024-10-30 10:19:53.585212-0300 0x1e64a    Default     0x0                  4493   0    com.apple.Safari.SearchHelper: (libxpc.dylib) [com.apple.xpc:connection] [0x134e080b0] invalidated after getting a no-senders notification - client is gone
2024-10-30 10:19:53.588705-0300 0x1e816    Activity    0x59bf3              374    0    tccd: (Security) SecTrustEvaluateIfNecessary
2024-10-30 10:19:53.589751-0300 0x1e816    Activity    0x59bf4              374    0    tccd: (Security) SecTrustEvaluateIfNecessary
2024-10-30 10:19:53.591721-0300 0x1e816    Activity    0x59bf5              374    0    tccd: (Security) SecTrustEvaluateIfNecessary
2024-10-30 10:19:53.592600-0300 0x1e816    Activity    0x59bf6              374    0    tccd: (Security) SecTrustEvaluateIfNecessary
2024-10-30 10:19:53.593630-0300 0x1e816    Default     0x59e54              374    0    tccd: [com.apple.TCC:access] AUTHREQ_RESULT: msgID=4485.12, authValue=2, authReason=4, authVersion=1, error=(null),
2024-10-30 10:19:53.593770-0300 0xa568     Default     0x59e54              4485   0    Safari: (libxpc.dylib) [com.apple.xpc:connection] [0x60000060ce10] invalidated after the last release of the connection object
2024-10-30 10:19:53.593718-0300 0x1e816    Default     0x59e54              374    0    tccd: [com.apple.TCC:access] REPLY: (0) function=TCCAccessRequest, msgID=4485.12
2024-10-30 10:19:53.594007-0300 0xa568     Default     0x0                  4485   0    Safari: (WebKit) [com.apple.WebKit:ProcessSwapping] 0x122a6aa18 - [pageProxyID=792, webPageID=793, PID=11712] WebPageProxy::decidePolicyForNavigationAction: keep using process 11712 for navigation, reason=Process has not yet committed any provisional loads
2024-10-30 10:19:53.593905-0300 0x1e816    Default     0x0                  374    0    tccd: (libxpc.dylib) [com.apple.xpc:connection] [0x149504150] invalidated after getting a no-senders notification - client is gone
2024-10-30 10:19:53.594046-0300 0xa568     Default     0x0                  4485   0    Safari: (WebKit) [com.apple.WebKit:Process] 0x11e000680 - [PID=11712] WebProcessProxy::canTerminateAuxiliaryProcess: returns false (pageCount=1, provisionalPageCount=0, suspendedPageCount=0, m_isInProcessCache=0, m_shutdownPreventingScopeCounter=0)
2024-10-30 10:19:53.594090-0300 0xa568     Default     0x0                  4485   0    Safari: (SafariSharedUI) [com.apple.SafariShared:PrivacyReport] Finished loading resource load statistics summary from (null)
2024-10-30 10:19:53.594595-0300 0xa568     Default     0x0                  4485   0    Safari: (SafariSharedUI) [com.apple.SafariShared:PrivacyReport] Finished loading resource load statistics summaries
2024-10-30 10:19:53.594643-0300 0xa568     Default     0x0                  4485   0    Safari: (SafariSharedUI) [com.apple.SafariShared:PrivacyReport] Loading content blocker statistics
2024-10-30 10:19:53.595054-0300 0xa568     Default     0x0                  4485   0    Safari: (SafariSharedUI) [com.apple.SafariShared:PrivacyReport] Loading known trackers
2024-10-30 10:19:53.595316-0300 0xa568     Default     0x0                  4485   0    Safari: (WebKit) [com.apple.WebKit:Loading] 0x122a6aa18 - [pageProxyID=792, webPageID=793, PID=11712] WebPageProxy::didStartProvisionalLoadForFrame: frameID=2, isMainFrame=1
2024-10-30 10:19:53.595332-0300 0xa568     Default     0x0                  4485   0    Safari: (WebKit) [com.apple.WebKit:PerformanceLogging] 0x12285a008 - WebProcessPool::prewarmProcess: Prewarming a WebProcess for performance
2024-10-30 10:19:53.595344-0300 0xa568     Default     0x0                  4485   0    Safari: (WebKit) [com.apple.WebKit:Process] 0x11e001200 - [PID=0] WebProcessProxy::constructor:
2024-10-30 10:19:53.595469-0300 0xa568     Default     0x0                  4485   0    Safari: (libxpc.dylib) [com.apple.xpc:connection] [0x600000601d10] activating connection: mach=false listener=false peer=false name=com.apple.WebKit.WebContent
2024-10-30 10:19:53.595582-0300 0xa568     Default     0x0                  4485   0    Safari: (WebKit) [com.apple.WebKit:ProcessSuspension] 0x11e01b090 - [PID=0, throttler=0x11e0012c8] ProcessThrottler::Activity::Activity: Starting foreground activity / 'WebProcess initialization'
2024-10-30 10:19:53.596299-0300 0xa568     Default     0x0                  4485   0    Safari: (MediaToolbox) [com.apple.coremedia:] <<<< Alt >>>> fpSupport_GetVideoRangeForCoreDisplayWithPreference: displayID 1 reported potentialHeadRoom=2 wideColorSupported=YES marz=NO almd=NO deviceAllowsHDR=YES isBuiltinPanel=YES externalPanel=YES prefersHDR10=NO
2024-10-30 10:19:53.596348-0300 0xa568     Default     0x0                  4485   0    Safari: (MediaToolbox) [com.apple.coremedia:] <<<< Alt >>>> fpSupport_GetVideoRangeForCoreDisplayWithPreference: displayID 2 reported potentialHeadRoom=1 wideColorSupported=NO marz=NO almd=NO deviceAllowsHDR=YES isBuiltinPanel=NO externalPanel=YES prefersHDR10=NO
2024-10-30 10:19:53.596411-0300 0xa568     Default     0x0                  4485   0    Safari: (WebKit) [com.apple.WebKit:Loading] 0x11e000680 - [PID=11712] WebProcessProxy::didStartProvisionalLoadForMainFrame:
2024-10-30 10:19:53.596924-0300 0x1e158    Default     0x0                  608    0    com.google.santa.daemon: action=EXEC|decision=ALLOW|reason=BINARY|explain=critical system binary|sha256=7eea36a2c193ab8f0902be9718a7e1400d229193680deef3fd64fe74df45bf0a|cert_sha256=d84db96af8c2e60ac4c851a21ec460f6f84e0235beb17d24a78712b9b021ed57|cert_cn=Software Signing|pid=11717|pidversion=24978|ppid=1|uid=0|user=root|gid=0|group=wheel|mode=M|path=/usr/libexec/xpcproxy|args=xpcproxy com.apple.WebKit.WebContent.EE599C21-7139-465C-801D-F7C13382F234 4485
2024-10-30 10:19:53.596906-0300 0x1e5d3    Default     0x0                  1029   0    AudioComponentRegistrar: (AudioToolboxCore) [com.apple.coreaudio:AudioCompReg] AudioComponentRegistrar.mm:326   getComponentList includeExtensions: 0 waitForExtensions: 0
2024-10-30 10:19:53.597213-0300 0xa568     Default     0x0                  4485   0    Safari: (WebKit) [com.apple.WebKit:Loading] 0x122a6aa18 - [pageProxyID=792, webPageID=793, PID=11712] WebPageProxy::didNavigateWithNavigationDataShared:
2024-10-30 10:19:53.597420-0300 0xa568     Default     0x0                  4485   0    Safari: (ShareKit) [com.apple.sharekit:Framework] filteredItemsFromItems:<private> [4485]--> <private>
2024-10-30 10:19:53.597440-0300 0xa568     Default     0x0                  4485   0    Safari: (ShareKit) [com.apple.sharekit:Framework] Requesting sharingServicesForFilteredItems:<private> mask:<private>
2024-10-30 10:19:53.597513-0300 0xa568     Default     0x0                  4485   0    Safari: (ShareKit) [com.apple.sharekit:Framework] Query extensions (async) for items: <private> onlyViewerOrEditor:1
2024-10-30 10:19:53.597542-0300 0xa568     Default     0x0                  4485   0    Safari: (ShareKit) [com.apple.sharekit:Framework] filteredItemsFromItems:<private> [4485]--> <private>
2024-10-30 10:19:53.597554-0300 0xa568     Default     0x0                  4485   0    Safari: (ShareKit) [com.apple.sharekit:Framework] Requesting sharingServicesForFilteredItems:<private> mask:<private>
2024-10-30 10:19:53.597564-0300 0xa568     Default     0x0                  4485   0    Safari: (ShareKit) [com.apple.sharekit:Framework] Query extensions (async) for items: <private> onlyViewerOrEditor:1
2024-10-30 10:19:53.597582-0300 0x1e922    Default     0x0                  4485   0    Safari: (ShareKit) [com.apple.sharekit:Framework] Matching dictionary: <private>, attributesArray: <private>
2024-10-30 10:19:53.597603-0300 0xa568     Default     0x0                  4485   0    Safari: (ShareKit) [com.apple.sharekit:Framework] filteredItemsFromItems:<private> [4485]--> <private>
2024-10-30 10:19:53.597616-0300 0xa568     Default     0x0                  4485   0    Safari: (ShareKit) [com.apple.sharekit:Framework] Requesting sharingServicesForFilteredItems:<private> mask:<private>
2024-10-30 10:19:53.597740-0300 0xa568     Default     0x0                  4485   0    Safari: (ShareKit) [com.apple.sharekit:Framework] Query extensions (async) for items: <private> onlyViewerOrEditor:1
2024-10-30 10:19:53.597689-0300 0x1e8d2    Default     0x0                  4485   0    Safari: (ShareKit) [com.apple.sharekit:Framework] Matching dictionary: <private>, attributesArray: <private>
2024-10-30 10:19:53.597605-0300 0x1e922    Default     0x0                  4485   0    Safari: (ShareKit) [com.apple.sharekit:Framework] Discover extensions with attributes <private>
2024-10-30 10:19:53.597937-0300 0x1e3d7    Default     0x0                  4485   0    Safari: (ShareKit) [com.apple.sharekit:Framework] Matching dictionary: <private>, attributesArray: <private>
2024-10-30 10:19:53.598043-0300 0x1e922    Activity    0x59e55              4485   0    Safari: (PlugInKit) discovery
2024-10-30 10:19:53.598138-0300 0x1e3d7    Default     0x0                  4485   0    Safari: (ShareKit) [com.apple.sharekit:Framework] Discover extensions with attributes <private>
2024-10-30 10:19:53.598255-0300 0x1e922    Default     0x59e55              4485   0    Safari: (PlugInKit) [com.apple.PlugInKit:discovery] [d <private>] <PKHost:0x600002c3ed40> Beginning discovery for flags: 1024, point: com.apple.ui-services
2024-10-30 10:19:53.598339-0300 0x1e3d7    Activity    0x59e56              4485   0    Safari: (PlugInKit) discovery
2024-10-30 10:19:53.597976-0300 0x1e8f1    Default     0x0                  4485   0    Safari: (SafariSharedUI) [com.apple.SafariShared:PrivacyReport] Loading history
2024-10-30 10:19:53.597967-0300 0x1e8d2    Default     0x0                  4485   0    Safari: (ShareKit) [com.apple.sharekit:Framework] Discover extensions with attributes <private>
2024-10-30 10:19:53.598953-0300 0x1e59a    Default     0x59e55              644    0    pkd: (LaunchServices) [com.apple.launchservices:default] Waiting on thread <private> until Launch Services database seeding is complete.
2024-10-30 10:19:53.598622-0300 0x1e3d7    Default     0x59e56              4485   0    Safari: (PlugInKit) [com.apple.PlugInKit:discovery] [d <private>] <PKHost:0x600002c3ed40> Beginning discovery for flags: 1024, point: com.apple.ui-services
2024-10-30 10:19:53.600687-0300 0x1e59a    Default     0x59e55              644    0    pkd: (PlugInKitDaemon) [com.apple.PlugInKit:discovery] [d <private>] Final plugin count: 2
2024-10-30 10:19:53.600875-0300 0x1e59a    Default     0x59e56              644    0    pkd: (LaunchServices) [com.apple.launchservices:default] Waiting on thread <private> until Launch Services database seeding is complete.
2024-10-30 10:19:53.598755-0300 0x1e8d2    Activity    0x59e57              4485   0    Safari: (PlugInKit) discovery
2024-10-30 10:19:53.601414-0300 0x1e59a    Default     0x59e56              644    0    pkd: (PlugInKitDaemon) [com.apple.PlugInKit:discovery] [d <private>] Final plugin count: 2
2024-10-30 10:19:53.599084-0300 0x1e940    Activity    0x59e80              11717  0    xpcproxy: (libsystem_info.dylib) Retrieve User by ID
2024-10-30 10:19:53.598703-0300 0x1e8f1    Default     0x0                  4485   0    Safari: (SafariSharedUI) [com.apple.SafariShared:PrivacyReport] Loading data from 1 histories
2024-10-30 10:19:53.601514-0300 0x1e59a    Default     0x59e57              644    0    pkd: (LaunchServices) [com.apple.launchservices:default] Waiting on thread <private> until Launch Services database seeding is complete.
2024-10-30 10:19:53.599117-0300 0xa568     Default     0x0                  4485   0    Safari: (WebKit) [com.apple.WebKit:Loading] 0x122a6aa18 - [pageProxyID=792, webPageID=793, PID=11712] WebPageProxy::didCommitLoadForFrame: frameID=2, isMainFrame=1
2024-10-30 10:19:53.600298-0300 0x1e940    Activity    0x59e81              11717  0    xpcproxy: (libsystem_info.dylib) Resolve user group list
2024-10-30 10:19:53.599124-0300 0x1e8f1    Default     0x0                  4485   0    Safari: (SafariSharedUI) [com.apple.SafariShared:PrivacyReport] Loading data from history <History: 0x600001717000>
2024-10-30 10:19:53.601959-0300 0x1e940    Default     0x0                  0      0    kernel: (AppleMobileFileIntegrity) Root installed system service allowed: /System/Volumes/Preboot/Cryptexes/App/System/Library/StagedFrameworks/Safari/WebKit.framework/Versions/A/XPCServices/com.apple.WebKit.WebContent.xpc/Contents/MacOS/com.apple.WebKit.WebContent
2024-10-30 10:19:53.601920-0300 0x1e59a    Default     0x59e57              644    0    pkd: (PlugInKitDaemon) [com.apple.PlugInKit:discovery] [d <private>] Final plugin count: 2
2024-10-30 10:19:53.600593-0300 0x1e940    Activity    0x59e82              11717  0    xpcproxy: (libsystem_info.dylib) Membership API: translate identifier
2024-10-30 10:19:53.598967-0300 0x1e8d2    Default     0x59e57              4485   0    Safari: (PlugInKit) [com.apple.PlugInKit:discovery] [d <private>] <PKHost:0x600002c3ed40> Beginning discovery for flags: 1024, point: com.apple.ui-services
2024-10-30 10:19:53.601092-0300 0x1e922    Default     0x59e55              4485   0    Safari: (PlugInKit) [com.apple.PlugInKit:discovery] [d <private>] <PKHost:0x600002c3ed40> Completed discovery. Final # of matches: 2
2024-10-30 10:19:53.601148-0300 0x1e922    Default     0x0                  4485   0    Safari: (ShareKit) [com.apple.sharekit:Framework] 2 plugins found
2024-10-30 10:19:53.601458-0300 0x1e8ef    Default     0x0                  4485   0    Safari: (SafariSharedUI) [com.apple.SafariShared:PrivacyReport] Finished loading data from history <History: 0x600001717000>
2024-10-30 10:19:53.601582-0300 0x1e3d7    Default     0x59e56              4485   0    Safari: (PlugInKit) [com.apple.PlugInKit:discovery] [d <private>] <PKHost:0x600002c3ed40> Completed discovery. Final # of matches: 2
2024-10-30 10:19:53.601680-0300 0x1e8ef    Default     0x0                  4485   0    Safari: (SafariSharedUI) [com.apple.SafariShared:PrivacyReport] Finished loading history
2024-10-30 10:19:53.601402-0300 0x1e922    Default     0x0                  4485   0    Safari: (ExtensionFoundation) [com.apple.extensionkit:NSExtension] Use of NSTruePredicate is forbidden: <private>
2024-10-30 10:19:53.602154-0300 0x1e8d2    Default     0x59e57              4485   0    Safari: (PlugInKit) [com.apple.PlugInKit:discovery] [d <private>] <PKHost:0x600002c3ed40> Completed discovery. Final # of matches: 2
2024-10-30 10:19:53.602110-0300 0x1e3d7    Default     0x0                  4485   0    Safari: (ShareKit) [com.apple.sharekit:Framework] 2 plugins found
2024-10-30 10:19:53.602804-0300 0x1e8d2    Default     0x0                  4485   0    Safari: (ShareKit) [com.apple.sharekit:Framework] 2 plugins found
2024-10-30 10:19:53.602910-0300 0x1e3d7    Default     0x0                  4485   0    Safari: (ExtensionFoundation) [com.apple.extensionkit:NSExtension] Use of NSTruePredicate is forbidden: <private>
2024-10-30 10:19:53.603074-0300 0xa568     Default     0x0                  4485   0    Safari: (WebKit) [com.apple.WebKit:Loading] 0x122a6aa18 - [pageProxyID=792, webPageID=793, PID=11712] WebPageProxy::didFinishDocumentLoadForFrame: frameID=2, isMainFrame=1
2024-10-30 10:19:53.603078-0300 0x1e3d7    Default     0x0                  4485   0    Safari: (ShareKit) [com.apple.sharekit:Framework] Service with identifier <private> passes activation rule: 1
2024-10-30 10:19:53.602988-0300 0x1e8d2    Default     0x0                  4485   0    Safari: (ExtensionFoundation) [com.apple.extensionkit:NSExtension] Use of NSTruePredicate is forbidden: <private>
2024-10-30 10:19:53.603295-0300 0x1e3d7    Default     0x0                  4485   0    Safari: (ShareKit) [com.apple.sharekit:Framework] Role type not provided, assuming Action for <private>
2024-10-30 10:19:53.603376-0300 0x1e8d2    Default     0x0                  4485   0    Safari: (ShareKit) [com.apple.sharekit:Framework] Service with identifier <private> passes activation rule: 1
2024-10-30 10:19:53.603505-0300 0x1e3d7    Activity    0x59e58              4485   0    Safari: (CoreServicesInternal) CFURLResolveBookmarkData
2024-10-30 10:19:53.603587-0300 0x1e8d2    Default     0x0                  4485   0    Safari: (ShareKit) [com.apple.sharekit:Framework] Role type not provided, assuming Action for <private>
2024-10-30 10:19:53.602680-0300 0x1e8ef    Default     0x0                  4485   0    Safari: (SafariSharedUI) [com.apple.SafariShared:PrivacyReport] Finished loading data
2024-10-30 10:19:53.603861-0300 0xa568     Default     0x0                  4485   0    Safari: (WebKit) [com.apple.WebKit:Loading] 0x122a6aa18 - [pageProxyID=792, webPageID=793, PID=11712] WebPageProxy::didFinishLoadForFrame: frameID=2, isMainFrame=1
2024-10-30 10:19:53.603991-0300 0xa568     Default     0x0                  4485   0    Safari: (WebKit) [com.apple.WebKit:ProcessSuspension] 0x11e0a51a0 - NavigationState will release its process network assertion soon because the page load completed
2024-10-30 10:19:53.603897-0300 0x1e3d7    Default     0x0                  4485   0    Safari: (ShareKit) [com.apple.sharekit:Framework] Service with identifier <private> passes activation rule: 0
2024-10-30 10:19:53.603786-0300 0x1e8d2    Activity    0x59e59              4485   0    Safari: (CoreServicesInternal) CFURLResolveBookmarkData
2024-10-30 10:19:53.604200-0300 0x1e3d7    Default     0x0                  4485   0    Safari: (ShareKit) [com.apple.sharekit:Framework] Service dictionary for plugin <private> not available, skip it.
2024-10-30 10:19:53.602469-0300 0x1e922    Default     0x0                  4485   0    Safari: (ShareKit) [com.apple.sharekit:Framework] Service with identifier <private> passes activation rule: 1
2024-10-30 10:19:53.604391-0300 0x1e3d7    Default     0x0                  4485   0    Safari: (ShareKit) [com.apple.sharekit:Framework] 1 compatible services found for attributes <private>
2024-10-30 10:19:53.604498-0300 0x1e922    Default     0x0                  4485   0    Safari: (ShareKit) [com.apple.sharekit:Framework] Role type not provided, assuming Action for <private>
2024-10-30 10:19:53.604608-0300 0x1e3d7    Default     0x0                  4485   0    Safari: (ShareKit) [com.apple.sharekit:Framework] Discovery done
2024-10-30 10:19:53.604703-0300 0x1e922    Activity    0x59e5a              4485   0    Safari: (CoreServicesInternal) CFURLResolveBookmarkData
2024-10-30 10:19:53.605529-0300 0x1e59a    Default     0x59e5b              644    0    pkd: (LaunchServices) [com.apple.launchservices:default] Waiting on thread <private> until Launch Services database seeding is complete.
2024-10-30 10:19:53.604806-0300 0x1e3d7    Default     0x0                  4485   0    Safari: (ShareKit) [com.apple.sharekit:Framework] Discover extensions with attributes <private>
2024-10-30 10:19:53.604477-0300 0x1e8d2    Default     0x0                  4485   0    Safari: (ShareKit) [com.apple.sharekit:Framework] Service with identifier <private> passes activation rule: 0
2024-10-30 10:19:53.605002-0300 0x1e3d7    Activity    0x59e5b              4485   0    Safari: (PlugInKit) discovery
2024-10-30 10:19:53.605162-0300 0x1e922    Default     0x0                  4485   0    Safari: (ShareKit) [com.apple.sharekit:Framework] Service with identifier <private> passes activation rule: 1
2024-10-30 10:19:53.605201-0300 0x1e3d7    Default     0x59e5b              4485   0    Safari: (PlugInKit) [com.apple.PlugInKit:discovery] [d <private>] <PKHost:0x600002c3ed40> Beginning discovery for flags: 1024, point: com.apple.services
2024-10-30 10:19:53.605993-0300 0x1e59a    Default     0x59e5b              644    0    pkd: (LaunchServices) [com.apple.launchservices:default] No plugins found to match query <private>
2024-10-30 10:19:53.605400-0300 0xa568     Activity    0x59e5d              4485   0    Safari: (SafariSharedUI) Site Metadata Request
2024-10-30 10:19:53.606042-0300 0x1e59a    Default     0x59e5b              644    0    pkd: (PlugInKitDaemon) [com.apple.PlugInKit:discovery] [d <private>] Final plugin count: 0
2024-10-30 10:19:53.605502-0300 0xa568     Default     0x59e5d              4485   0    Safari: (SafariSharedUI) [com.apple.SafariShared:SiteMetadata] Beginning site metadata request for <mask.hash: 'NJ/2YMsj8NCSs7uWv3yy+g=='>
2024-10-30 10:19:53.605741-0300 0xa568     Default     0x0                  4485   0    Safari: (WebKit) [com.apple.WebKit:ProcessSuspension] 0x11e018b10 - [PID=11712, throttler=0x11e000748] ProcessThrottler::Activity::invalidate: Ending foreground activity / 'Client navigation'
2024-10-30 10:19:53.605809-0300 0xa568     Default     0x0                  4485   0    Safari: (WebKit) [com.apple.WebKit:ProcessSuspension] 0x11e000748 - [PID=11712] ProcessThrottler::setThrottleState: Updating process assertion type to 1 (foregroundActivities=0, backgroundActivities=2)
2024-10-30 10:19:53.605923-0300 0xa568     Default     0x0                  4485   0    Safari: (WebKit) [com.apple.WebKit:ProcessSuspension] 0x11e000680 - [PID=11712] WebProcessProxy::didChangeThrottleState: type=1
2024-10-30 10:19:53.606015-0300 0xa568     Default     0x0                  4485   0    Safari: (WebKit) [com.apple.WebKit:ProcessSuspension] 0x11e000680 - [PID=11712] WebProcessProxy::didChangeThrottleState(Background) Taking background assertion for network process
2024-10-30 10:19:53.606121-0300 0xa568     Default     0x0                  4485   0    Safari: (WebKit) [com.apple.WebKit:ProcessSuspension] 0x11e01b210 - [PID=4490, throttler=0x11e0381c8] ProcessThrottler::Activity::Activity: Starting background activity / 'Networking for background view(s)'
2024-10-30 10:19:53.606229-0300 0xa568     Default     0x0                  4485   0    Safari: (WebKit) [com.apple.WebKit:ProcessSuspension] 0x11e018b70 - [PID=4490, throttler=0x11e0381c8] ProcessThrottler::Activity::invalidate: Ending foreground activity / 'Networking for foreground view(s)'
2024-10-30 10:19:53.606478-0300 0xa568     Default     0x0                  4485   0    Safari: (WebKit) [com.apple.WebKit:ProcessSuspension] 0x11e01b240 - [PID=4491, throttler=0x11e0565c8] ProcessThrottler::Activity::Activity: Starting background activity / 'GPU for background view(s)'
2024-10-30 10:19:53.606678-0300 0xa568     Default     0x0                  4485   0    Safari: (WebKit) [com.apple.WebKit:ProcessSuspension] 0x11e018ba0 - [PID=4491, throttler=0x11e0565c8] ProcessThrottler::Activity::invalidate: Ending foreground activity / 'GPU for foreground view(s)'
2024-10-30 10:19:53.606082-0300 0x1e3d7    Default     0x59e5b              4485   0    Safari: (PlugInKit) [com.apple.PlugInKit:discovery] [d <private>] <PKHost:0x600002c3ed40> Completed discovery. Final # of matches: 0
2024-10-30 10:19:53.605315-0300 0x1e922    Activity    0x59e5c              4485   0    Safari: (CoreServicesInternal) CFURLResolveBookmarkData
2024-10-30 10:19:53.605094-0300 0x1e8d2    Default     0x0                  4485   0    Safari: (ShareKit) [com.apple.sharekit:Framework] Service dictionary for plugin <private> not available, skip it.
2024-10-30 10:19:53.606895-0300 0x1e3d7    Default     0x0                  4485   0    Safari: (ShareKit) [com.apple.sharekit:Framework] 0 plugins found
2024-10-30 10:19:53.607097-0300 0x1e8d2    Default     0x0                  4485   0    Safari: (ShareKit) [com.apple.sharekit:Framework] 1 compatible services found for attributes <private>
2024-10-30 10:19:53.607077-0300 0x1e922    Default     0x0                  4485   0    Safari: (ShareKit) [com.apple.sharekit:Framework] 2 compatible services found for attributes <private>
2024-10-30 10:19:53.607374-0300 0x1e8d2    Default     0x0                  4485   0    Safari: (ShareKit) [com.apple.sharekit:Framework] Discovery done
2024-10-30 10:19:53.608236-0300 0x1e59a    Default     0x59e5e              644    0    pkd: (LaunchServices) [com.apple.launchservices:default] Waiting on thread <private> until Launch Services database seeding is complete.
2024-10-30 10:19:53.607477-0300 0x1e922    Default     0x0                  4485   0    Safari: (ShareKit) [com.apple.sharekit:Framework] Discovery done
2024-10-30 10:19:53.607585-0300 0x1e8d2    Default     0x0                  4485   0    Safari: (ShareKit) [com.apple.sharekit:Framework] Discover extensions with attributes <private>
2024-10-30 10:19:53.608469-0300 0x1e59a    Default     0x59e5e              644    0    pkd: (LaunchServices) [com.apple.launchservices:default] No plugins found to match query <private>
2024-10-30 10:19:53.607682-0300 0x1e922    Default     0x0                  4485   0    Safari: (ShareKit) [com.apple.sharekit:Framework] Discover extensions with attributes <private>
2024-10-30 10:19:53.608501-0300 0x1e59a    Default     0x59e5e              644    0    pkd: (PlugInKitDaemon) [com.apple.PlugInKit:discovery] [d <private>] Final plugin count: 0
2024-10-30 10:19:53.607788-0300 0x1e8d2    Activity    0x59e5e              4485   0    Safari: (PlugInKit) discovery
2024-10-30 10:19:53.608543-0300 0x1e59a    Default     0x59e5f              644    0    pkd: (LaunchServices) [com.apple.launchservices:default] Waiting on thread <private> until Launch Services database seeding is complete.
2024-10-30 10:19:53.607895-0300 0x1e922    Activity    0x59e5f              4485   0    Safari: (PlugInKit) discovery
2024-10-30 10:19:53.608712-0300 0x1e59a    Default     0x59e5f              644    0    pkd: (LaunchServices) [com.apple.launchservices:default] No plugins found to match query <private>
2024-10-30 10:19:53.607997-0300 0x1e8d2    Default     0x59e5e              4485   0    Safari: (PlugInKit) [com.apple.PlugInKit:discovery] [d <private>] <PKHost:0x600002c3ed40> Beginning discovery for flags: 1024, point: com.apple.services
2024-10-30 10:19:53.608739-0300 0x1e59a    Default     0x59e5f              644    0    pkd: (PlugInKitDaemon) [com.apple.PlugInKit:discovery] [d <private>] Final plugin count: 0
2024-10-30 10:19:53.608089-0300 0x1e922    Default     0x59e5f              4485   0    Safari: (PlugInKit) [com.apple.PlugInKit:discovery] [d <private>] <PKHost:0x600002c3ed40> Beginning discovery for flags: 1024, point: com.apple.services
2024-10-30 10:19:53.607271-0300 0x1e3d7    Default     0x0                  4485   0    Safari: (ShareKit) [com.apple.sharekit:Framework] 0 compatible services found for attributes <private>
2024-10-30 10:19:53.608476-0300 0x1e3d7    Default     0x0                  4485   0    Safari: (ShareKit) [com.apple.sharekit:Framework] Discovery done
2024-10-30 10:19:53.608529-0300 0x1e8d2    Default     0x59e5e              4485   0    Safari: (PlugInKit) [com.apple.PlugInKit:discovery] [d <private>] <PKHost:0x600002c3ed40> Completed discovery. Final # of matches: 0
2024-10-30 10:19:53.608766-0300 0x1e922    Default     0x59e5f              4485   0    Safari: (PlugInKit) [com.apple.PlugInKit:discovery] [d <private>] <PKHost:0x600002c3ed40> Completed discovery. Final # of matches: 0
2024-10-30 10:19:53.608653-0300 0x1e3d7    Default     0x0                  4485   0    Safari: (ShareKit) [com.apple.sharekit:Framework] Completed querying extensions: <private>
2024-10-30 10:19:53.608997-0300 0x1e922    Default     0x0                  4485   0    Safari: (ShareKit) [com.apple.sharekit:Framework] 0 plugins found
2024-10-30 10:19:53.608827-0300 0x1e8d2    Default     0x0                  4485   0    Safari: (ShareKit) [com.apple.sharekit:Framework] 0 plugins found
2024-10-30 10:19:53.609410-0300 0x1e922    Default     0x0                  4485   0    Safari: (ShareKit) [com.apple.sharekit:Framework] 0 compatible services found for attributes <private>
2024-10-30 10:19:53.609392-0300 0x1e3d7    Default     0x0                  4485   0    Safari: (ShareKit) [com.apple.sharekit:Framework] Sorted services: <private>
2024-10-30 10:19:53.609670-0300 0x1e922    Default     0x0                  4485   0    Safari: (ShareKit) [com.apple.sharekit:Framework] Discovery done
2024-10-30 10:19:53.609577-0300 0x1e8d2    Default     0x0                  4485   0    Safari: (ShareKit) [com.apple.sharekit:Framework] 0 compatible services found for attributes <private>
2024-10-30 10:19:53.609882-0300 0x1e922    Default     0x0                  4485   0    Safari: (ShareKit) [com.apple.sharekit:Framework] Completed querying extensions: <private>
2024-10-30 10:19:53.609979-0300 0x1e8d2    Default     0x0                  4485   0    Safari: (ShareKit) [com.apple.sharekit:Framework] Discovery done
2024-10-30 10:19:53.610182-0300 0x1e8d2    Default     0x0                  4485   0    Safari: (ShareKit) [com.apple.sharekit:Framework] Completed querying extensions: <private>
2024-10-30 10:19:53.610194-0300 0x1e922    Default     0x0                  4485   0    Safari: (ShareKit) [com.apple.sharekit:Framework] Sorted services: <private>
2024-10-30 10:19:53.610369-0300 0x1e8d2    Default     0x0                  4485   0    Safari: (ShareKit) [com.apple.sharekit:Framework] Sorted services: <private>
2024-10-30 10:19:53.605738-0300 0x1e8ef    Error       0x0                  4485   0    Safari: (libsqlite3.dylib) [com.apple.libsqlite3:logging] misuse at line 35812 of [1b37c146ee]
2024-10-30 10:19:53.610588-0300 0x1e8ef    Error       0x0                  4485   0    Safari: (libsqlite3.dylib) [com.apple.libsqlite3:logging] misuse at line 35812 of [1b37c146ee]
2024-10-30 10:19:53.610680-0300 0x1e8ef    Error       0x0                  4485   0    Safari: (libsqlite3.dylib) [com.apple.libsqlite3:logging] misuse at line 35812 of [1b37c146ee]
2024-10-30 10:19:53.610779-0300 0x1e8ef    Error       0x0                  4485   0    Safari: (libsqlite3.dylib) [com.apple.libsqlite3:logging] misuse at line 35812 of [1b37c146ee]
2024-10-30 10:19:53.610903-0300 0x1e8ef    Error       0x0                  4485   0    Safari: (libsqlite3.dylib) [com.apple.libsqlite3:logging] misuse at line 35812 of [1b37c146ee]
2024-10-30 10:19:53.610980-0300 0x1e8ef    Error       0x0                  4485   0    Safari: (libsqlite3.dylib) [com.apple.libsqlite3:logging] misuse at line 35812 of [1b37c146ee]
2024-10-30 10:19:53.611078-0300 0x1e8ef    Error       0x0                  4485   0    Safari: (libsqlite3.dylib) [com.apple.libsqlite3:logging] misuse at line 35812 of [1b37c146ee]
2024-10-30 10:19:53.611178-0300 0x1e8ef    Error       0x0                  4485   0    Safari: (libsqlite3.dylib) [com.apple.libsqlite3:logging] misuse at line 35812 of [1b37c146ee]
2024-10-30 10:19:53.614543-0300 0x1e158    Default     0x0                  608    0    com.google.santa.daemon: action=EXEC|decision=ALLOW|reason=CERT|sha256=48f955365c4d36223e7e3e37c4deb98ae9235782f076fe5fc3d6479e374aa3b5|cert_sha256=d84db96af8c2e60ac4c851a21ec460f6f84e0235beb17d24a78712b9b021ed57|cert_cn=Software Signing|pid=11717|pidversion=24979|ppid=1|uid=502|user=bianca.pacheco.nufuturo|gid=20|group=staff|mode=M|path=/System/Volumes/Preboot/Cryptexes/App/System/Library/StagedFrameworks/Safari/WebKit.framework/Versions/A/XPCServices/com.apple.WebKit.WebContent.xpc/Contents/MacOS/com.apple.WebKit.WebContent|args=/System/Volumes/Preboot/Cryptexes/App/System/Library/StagedFrameworks/Safari/WebKit.framework/Versions/A/XPCServices/com.apple.WebKit.WebContent.xpc/Contents/MacOS/com.apple.WebKit.WebContent
2024-10-30 10:19:53.633739-0300 0x1e941    Default     0x0                  0      0    kernel: com.apple.WebKit[11717] triggered unnest of range 0x204000000->0x206000000 of DYLD shared region in VM map 0xcf5ebe95a9c1b1c1. While not abnormal for debuggers, this increases system memory footprint until the target exits.
2024-10-30 10:19:53.659157-0300 0x1e941    Default     0x0                  11717  0    com.apple.WebKit.WebContent: (libxpc.dylib) [com.apple.xpc:connection] [0x1500138e0] activating connection: mach=false listener=true peer=false name=com.apple.WebKit.WebContent
2024-10-30 10:19:53.661390-0300 0x1e942    Default     0x0                  11717  0    com.apple.WebKit.WebContent: (libxpc.dylib) [com.apple.xpc:connection] [0x1501044d0] activating connection: mach=false listener=false peer=true name=com.apple.WebKit.WebContent.peer[4485].0x1501044d0
2024-10-30 10:19:53.661661-0300 0x1e942    Default     0x0                  11717  0    com.apple.WebKit.WebContent: (WebKit) Initialized logd <private>
2024-10-30 10:19:53.662826-0300 0xa568     Default     0x0                  4485   0    Safari: (WebKit) [com.apple.WebKit:Process] 0x11e001200 - [PID=11717] WebProcessProxy::didFinishLaunching:
2024-10-30 10:19:53.662849-0300 0xa568     Default     0x0                  4485   0    Safari: (WebKit) [com.apple.WebKit:ProcessSuspension] 0x11e01b3f0 - [PID=11717, throttler=0x11e0012c8] ProcessThrottler::Activity::Activity: Starting foreground activity / 'Lifetime Activity'
