2024-10-30 10:19:56.567496-0300 0x1e941    Default     0x0                  11717  0    com.apple.WebKit.WebContent: (WebKit) [com.apple.WebKit:ProcessSuspension] 0x15081f008 - [webPageID=802] WebPage::unfreezeLayerTree: Removing a reason to freeze layer tree (reason=4, new=0, old=0)
2024-10-30 10:19:56.568455-0300 0x1e941    Default     0x0                  11717  0    com.apple.WebKit.WebContent: (WebKit) [com.apple.WebKit:Loading] 0x15081f008 - [webPageID=802] WebPage::loadRequest: navigationID=1, shouldTreatAsContinuingLoad=0, lastNavigationWasAppInitiated=1, existingNetworkResourceLoadIdentifierToResume=0
2024-10-30 10:19:56.568481-0300 0x1e941    Default     0x0                  11717  0    com.apple.WebKit.WebContent: (WebCore) [com.apple.WebKit:ResourceLoading] 0x10a0f8340 - [pageID=802, frameID=2, isMainFrame=1] FrameLoader::load (FrameLoadRequest): frame load started
2024-10-30 10:19:56.568503-0300 0x1e941    Default     0x0                  11717  0    com.apple.WebKit.WebContent: (WebCore) [com.apple.WebKit:ResourceLoading] 0x10a0f8340 - [pageID=802, frameID=2, isMainFrame=1] FrameLoader::load (DocumentLoader): frame load started
2024-10-30 10:19:56.570498-0300 0x1e941    Default     0x0                  11717  0    com.apple.WebKit.WebContent: (WebCore) [com.apple.WebKit:ResourceLoading] 0x10a0f8340 - [pageID=802, frameID=2, isMainFrame=1] FrameLoader::loadWithDocumentLoader: frame load started
2024-10-30 10:19:56.570521-0300 0x1e941    Default     0x0                  11717  0    com.apple.WebKit.WebContent: (WebCore) [com.apple.WebKit:ResourceLoading] 0x10a0f8340 - [pageID=802, frameID=2, isMainFrame=1] FrameLoader::loadWithDocumentLoader: main frame load started
2024-10-30 10:19:56.570537-0300 0x1e941    Default     0x0                  11717  0    com.apple.WebKit.WebContent: (WebCore) [com.apple.WebKit:PerformanceLogging] Memory usage info dump at MainFrameLoadStarted:
2024-10-30 10:19:56.570556-0300 0x1e941    Default     0x0                  11717  0    com.apple.WebKit.WebContent: (WebCore) [com.apple.WebKit:PerformanceLogging]   page_count: 1
2024-10-30 10:19:56.570568-0300 0x1e941    Default     0x0                  11717  0    com.apple.WebKit.WebContent: (WebCore) [com.apple.WebKit:PerformanceLogging]   backforward_cache_page_count: 0
2024-10-30 10:19:56.570579-0300 0x1e941    Default     0x0                  11717  0    com.apple.WebKit.WebContent: (WebCore) [com.apple.WebKit:PerformanceLogging]   document_count: 1
2024-10-30 10:19:56.570589-0300 0x1e941    Default     0x0                  11717  0    com.apple.WebKit.WebContent: (WebCore) [com.apple.WebKit:PerformanceLogging]   javascript_gc_heap_capacity_mb: 0
2024-10-30 10:19:56.570599-0300 0x1e941    Default     0x0                  11717  0    com.apple.WebKit.WebContent: (WebCore) [com.apple.WebKit:PerformanceLogging]   javascript_gc_heap_extra_memory_size_mb: 0
2024-10-30 10:19:56.570663-0300 0x1e941    Default     0x0                  11717  0    com.apple.WebKit.WebContent: (WebCore) [com.apple.WebKit:PerformanceLogging]   internal_mb: 13
2024-10-30 10:19:56.570791-0300 0x1e941    Default     0x0                  11717  0    com.apple.WebKit.WebContent: (WebCore) [com.apple.WebKit:PerformanceLogging]   compressed_mb: 0
2024-10-30 10:19:56.570900-0300 0x1e941    Default     0x0                  11717  0    com.apple.WebKit.WebContent: (WebCore) [com.apple.WebKit:PerformanceLogging]   phys_footprint_mb: 13
2024-10-30 10:19:56.571007-0300 0x1e941    Default     0x0                  11717  0    com.apple.WebKit.WebContent: (WebCore) [com.apple.WebKit:PerformanceLogging]   resident_size_mb: 83
2024-10-30 10:19:56.571114-0300 0x1e941    Default     0x0                  11717  0    com.apple.WebKit.WebContent: (WebCore) [com.apple.WebKit:PerformanceLogging]   virtual_size_mb: 471352
2024-10-30 10:19:56.571231-0300 0x1e941    Default     0x0                  11717  0    com.apple.WebKit.WebContent: (WebCore) [com.apple.WebKit:ResourceLoading] 0x10a0f8340 - [pageID=802, frameID=2, isMainFrame=1] FrameLoader::setPolicyDocumentLoader: Setting policy document loader to 0x114011000 (was 0x0)
2024-10-30 10:19:56.571338-0300 0x1e941    Default     0x0                  11717  0    com.apple.WebKit.WebContent: (WebCore) [com.apple.WebKit:Network] 0x114011000 - [pageID=802, frameID=2, isMainFrame=1] DocumentLoader::DocumentLoader::attachToFrame: m_frame=0x10a060680
2024-10-30 10:19:56.572781-0300 0xa568     Activity    0x59e9c              4485   0    Safari: (SafariSharedUI) Site Metadata Request
2024-10-30 10:19:56.572814-0300 0xa568     Default     0x59e9c              4485   0    Safari: (SafariSharedUI) [com.apple.SafariShared:SiteMetadata] Beginning site metadata request for <mask.hash: 'cl9auWU7CDRd8H1QsgrY5w=='>
2024-10-30 10:19:56.574035-0300 0xa568     Activity    0x59e9d              4485   0    Safari: (SafariSharedUI) Site Metadata Request
2024-10-30 10:19:56.574065-0300 0xa568     Default     0x59e9d              4485   0    Safari: (SafariSharedUI) [com.apple.SafariShared:SiteMetadata] Beginning site metadata request for <mask.hash: 'cl9auWU7CDRd8H1QsgrY5w=='>
2024-10-30 10:19:56.574233-0300 0x1e941    Error       0x0                  11717  0    com.apple.WebKit.WebContent: (Network) [com.apple.network:] networkd_settings_read_from_file Sandbox is preventing this process from reading networkd settings file at "/Library/Preferences/com.apple.networkd.plist", please add an exception.
2024-10-30 10:19:56.574476-0300 0x1e941    Error       0x0                  11717  0    com.apple.WebKit.WebContent: (Network) [com.apple.network:] networkd_settings_read_from_file Sandbox is preventing this process from reading networkd settings file at "/Library/Preferences/com.apple.networkd.plist", please add an exception.
2024-10-30 10:19:56.576683-0300 0x1e941    Default     0x0                  11717  0    com.apple.WebKit.WebContent: (WebCore) [com.apple.WebKit:ActivityState] 0x15081f430 - UserActivity::Impl::beginActivity: description=App nap disabled for page due to user activity
2024-10-30 10:19:56.577397-0300 0x1e941    Default     0x0                  11717  0    com.apple.WebKit.WebContent: (WebKit) [com.apple.WebKit:RemoteLayerBuffers] [renderingBackend=9] Created rendering backend for pageProxyID=801, webPageID=802
2024-10-30 10:19:56.577566-0300 0x1e951    Default     0x0                  465    0    mDNSResponder: (CFNetwork) [com.apple.cfnetwork:h3stream] 0x15404edb8 ID=68 Task <979C9FA5-54C9-4FBB-943D-0E379711BCE6>.<1321> received response, status 200 content K
2024-10-30 10:19:56.577733-0300 0x1e951    Default     0x0                  465    0    mDNSResponder: (CFNetwork) Task <979C9FA5-54C9-4FBB-943D-0E379711BCE6>.<1321> response ended
2024-10-30 10:19:56.577792-0300 0x1e951    Default     0x0                  465    0    mDNSResponder: (CFNetwork) Task <979C9FA5-54C9-4FBB-943D-0E379711BCE6>.<1321> done using Connection 81
2024-10-30 10:19:56.577849-0300 0x1e407    Default     0x0                  465    0    mDNSResponder: (CFNetwork) [com.apple.CFNetwork:Summary] Task <979C9FA5-54C9-4FBB-943D-0E379711BCE6>.<1321> summary for task success {transaction_duration_ms=60, response_status=200, connection=81, reused=1, reused_after_ms=2, request_start_ms=0, request_duration_ms=0, response_start_ms=60, response_duration_ms=0, request_bytes=158, response_bytes=503, cache_hit=false}
2024-10-30 10:19:56.577926-0300 0x1e951    Default     0x0                  465    0    mDNSResponder: (CFNetwork) Task <979C9FA5-54C9-4FBB-943D-0E379711BCE6>.<1321> finished successfully
2024-10-30 10:19:56.577989-0300 0x1e951    Default     0x0                  465    0    mDNSResponder: [com.apple.mdns:resolver] [Q48367] Received acceptable 468-byte response from BBFuotdR over HTTPS via en0/12 -- id: 0x0000 (0), flags: 0x8180 (R/Query, RD, RA, NoError), counts: 1/0/1/1, BBWRfgMT IN HTTPS?, BBIOScTP 23 IN SOA BBSpFtbJ BBYUMahh 690945392 900 900 1800 60, . OPT 512 0 {Padding, [365 B]}
2024-10-30 10:19:56.578047-0300 0x1e407    Default     0x0                  465    0    mDNSResponder: [com.apple.mDNSResponder:Default] [Q48367] Handling concluded querier: BBWRfgMT HTTPS IN
2024-10-30 10:19:56.578181-0300 0x1e951    Default     0x0                  465    0    mDNSResponder: [com.apple.mdns:dnssd_server] [R4619->Q48367] getaddrinfo result -- event: add, ifindex: 0, name: BBWRfgMT, type: HTTPS, rdata: <none>, reason: no-data
2024-10-30 10:19:56.578371-0300 0x1e89e    Default     0x0                  4493   0    com.apple.Safari.SearchHelper: (Network) [com.apple.network:connection] nw_endpoint_resolver_update [C29.1.1 Hostname#ff25123b:443 in_progress resolver (satisfied (Path is satisfied), interface: en0[802.11], ipv4, dns, uses wifi)] Adding endpoint handler for IPv4#dd36c406:443
2024-10-30 10:19:56.578237-0300 0x1e951    Default     0x0                  465    0    mDNSResponder: [com.apple.mdns:dnssd_server] [R4620->Q58076] getaddrinfo result -- event: add, ifindex: 0, name: BBWRfgMT, type: HTTPS, rdata: <none>, reason: no-data
2024-10-30 10:19:56.578401-0300 0x1e89e    Default     0x0                  4493   0    com.apple.Safari.SearchHelper: (Network) [com.apple.network:connection] [C29.1.1 Hostname#ff25123b:443 in_progress resolver (satisfied (Path is satisfied), interface: en0[802.11], ipv4, dns, uses wifi)] event: resolver:receive_dns @0.045s
2024-10-30 10:19:56.578375-0300 0x1e951    Default     0x0                  465    0    mDNSResponder: [com.apple.mdns:dnssd_server] [R4619] getaddrinfo stop -- hostname: <mask.hash: 'Fjsv1OPVrV4kKxVavrqNfQ=='>, client pid: 4493 (com.apple.Safar)
2024-10-30 10:19:56.578452-0300 0x1e89e    Default     0x0                  4493   0    com.apple.Safari.SearchHelper: (Network) [com.apple.network:connection] [C29.1.1.1 IPv4#dd36c406:443 initial path ((null))] event: path:start @0.045s
2024-10-30 10:19:56.578454-0300 0x1e951    Default     0x0                  465    0    mDNSResponder: [com.apple.mdns:dnssd_server] [R4620] getaddrinfo stop -- hostname: <mask.hash: 'Fjsv1OPVrV4kKxVavrqNfQ=='>, client pid: 4493 (com.apple.Safar)
2024-10-30 10:19:56.578484-0300 0x1e89e    Default     0x0                  4493   0    com.apple.Safari.SearchHelper: (Network) [com.apple.network:connection] [C29.1.1.1 IPv4#dd36c406:443 waiting path (satisfied (Path is satisfied), interface: en0[802.11], ipv4, dns, uses wifi)] event: path:satisfied @0.045s, uuid: 2AE7F84A-039E-460B-A85A-759B471A9F88
2024-10-30 10:19:56.578620-0300 0x1e89e    Default     0x0                  4493   0    com.apple.Safari.SearchHelper: (Network) [com.apple.network:connection] [C29.1.1.1 IPv4#dd36c406:443 in_progress socket-flow (satisfied (Path is satisfied), interface: en0[802.11], ipv4, dns, uses wifi)] event: flow:start_connect @0.045s
2024-10-30 10:19:56.581037-0300 0x1e0af    Default     0x0                  11707  0    com.nufuturo.nuappfirewall.extension: [com.nufuturo.nuappfirewall.extension:networking] New flow URL: https://clients1.google.com/complete/search?client=safari&q=you
2024-10-30 10:19:56.581152-0300 0x1e64a    Default     0x0                  4493   0    com.apple.Safari.SearchHelper: (libboringssl.dylib) [com.apple.network:boringssl] nw_protocol_boringssl_error(1907) [C29.1.1.1:2][0x134f181a0] Lower protocol stack error pre TLS handshake. [57: <private>]
2024-10-30 10:19:56.581063-0300 0x1e0af    Default     0x0                  11707  0    com.nufuturo.nuappfirewall.extension: [com.nufuturo.nuappfirewall.extension:networking] New flow path: /System/Volumes/Preboot/Cryptexes/App/System/Library/StagedFrameworks/Safari/SafariShared.framework/Versions/A/XPCServices/com.apple.Safari.SearchHelper.xpc/Contents/MacOS/com.apple.Safari.SearchHelper
2024-10-30 10:19:56.581226-0300 0x1e64a    Default     0x0                  4493   0    com.apple.Safari.SearchHelper: (Network) [com.apple.network:connection] [C29.1.1.1 IPv4#dd36c406:443 failed socket-flow (satisfied (Path is satisfied), interface: en0[802.11], ipv4, dns, uses wifi)] event: flow:failed_connect @0.048s, error Socket is not connected
2024-10-30 10:19:56.581085-0300 0x1e0af    Default     0x0                  11707  0    com.nufuturo.nuappfirewall.extension: [com.nufuturo.nuappfirewall.extension:networking] ruleID: /System/Volumes/Preboot/Cryptexes/App/System/Library/StagedFrameworks/Safari/SafariShared.framework/Versions/A/XPCServices/com.apple.Safari.SearchHelper.xpc/Contents/MacOS/com.apple.Safari.SearchHelper-docs.google.com-google.com
Action: block
Application Location: /System/Volumes/Preboot/Cryptexes/App/System/Library/StagedFrameworks/Safari/SafariShared.framework/Versions/A/XPCServices/com.apple.Safari.SearchHelper.xpc/Contents/MacOS/com.apple.Safari.SearchHelper
Endpoint: docs.google.com
Domain: google.com
2024-10-30 10:19:56.581264-0300 0x1e64a    Default     0x0                  4493   0    com.apple.Safari.SearchHelper: (Network) [com.apple.network:connection] [C29.1.1 Hostname#ff25123b:443 failed resolver (satisfied (Path is satisfied), interface: en0[802.11], ipv4, dns, uses wifi)] event: resolver:children_failed @0.048s
2024-10-30 10:19:56.581111-0300 0x1e0af    Default     0x0                  11707  0    com.nufuturo.nuappfirewall.extension: [com.nufuturo.nuappfirewall.extension:networking] "CATEGORY=connection, FLOW_ID=ABE6D32C-B72D-4D2A-9A4F-A37C1D83982D, URL=https://clients1.google.com/complete/search?client=safari&q=you, PROCESS=/System/Volumes/Preboot/Cryptexes/App/System/Library/StagedFrameworks/Safari/SafariShared.framework/Versions/A/XPCServices/com.apple.Safari.SearchHelper.xpc/Contents/MacOS/com.apple.Safari.SearchHelper, ENDPOINT=142.251.129.238, MODE=passive, RULE_ID=/System/Volumes/Preboot/Cryptexes/App/System/Library/StagedFrameworks/Safari/SafariShared.framework/Versions/A/XPCServices/com.apple.Safari.SearchHelper.xpc/Contents/MacOS/com.apple.Safari.SearchHelper-docs.google.com-google.com, VERDICT=block
2024-10-30 10:19:56.581283-0300 0x1e64a    Default     0x0                  4493   0    com.apple.Safari.SearchHelper: (Network) [com.apple.network:connection] [C29.1 Hostname#ff25123b:443 failed transform (satisfied (Path is satisfied), interface: en0[802.11], ipv4, dns, uses wifi)] event: transform:children_failed @0.048s
2024-10-30 10:19:56.581336-0300 0x1e64a    Default     0x0                  4493   0    com.apple.Safari.SearchHelper: (Network) [com.apple.network:connection] [C29 Hostname#ff25123b:443 failed parent-flow (satisfied (Path is satisfied), interface: en0[802.11], ipv4, dns, uses wifi)] event: flow:child_failed @0.048s
2024-10-30 10:19:56.581353-0300 0x1e64a    Default     0x0                  4493   0    com.apple.Safari.SearchHelper: (Network) [com.apple.network:connection] nw_connection_report_state_with_handler_on_nw_queue [C29] reporting state failed error Socket is not connected
2024-10-30 10:19:56.581385-0300 0x1e64a    Error       0x0                  4493   0    com.apple.Safari.SearchHelper: (CFNetwork) Connection 29: received failure notification
2024-10-30 10:19:56.581406-0300 0x1e64a    Error       0x0                  4493   0    com.apple.Safari.SearchHelper: (CFNetwork) Connection 29: failed to connect 1:57, reason -1
2024-10-30 10:19:56.581417-0300 0x1e64a    Error       0x0                  4493   0    com.apple.Safari.SearchHelper: (CFNetwork) Connection 29: encountered error(1:57)
2024-10-30 10:19:56.581614-0300 0x1e64a    Default     0x0                  4493   0    com.apple.Safari.SearchHelper: (CFNetwork) Connection 29: cleaning up
2024-10-30 10:19:56.581813-0300 0x1e64a    Default     0x0                  4493   0    com.apple.Safari.SearchHelper: (CFNetwork) [com.apple.CFNetwork:Summary] Connection 29: summary for unused connection {protocol="(null)", domain_lookup_duration_ms=0, connect_duration_ms=0, secure_connection_duration_ms=0, private_relay=false, idle_duration_ms=0}
2024-10-30 10:19:56.581985-0300 0x1e64a    Default     0x0                  4493   0    com.apple.Safari.SearchHelper: (Network) [com.apple.network:connection] [C29 BE31EB58-EAF2-4EF9-AD45-75E17CB2CA6C Hostname#ff25123b:443 quic-connection, url hash: bb709f4c, traffic class: 300, definite, attribution: website] cancel
2024-10-30 10:19:56.582084-0300 0x1e64a    Default     0x0                  4493   0    com.apple.Safari.SearchHelper: (Network) [com.apple.network:connection] [C29 Hostname#ff25123b:443 quic-connection, url hash: bb709f4c, traffic class: 300, definite, attribution: website] cancelled
2024-10-30 10:19:56.582197-0300 0x1e64a    Default     0x0                  4493   0    com.apple.Safari.SearchHelper: (Network) [com.apple.network:connection] nw_connection_report_state_with_handler_on_nw_queue [C29] reporting state cancelled error Socket is not connected
2024-10-30 10:19:56.582335-0300 0x1e64a    Default     0x0                  4493   0    com.apple.Safari.SearchHelper: (CFNetwork) Task <2B93120A-2B9D-4FDF-B9A8-25E656513AAC>.<3> can retry(N) with reason(2) for error [1:57]
2024-10-30 10:19:56.582462-0300 0x1e64a    Error       0x0                  4493   0    com.apple.Safari.SearchHelper: (CFNetwork) Task <2B93120A-2B9D-4FDF-B9A8-25E656513AAC>.<3> HTTP load failed, 0/0 bytes (error code: -1005 [1:57])
2024-10-30 10:19:56.582557-0300 0x1e89e    Default     0x0                  4493   0    com.apple.Safari.SearchHelper: (CFNetwork) [com.apple.CFNetwork:Summary] Task <2B93120A-2B9D-4FDF-B9A8-25E656513AAC>.<3> summary for task failure {transaction_duration_ms=50, response_status=-1, connection=29, reused=1, reused_after_ms=0, request_start_ms=0, request_duration_ms=0, response_start_ms=0, response_duration_ms=0, request_bytes=0, response_bytes=0, cache_hit=false}
2024-10-30 10:19:56.582675-0300 0x1e64a    Error       0x0                  4493   0    com.apple.Safari.SearchHelper: (CFNetwork) Task <2B93120A-2B9D-4FDF-B9A8-25E656513AAC>.<3> finished with error [-1005] <private>
2024-10-30 10:19:56.582937-0300 0xa62a     Error       0x0                  4493   0    com.apple.Safari.SearchHelper: [com.apple.SafariShared:SafariSuggestions] SearchSuggestionsFetcher received an error: Error Domain=NSURLErrorDomain Code=-1005 "(null)" UserInfo={NSUnderlyingError=0x134f1a8e0 {Error Domain=kCFErrorDomainCFNetwork Code=-1005 "(null)"}}
2024-10-30 10:19:56.588394-0300 0xa568     Default     0x0                  4485   0    Safari: (WebKit) [com.apple.WebKit:Loading] 0x14681a618 - [pageProxyID=801, webPageID=802, PID=11717] WebPageProxy::decidePolicyForNavigationAction: frameID=2, isMainFrame=1, navigationID=1
2024-10-30 10:19:56.588478-0300 0xa568     Activity    0x59e9e              4485   0    Safari: (AppSSO) canPerformAuthorizationWithURL
2024-10-30 10:19:56.588494-0300 0xa568     Activity    0x59e9f              4485   0    Safari: (AppSSOCore) canPerformAuthorizationWithURL
2024-10-30 10:19:56.588504-0300 0xa568     Activity    0x59ed0              4485   0    Safari: (AppSSOCore) canPerformAuthorizationWithURL
2024-10-30 10:19:56.588512-0300 0xa568     Activity    0x59ed1              4485   0    Safari: (AppSSOCore) canPerformAuthorizationWithURL
2024-10-30 10:19:56.588520-0300 0xa568     Default     0x59ed1              4485   0    Safari: (AuthKit) [com.apple.authkit:siwa] Should process URL called
2024-10-30 10:19:56.588610-0300 0x1e131    Default     0x59ed1              951    0    akd: [com.apple.authkit:siwa] Daemon is fetching native takeover urls
2024-10-30 10:19:56.588532-0300 0xa568     Default     0x59ed1              4485   0    Safari: (AuthKit) [com.apple.authkit:siwa] Fetching native takeover URLs
2024-10-30 10:19:56.588691-0300 0xa568     Default     0x59ed1              4485   0    Safari: (AuthKit) [com.apple.authkit:siwa] Native takeover URLs fetched
2024-10-30 10:19:56.588761-0300 0xa568     Default     0x59ed1              4485   0    Safari: (AuthKit) [com.apple.authkit:siwa] URL shouldn't be processed
2024-10-30 10:19:56.589164-0300 0x1e131    Default     0x59ed5              951    0    akd: [com.apple.authkit:siwa] Daemon is fetching native takeover urls
2024-10-30 10:19:56.588813-0300 0xa568     Activity    0x59ed2              4485   0    Safari: (AppSSO) canPerformAuthorizationWithURL
2024-10-30 10:19:56.588828-0300 0xa568     Activity    0x59ed3              4485   0    Safari: (AppSSOCore) canPerformAuthorizationWithURL
2024-10-30 10:19:56.588836-0300 0xa568     Activity    0x59ed4              4485   0    Safari: (AppSSOCore) canPerformAuthorizationWithURL
2024-10-30 10:19:56.588844-0300 0xa568     Activity    0x59ed5              4485   0    Safari: (AppSSOCore) canPerformAuthorizationWithURL
2024-10-30 10:19:56.588851-0300 0xa568     Default     0x59ed5              4485   0    Safari: (AuthKit) [com.apple.authkit:siwa] Should process URL called
2024-10-30 10:19:56.589844-0300 0x1e816    Default     0x59ed6              374    0    tccd: (libxpc.dylib) [com.apple.xpc:connection] [0x149253ca0] activating connection: mach=false listener=false peer=true name=com.apple.tccd.system.peer[4485].0x149253ca0
2024-10-30 10:19:56.589016-0300 0xa568     Default     0x59ed5              4485   0    Safari: (AuthKit) [com.apple.authkit:siwa] Fetching native takeover URLs
2024-10-30 10:19:56.589891-0300 0x1e5ce    Default     0x59ed6              374    0    tccd: [com.apple.TCC:access] REQUEST: tccd_uid=0, sender_pid=4485, sender_uid=502, sender_auid=502, function=TCCAccessRequest, msgID=4485.13
2024-10-30 10:19:56.589224-0300 0xa568     Default     0x59ed5              4485   0    Safari: (AuthKit) [com.apple.authkit:siwa] Native takeover URLs fetched
2024-10-30 10:19:56.590405-0300 0x1e5ce    Error       0x59ed6              374    0    tccd: [com.apple.TCC:access] TCCDProcess: identifier=com.apple.Safari, pid=4485, auid=502, euid=502, binary_path=/System/Volumes/Preboot/Cryptexes/App/System/Applications/Safari.app/Contents/MacOS/Safari attempted to call TCCAccessRequest for kTCCServiceAccessibility without the recommended com.apple.private.tcc.manager.check-by-audit-token entitlement
2024-10-30 10:19:56.589330-0300 0xa568     Default     0x59ed5              4485   0    Safari: (AuthKit) [com.apple.authkit:siwa] URL shouldn't be processed
2024-10-30 10:19:56.589680-0300 0xa568     Activity    0x59ed6              4485   0    Safari: (TCC) TCCAccessRequest() IPC
2024-10-30 10:19:56.590758-0300 0x1e5ce    Default     0x59ed6              374    0    tccd: [com.apple.TCC:access] AUTHREQ_CTX: msgID=4485.13, function=<private>, service=kTCCServiceAccessibility, preflight=yes, query=1, client_dict=(null), daemon_dict=<private>
2024-10-30 10:19:56.589698-0300 0xa568     Default     0x59ed6              4485   0    Safari: (libxpc.dylib) [com.apple.xpc:connection] [0x60000062e850] activating connection: mach=true listener=false peer=false name=com.apple.tccd.system
2024-10-30 10:19:56.590788-0300 0x1e5ce    Default     0x59ed6              374    0    tccd: [com.apple.TCC:access] AUTHREQ_ATTRIBUTION: msgID=4485.13, attribution={accessing={TCCDProcess: identifier=com.grammarly.ProjectLlama, pid=1151, auid=502, euid=502, binary_path=/Applications/Grammarly Desktop.app/Contents/MacOS/Grammarly Desktop}, requesting={TCCDProcess: identifier=com.apple.Safari, pid=4485, auid=502, euid=502, binary_path=/System/Volumes/Preboot/Cryptexes/App/System/Applications/Safari.app/Contents/MacOS/Safari}, },
2024-10-30 10:19:56.590267-0300 0x1e689    Error       0x0                  4485   0    Safari: (SafariSharedUI) [com.apple.SafariShared:UniversalLinks] Unable to enumerate user Applications folder: Error Domain=NSCocoaErrorDomain Code=260 "O arquivo no pde ser aberto porque no existe." UserInfo={NSUnderlyingError=0x6000037818f0 {Error Domain=NSOSStatusErrorDomain Code=-43 "fnfErr: File not found"}}
2024-10-30 10:19:56.591599-0300 0x1e5ce    Default     0x59ed6              374    0    tccd: [com.apple.TCC:access] AUTHREQ_SUBJECT: msgID=4485.13, subject=com.grammarly.ProjectLlama,
2024-10-30 10:19:56.592151-0300 0x1e5ce    Default     0x59ed6              374    0    tccd: [com.apple.TCC:access] -[TCCDAccessIdentity staticCode]: static code for: identifier com.grammarly.ProjectLlama, type: 0: 0x1494390b0 at /Applications/Grammarly Desktop.app
2024-10-30 10:19:56.592309-0300 0x1e718    Activity    0x59e70              498    0    syspolicyd: (Security) SecTrustEvaluateIfNecessary
2024-10-30 10:19:56.601745-0300 0x1e5ce    Activity    0x59bf7              374    0    tccd: (Security) SecTrustEvaluateIfNecessary
2024-10-30 10:19:56.602649-0300 0x1e5ce    Activity    0x59bf8              374    0    tccd: (Security) SecTrustEvaluateIfNecessary
2024-10-30 10:19:56.604289-0300 0x1e5ce    Activity    0x59bf9              374    0    tccd: (Security) SecTrustEvaluateIfNecessary
2024-10-30 10:19:56.605138-0300 0x1e5ce    Activity    0x59bfa              374    0    tccd: (Security) SecTrustEvaluateIfNecessary
2024-10-30 10:19:56.606221-0300 0x1e5ce    Default     0x59ed6              374    0    tccd: [com.apple.TCC:access] AUTHREQ_RESULT: msgID=4485.13, authValue=2, authReason=4, authVersion=1, error=(null),
2024-10-30 10:19:56.606268-0300 0x1e951    Default     0x0                  465    0    mDNSResponder: (CFNetwork) [com.apple.cfnetwork:h3stream] 0x154127e58 ID=72 Task <A14B1804-4B5C-4A15-B755-70E52A9F977A>.<1322> received response, status 200 content K
2024-10-30 10:19:56.606368-0300 0xa568     Default     0x59ed6              4485   0    Safari: (libxpc.dylib) [com.apple.xpc:connection] [0x60000062e850] invalidated after the last release of the connection object
2024-10-30 10:19:56.606323-0300 0x1e5ce    Default     0x59ed6              374    0    tccd: [com.apple.TCC:access] REPLY: (0) function=TCCAccessRequest, msgID=4485.13
2024-10-30 10:19:56.606472-0300 0x1e951    Default     0x0                  465    0    mDNSResponder: (CFNetwork) Task <A14B1804-4B5C-4A15-B755-70E52A9F977A>.<1322> response ended
2024-10-30 10:19:56.606534-0300 0x1e951    Default     0x0                  465    0    mDNSResponder: (CFNetwork) Task <A14B1804-4B5C-4A15-B755-70E52A9F977A>.<1322> done using Connection 81
2024-10-30 10:19:56.607001-0300 0x1e945    Error       0x0                  0      0    kernel: (Sandbox) Sandbox: com.apple.WebKit.WebContent(11717) deny(1) syscall-unix 97
2024-10-30 10:19:56.606618-0300 0x1e407    Default     0x0                  465    0    mDNSResponder: (CFNetwork) [com.apple.CFNetwork:Summary] Task <A14B1804-4B5C-4A15-B755-70E52A9F977A>.<1322> summary for task success {transaction_duration_ms=60, response_status=200, connection=81, reused=1, reused_after_ms=0, request_start_ms=0, request_duration_ms=0, response_start_ms=60, response_duration_ms=0, request_bytes=158, response_bytes=504, cache_hit=false}
2024-10-30 10:19:56.606709-0300 0x1e951    Default     0x0                  465    0    mDNSResponder: (CFNetwork) Task <A14B1804-4B5C-4A15-B755-70E52A9F977A>.<1322> finished successfully
2024-10-30 10:19:56.606776-0300 0x1e951    Default     0x0                  465    0    mDNSResponder: [com.apple.mdns:resolver] [Q15206] Received acceptable 468-byte response from BBFuotdR over HTTPS via en0/12 -- id: 0x0000 (0), flags: 0x8180 (R/Query, RD, RA, NoError), counts: 1/2/0/1, BBkwWtlk IN HTTPS?, 194 IN CNAME BBgwyAil, 3494 IN HTTPS 1 ., . OPT 512 0 {Padding, [371 B]}
2024-10-30 10:19:56.607457-0300 0xa568     Default     0x0                  4485   0    Safari: (WebKit) [com.apple.WebKit:ProcessSuspension] 0x11e0a51a0 NavigationState is releasing background process assertion because a page load completed
2024-10-30 10:19:56.607575-0300 0x1e1d6    Activity    0x59ebb              377    0    runningboardd: (RunningBoard) lookupHandleForPredicate
2024-10-30 10:19:56.606838-0300 0x1e410    Default     0x0                  465    0    mDNSResponder: [com.apple.mDNSResponder:Default] [Q15206] Handling concluded querier: BBkwWtlk HTTPS IN
2024-10-30 10:19:56.607480-0300 0xa568     Default     0x0                  4485   0    Safari: (WebKit) [com.apple.WebKit:ProcessSuspension] 0x11e018cc0 - [PID=11712, throttler=0x11e000748] ProcessThrottler::Activity::invalidate: Ending background activity / 'Page Load'
2024-10-30 10:19:56.607856-0300 0x1e1d6    Activity    0x59ebc              377    0    runningboardd: (RunningBoard) limitationsForInstance
2024-10-30 10:19:56.606908-0300 0x1e410    Default     0x0                  465    0    mDNSResponder: [com.apple.mDNSResponder:Default] [R4621->Q15206] AnswerQuestionByFollowingCNAME: 0x154233550 <mask.hash: 'Lknwf4NMuGPFZbr2COOf5Q=='> (HTTPS) following CNAME referral 0 for <mask.hash: 'fvmFnEJdCkP2n7Grv6TRHg=='>
2024-10-30 10:19:56.607964-0300 0xa568     Default     0x0                  4485   0    Safari: (WebKit) [com.apple.WebKit:ProcessSuspension] 0x11e000748 - [PID=11712] ProcessThrottler::sendPrepareToSuspendIPC: Sending PrepareToSuspend(19, isSuspensionImminent=0) IPC, remainingRunTime=-1.000000s
2024-10-30 10:19:56.608222-0300 0x1e5ce    Default     0x0                  374    0    tccd: (libxpc.dylib) [com.apple.xpc:connection] [0x149253ca0] invalidated after getting a no-senders notification - client is gone
2024-10-30 10:19:56.606974-0300 0x1e410    Default     0x0                  465    0    mDNSResponder: [com.apple.mDNSResponder:Default] [R4621->Q43558] Question for <mask.hash: 'lyLX1nUXrEHGLhZg7YGofw=='> (HTTPS) assigned DNS service 18
2024-10-30 10:19:56.607975-0300 0xa568     Default     0x0                  4485   0    Safari: (WebKit) [com.apple.WebKit:ProcessSuspension] 0x11e000680 - [PID=11712] WebProcessProxy::sendPrepareToSuspend: isSuspensionImminent=0
2024-10-30 10:19:56.607081-0300 0x1e410    Default     0x0                  465    0    mDNSResponder: [com.apple.mDNSResponder:Default] [R4621->Q37086] AnswerQuestionByFollowingCNAME: 0x154236d10 <mask.hash: 'Lknwf4NMuGPFZbr2COOf5Q=='> (Addr) following CNAME referral 0 for <mask.hash: 'fvmFnEJdCkP2n7Grv6TRHg=='>
2024-10-30 10:19:56.608059-0300 0xa568     Default     0x0                  4485   0    Safari: (WebKit) [com.apple.WebKit:AppSSO] 0x11e0046a0 - SOAuthorizationCoordinator::tryAuthorize
2024-10-30 10:19:56.607232-0300 0x1e410    Default     0x0                  465    0    mDNSResponder: [com.apple.mDNSResponder:Default] [R4621->Q63152] Question for <mask.hash: 'lyLX1nUXrEHGLhZg7YGofw=='> (Addr) assigned DNS service 18
2024-10-30 10:19:56.608813-0300 0x1e131    Default     0x59eda              951    0    akd: [com.apple.authkit:siwa] Daemon is fetching native takeover urls
2024-10-30 10:19:56.608074-0300 0xa568     Activity    0x59ed7              4485   0    Safari: (AppSSO) canPerformAuthorizationWithURL
2024-10-30 10:19:56.607612-0300 0x1e410    Default     0x0                  465    0    mDNSResponder: [com.apple.mdns:dnssd_server] [R4621->Q55582] getaddrinfo result -- event: add, ifindex: 0, name: BBkwWtlk, type: AAAA, rdata: <none>, reason: query-suppressed
2024-10-30 10:19:56.608084-0300 0xa568     Activity    0x59ed8              4485   0    Safari: (AppSSOCore) canPerformAuthorizationWithURL
2024-10-30 10:19:56.607654-0300 0x1e410    Default     0x0                  465    0    mDNSResponder: [com.apple.mdns:dnssd_server] [R4621->Q43558] getaddrinfo result -- event: add, ifindex: 0, name: BBgwyAil, type: HTTPS, rdata: 1 ., expired: no
2024-10-30 10:19:56.608093-0300 0xa568     Activity    0x59ed9              4485   0    Safari: (AppSSOCore) canPerformAuthorizationWithURL
2024-10-30 10:19:56.607955-0300 0x1e407    Default     0x0                  465    0    mDNSResponder: (CFNetwork) [com.apple.cfnetwork:h3stream] 0x1540468f8 ID=76 Task <60AB32EF-5F14-402B-9528-6B921133CA0C>.<1323> received response, status 200 content K
2024-10-30 10:19:56.608099-0300 0xa568     Activity    0x59eda              4485   0    Safari: (AppSSOCore) canPerformAuthorizationWithURL
2024-10-30 10:19:56.608173-0300 0x1e407    Default     0x0                  465    0    mDNSResponder: (CFNetwork) Task <60AB32EF-5F14-402B-9528-6B921133CA0C>.<1323> response ended
2024-10-30 10:19:56.608161-0300 0xa568     Default     0x59eda              4485   0    Safari: (AuthKit) [com.apple.authkit:siwa] Should process URL called
2024-10-30 10:19:56.608364-0300 0x1e407    Default     0x0                  465    0    mDNSResponder: (Network) [com.apple.network:connection] [C81] event: client:connection_idle @47.733s
2024-10-30 10:19:56.608442-0300 0xa568     Default     0x59eda              4485   0    Safari: (AuthKit) [com.apple.authkit:siwa] Fetching native takeover URLs
2024-10-30 10:19:56.610078-0300 0x1e941    Default     0x0                  11717  0    com.apple.WebKit.WebContent: (WebKit) [com.apple.WebKit:Network] 0x10a14c188 - [webFrame=0x150105aa8, webFrameID=2, webPage=0x15081f008, webPageID=802] WebFrameLoaderClient::dispatchDecidePolicyForNavigationAction: Got policyAction 0 from async IPC
2024-10-30 10:19:56.608700-0300 0x1e407    Default     0x0                  465    0    mDNSResponder: (CFNetwork) Task <60AB32EF-5F14-402B-9528-6B921133CA0C>.<1323> done using Connection 81
2024-10-30 10:19:56.608881-0300 0xa568     Default     0x59eda              4485   0    Safari: (AuthKit) [com.apple.authkit:siwa] Native takeover URLs fetched
2024-10-30 10:19:56.610104-0300 0x1e941    Default     0x0                  11717  0    com.apple.WebKit.WebContent: (WebCore) [com.apple.WebKit:Loading] 0x10a010d80 - [pageID=802, frameID=2] PolicyChecker::checkNavigationPolicy: continuing because this policyAction from dispatchDecidePolicyForNavigationAction is Use
2024-10-30 10:19:56.608849-0300 0x1e407    Default     0x0                  465    0    mDNSResponder: (Network) [com.apple.network:activity] [C81] event: client:end_activity @47.733s, activity <nw_activity 33:1[C81D1179-373E-4EC3-801C-D41E5FFB9E30]   (reporting strategy default)>
2024-10-30 10:19:56.608994-0300 0xa568     Default     0x59eda              4485   0    Safari: (AuthKit) [com.apple.authkit:siwa] URL shouldn't be processed
2024-10-30 10:19:56.610355-0300 0x1e941    Default     0x0                  11717  0    com.apple.WebKit.WebContent: (WebCore) [com.apple.WebKit:ResourceLoading] 0x10a0f8340 - [pageID=802, frameID=2, isMainFrame=1] FrameLoader::stopAllLoaders: m_provisionalDocumentLoader=0x0, m_documentLoader=0x114000000
2024-10-30 10:19:56.609168-0300 0x1e410    Default     0x0                  465    0    mDNSResponder: (CFNetwork) [com.apple.CFNetwork:Summary] Task <60AB32EF-5F14-402B-9528-6B921133CA0C>.<1323> summary for task success {transaction_duration_ms=62, response_status=200, connection=81, reused=1, reused_after_ms=0, request_start_ms=1, request_duration_ms=0, response_start_ms=61, response_duration_ms=1, request_bytes=158, response_bytes=503, cache_hit=false}
2024-10-30 10:19:56.609269-0300 0xa568     Default     0x0                  4485   0    Safari: (WebKit) [com.apple.WebKit:AppSSO] 0x11e0046a0 - SOAuthorizationCoordinator::tryAuthorize: The requested URL is not registered for AppSSO handling. No further action needed.
2024-10-30 10:19:56.610367-0300 0x1e941    Default     0x0                  11717  0    com.apple.WebKit.WebContent: (WebCore) [com.apple.WebKit:Network] 0x114000000 - [pageID=802, frameID=2, isMainFrame=1] DocumentLoader::DocumentLoader::stopLoading: m_frame=0x10a060680
2024-10-30 10:19:56.609377-0300 0x1e407    Default     0x0                  465    0    mDNSResponder: (CFNetwork) Task <60AB32EF-5F14-402B-9528-6B921133CA0C>.<1323> finished successfully
2024-10-30 10:19:56.609424-0300 0xa568     Default     0x0                  4485   0    Safari: (WebKit) [com.apple.WebKit:Loading] 0x14681a618 - [pageProxyID=801, webPageID=802, PID=11717] WebPageProxy::decidePolicyForNavigationAction: listener called: frameID=2, isMainFrame=1, navigationID=1, policyAction=0, safeBrowsingWarning=0, isAppBoundDomain=0, wasNavigationIntercepted=0
2024-10-30 10:19:56.610380-0300 0x1e941    Default     0x0                  11717  0    com.apple.WebKit.WebContent: (WebCore) [com.apple.WebKit:ResourceLoading] 0x10a0f8340 - [pageID=802, frameID=2, isMainFrame=1] FrameLoader::stopAllLoaders: Clearing provisional document loader (m_provisionalDocumentLoader=0x0)
2024-10-30 10:19:56.609557-0300 0x1e407    Default     0x0                  465    0    mDNSResponder: (Network) [com.apple.network:activity] <nw_activity 33:1[C81D1179-373E-4EC3-801C-D41E5FFB9E30]   (reporting strategy default) complete (reason success)> complete with reason 2 (success), duration 63ms
2024-10-30 10:19:56.609629-0300 0xa568     Default     0x0                  4485   0    Safari: (WebKit) [com.apple.WebKit:Loading] 0x14681a618 - [pageProxyID=801, webPageID=802, PID=11717] WebPageProxy::receivedNavigationActionPolicyDecision: frameID=2, isMainFrame=1, navigationID=1, policyAction=0
2024-10-30 10:19:56.610389-0300 0x1e941    Default     0x0                  11717  0    com.apple.WebKit.WebContent: (WebCore) [com.apple.WebKit:ResourceLoading] 0x10a0f8340 - [pageID=802, frameID=2, isMainFrame=1] FrameLoader::setProvisionalDocumentLoader: Setting provisional document loader to 0x114011000 (was 0x0)
2024-10-30 10:19:56.609783-0300 0x1e407    Default     0x0                  465    0    mDNSResponder: [com.apple.mdns:resolver] [Q37086] Received acceptable 468-byte response from BBFuotdR over HTTPS via en0/12 -- id: 0x0000 (0), flags: 0x8180 (R/Query, RD, RA, NoError), counts: 1/17/0/1, BBkwWtlk IN A?, 27 IN CNAME BBgwyAil, 141 IN A BBFAShrx, 141 IN A BBSiUvoF, 141 IN A BBOsxXHv, 141 IN A BBmDwejz, 141 IN A BBAEdkRI, 141 IN A BBCwQtTA, 141 IN A BBsKwYiC, 141 IN A BBcGUPxT, 141 IN A BBAjenDj, 141 IN A BBYBUyfS, 141 IN A BBmfkhYd, 141 IN A BBSQRfhB, 141 IN A BBLEBPJZ, 141 IN A BBuIdjer, 141 IN A BBoLHIFs, 141 IN A BBPyrgRW, . OPT 512 0 {Padding, [130 B]}
2024-10-30 10:19:56.609907-0300 0xa568     Default     0x0                  4485   0    Safari: (WebKit) [com.apple.WebKit:ProcessSwapping] 0x14681a618 - [pageProxyID=801, webPageID=802, PID=11717] WebPageProxy::decidePolicyForNavigationAction: keep using process 11717 for navigation, reason=Process has not yet committed any provisional loads
2024-10-30 10:19:56.610396-0300 0x1e941    Default     0x0                  11717  0    com.apple.WebKit.WebContent: (WebCore) [com.apple.WebKit:ResourceLoading] 0x10a0f8340 - [pageID=802, frameID=2, isMainFrame=1] FrameLoader::continueLoadAfterNavigationPolicy: Setting provisional document loader (m_provisionalDocumentLoader=0x114011000)
2024-10-30 10:19:56.609972-0300 0x1e410    Default     0x0                  465    0    mDNSResponder: [com.apple.mDNSResponder:Default] [Q37086] Handling concluded querier: BBkwWtlk A IN
2024-10-30 10:19:56.610046-0300 0xa568     Default     0x0                  4485   0    Safari: (WebKit) [com.apple.WebKit:Process] 0x11e001200 - [PID=11717] WebProcessProxy::canTerminateAuxiliaryProcess: returns false (pageCount=1, provisionalPageCount=0, suspendedPageCount=0, m_isInProcessCache=0, m_shutdownPreventingScopeCounter=0)
2024-10-30 10:19:56.610405-0300 0x1e941    Default     0x0                  11717  0    com.apple.WebKit.WebContent: (WebKit) [com.apple.WebKit:ProcessSuspension] 0x15081f008 - [webPageID=802] WebPage::freezeLayerTree: Adding a reason to freeze layer tree (reason=1, new=1, old=0)
2024-10-30 10:19:56.610169-0300 0x1e410    Default     0x0                  465    0    mDNSResponder: [com.apple.mDNSResponder:Default] mDNSCoreReceiveCacheCheck: rescuing RR with new TTL 35: <mask.hash: 'fvmFnEJdCkP2n7Grv6TRHg=='>
2024-10-30 10:19:56.611680-0300 0xa568     Default     0x0                  4485   0    Safari: (WebKit) [com.apple.WebKit:Loading] 0x14681a618 - [pageProxyID=801, webPageID=802, PID=11717] WebPageProxy::didStartProvisionalLoadForFrame: frameID=2, isMainFrame=1
2024-10-30 10:19:56.610417-0300 0x1e941    Default     0x0                  11717  0    com.apple.WebKit.WebContent: (WebCore) [com.apple.WebKit:ResourceLoading] 0x10a0f8340 - [pageID=802, frameID=2, isMainFrame=1] FrameLoader::setPolicyDocumentLoader: Setting policy document loader to 0x0 (was 0x114011000)
2024-10-30 10:19:56.610538-0300 0x1e410    Default     0x0                  465    0    mDNSResponder: (libnetworkextension.dylib) [com.apple.networkextension:] NEHelperTrackerProcessMatch: domain lookup - found match for tracker domain (pid 4485 ) for Web
2024-10-30 10:19:56.611699-0300 0xa568     Default     0x0                  4485   0    Safari: (WebKit) [com.apple.WebKit:PerformanceLogging] 0x12285a008 - WebProcessPool::prewarmProcess: Prewarming a WebProcess for performance
2024-10-30 10:19:56.610660-0300 0x1e941    Default     0x0                  11717  0    com.apple.WebKit.WebContent: (WebCore) [com.apple.WebKit:ResourceLoading] 0x10a0f8340 - [pageID=802, frameID=2, isMainFrame=1] FrameLoader::prepareForLoadStart: Starting frame load
2024-10-30 10:19:56.610928-0300 0x1e407    Default     0x0                  465    0    mDNSResponder: [com.apple.mdns:dnssd_server] [R4621->Q63152] getaddrinfo result -- event: add, ifindex: 0, name: BBgwyAil, type: A, rdata: BBFAShrx, expired: no
2024-10-30 10:19:56.611713-0300 0xa568     Default     0x0                  4485   0    Safari: (WebKit) [com.apple.WebKit:Process] 0x11e0017c0 - [PID=0] WebProcessProxy::constructor:
2024-10-30 10:19:56.610954-0300 0x1e941    Default     0x0                  11717  0    com.apple.WebKit.WebContent: (WebCore) [com.apple.WebKit:Network] 0x10a150180 - ProgressTracker::progressStarted: frame 0x10a060680, value 0.100000, tracked frames 1, originating frame 0x10a060680, isMainLoad 1
2024-10-30 10:19:56.611079-0300 0x1e407    Default     0x0                  465    0    mDNSResponder: [com.apple.mdns:dnssd_server] [R4621->Q63152] getaddrinfo result -- event: add, ifindex: 0, name: BBgwyAil, type: A, rdata: BBSiUvoF, expired: no
2024-10-30 10:19:56.613072-0300 0x1e5d3    Default     0x0                  1029   0    AudioComponentRegistrar: (AudioToolboxCore) [com.apple.coreaudio:AudioCompReg] AudioComponentRegistrar.mm:326   getComponentList includeExtensions: 0 waitForExtensions: 0
2024-10-30 10:19:56.611852-0300 0xa568     Default     0x0                  4485   0    Safari: (libxpc.dylib) [com.apple.xpc:connection] [0x60000060ce10] activating connection: mach=false listener=false peer=false name=com.apple.WebKit.WebContent
2024-10-30 10:19:56.611518-0300 0x1e941    Default     0x0                  11717  0    com.apple.WebKit.WebContent: (WebCore) [com.apple.WebKit:Network] 0x114011000 - [pageID=802, frameID=2, isMainFrame=1] DocumentLoader::startLoadingMainResource: Starting load
2024-10-30 10:19:56.611335-0300 0x1e407    Default     0x0                  465    0    mDNSResponder: [com.apple.mdns:dnssd_server] [R4621->Q63152] getaddrinfo result -- event: add, ifindex: 0, name: BBgwyAil, type: A, rdata: BBOsxXHv, expired: no
2024-10-30 10:19:56.611954-0300 0xa568     Default     0x0                  4485   0    Safari: (WebKit) [com.apple.WebKit:ProcessSuspension] 0x11e01a730 - [PID=0, throttler=0x11e001888] ProcessThrottler::Activity::Activity: Starting foreground activity / 'WebProcess initialization'
2024-10-30 10:19:56.611588-0300 0x1e407    Default     0x0                  465    0    mDNSResponder: [com.apple.mdns:dnssd_server] [R4621->Q63152] getaddrinfo result -- event: add, ifindex: 0, name: BBgwyAil, type: A, rdata: BBmDwejz, expired: no
2024-10-30 10:19:56.612761-0300 0xa568     Default     0x0                  4485   0    Safari: (MediaToolbox) [com.apple.coremedia:] <<<< Alt >>>> fpSupport_GetVideoRangeForCoreDisplayWithPreference: displayID 1 reported potentialHeadRoom=2 wideColorSupported=YES marz=NO almd=NO deviceAllowsHDR=YES isBuiltinPanel=YES externalPanel=YES prefersHDR10=NO
2024-10-30 10:19:56.611863-0300 0x1e407    Default     0x0                  465    0    mDNSResponder: [com.apple.mdns:dnssd_server] [R4621->Q63152] getaddrinfo result -- event: add, ifindex: 0, name: BBgwyAil, type: A, rdata: BBAEdkRI, expired: no
2024-10-30 10:19:56.612839-0300 0xa568     Default     0x0                  4485   0    Safari: (MediaToolbox) [com.apple.coremedia:] <<<< Alt >>>> fpSupport_GetVideoRangeForCoreDisplayWithPreference: displayID 2 reported potentialHeadRoom=1 wideColorSupported=NO marz=NO almd=NO deviceAllowsHDR=YES isBuiltinPanel=NO externalPanel=YES prefersHDR10=NO
2024-10-30 10:19:56.612141-0300 0x1e407    Default     0x0                  465    0    mDNSResponder: [com.apple.mdns:dnssd_server] [R4621->Q63152] getaddrinfo result -- event: add, ifindex: 0, name: BBgwyAil, type: A, rdata: BBCwQtTA, expired: no
2024-10-30 10:19:56.612900-0300 0xa568     Default     0x0                  4485   0    Safari: (WebKit) [com.apple.WebKit:Loading] 0x11e001200 - [PID=11717] WebProcessProxy::didStartProvisionalLoadForMainFrame:
2024-10-30 10:19:56.612415-0300 0x1e407    Default     0x0                  465    0    mDNSResponder: [com.apple.mdns:dnssd_server] [R4621->Q63152] getaddrinfo result -- event: add, ifindex: 0, name: BBgwyAil, type: A, rdata: BBsKwYiC, expired: no
2024-10-30 10:19:56.613112-0300 0xa568     Default     0x0                  4485   0    Safari: (ShareKit) [com.apple.sharekit:Framework] filteredItemsFromItems:<private> [4485]--> <private>
2024-10-30 10:19:56.612698-0300 0x1e407    Default     0x0                  465    0    mDNSResponder: [com.apple.mdns:dnssd_server] [R4621->Q63152] getaddrinfo result -- event: add, ifindex: 0, name: BBgwyAil, type: A, rdata: BBcGUPxT, expired: no
2024-10-30 10:19:56.613133-0300 0xa568     Default     0x0                  4485   0    Safari: (ShareKit) [com.apple.sharekit:Framework] Requesting sharingServicesForFilteredItems:<private> mask:<private>
2024-10-30 10:19:56.613016-0300 0x1e407    Default     0x0                  465    0    mDNSResponder: [com.apple.mdns:dnssd_server] [R4621->Q63152] getaddrinfo result -- event: add, ifindex: 0, name: BBgwyAil, type: A, rdata: BBAjenDj, expired: no
2024-10-30 10:19:56.613195-0300 0xa568     Default     0x0                  4485   0    Safari: (ShareKit) [com.apple.sharekit:Framework] Query extensions (async) for items: <private> onlyViewerOrEditor:1
2024-10-30 10:19:56.613327-0300 0x1e407    Default     0x0                  465    0    mDNSResponder: [com.apple.mdns:dnssd_server] [R4621->Q63152] getaddrinfo result -- event: add, ifindex: 0, name: BBgwyAil, type: A, rdata: BBYBUyfS, expired: no
2024-10-30 10:19:56.613496-0300 0xa568     Default     0x0                  4485   0    Safari: (ShareKit) [com.apple.sharekit:Framework] filteredItemsFromItems:<private> [4485]--> <private>
2024-10-30 10:19:56.613690-0300 0x1e407    Default     0x0                  465    0    mDNSResponder: [com.apple.mdns:dnssd_server] [R4621->Q63152] getaddrinfo result -- event: add, ifindex: 0, name: BBgwyAil, type: A, rdata: BBmfkhYd, expired: no
2024-10-30 10:19:56.613743-0300 0xa568     Default     0x0                  4485   0    Safari: (ShareKit) [com.apple.sharekit:Framework] Requesting sharingServicesForFilteredItems:<private> mask:<private>
2024-10-30 10:19:56.613846-0300 0x1e407    Default     0x0                  465    0    mDNSResponder: [com.apple.mdns:dnssd_server] [R4621->Q63152] getaddrinfo result -- event: add, ifindex: 0, name: BBgwyAil, type: A, rdata: BBSQRfhB, expired: no
2024-10-30 10:19:56.613919-0300 0xa568     Default     0x0                  4485   0    Safari: (ShareKit) [com.apple.sharekit:Framework] Query extensions (async) for items: <private> onlyViewerOrEditor:1
2024-10-30 10:19:56.614920-0300 0x1e967    Activity    0x59ee0              11718  0    xpcproxy: (libsystem_info.dylib) Retrieve User by ID
2024-10-30 10:19:56.615239-0300 0x1e950    Error       0x0                  0      0    kernel: (Sandbox) Sandbox: com.apple.WebKit.Networking(4490) deny(1) mach-lookup com.apple.diagnosticd
2024-10-30 10:19:56.614120-0300 0xa568     Default     0x0                  4485   0    Safari: (ShareKit) [com.apple.sharekit:Framework] filteredItemsFromItems:<private> [4485]--> <private>
2024-10-30 10:19:56.614020-0300 0x1e407    Default     0x0                  465    0    mDNSResponder: [com.apple.mdns:dnssd_server] [R4621->Q63152] getaddrinfo result -- event: add, ifindex: 0, name: BBgwyAil, type: A, rdata: BBLEBPJZ, expired: no
2024-10-30 10:19:56.614275-0300 0xa568     Default     0x0                  4485   0    Safari: (ShareKit) [com.apple.sharekit:Framework] Requesting sharingServicesForFilteredItems:<private> mask:<private>
2024-10-30 10:19:56.615556-0300 0x1e967    Activity    0x59ee1              11718  0    xpcproxy: (libsystem_info.dylib) Resolve user group list
2024-10-30 10:19:56.614209-0300 0x1e407    Default     0x0                  465    0    mDNSResponder: [com.apple.mdns:dnssd_server] [R4621->Q63152] getaddrinfo result -- event: add, ifindex: 0, name: BBgwyAil, type: A, rdata: BBuIdjer, expired: no
2024-10-30 10:19:56.614449-0300 0xa568     Default     0x0                  4485   0    Safari: (ShareKit) [com.apple.sharekit:Framework] Query extensions (async) for items: <private> onlyViewerOrEditor:1
2024-10-30 10:19:56.615791-0300 0x1e967    Activity    0x59ee2              11718  0    xpcproxy: (libsystem_info.dylib) Membership API: translate identifier
2024-10-30 10:19:56.614382-0300 0x1e407    Default     0x0                  465    0    mDNSResponder: [com.apple.mdns:dnssd_server] [R4621->Q63152] getaddrinfo result -- event: add, ifindex: 0, name: BBgwyAil, type: A, rdata: BBoLHIFs, expired: no
2024-10-30 10:19:56.614139-0300 0x1e8d2    Default     0x0                  4485   0    Safari: (ShareKit) [com.apple.sharekit:Framework] Matching dictionary: <private>, attributesArray: <private>
2024-10-30 10:19:56.614542-0300 0x1e407    Default     0x0                  465    0    mDNSResponder: [com.apple.mdns:dnssd_server] [R4621->Q63152] getaddrinfo result -- event: add, ifindex: 0, name: BBgwyAil, type: A, rdata: BBPyrgRW, expired: no
